Component: Arm Compiler for Embedded 6.23 Tool: armlink [5f102400]

==============================================================================

Section Cross References

    startup_at32f415.o(RESET) refers to startup_at32f415.o(STACK) for __initial_sp
    startup_at32f415.o(RESET) refers to startup_at32f415.o(.text) for Reset_Handler
    startup_at32f415.o(RESET) refers to lto-llvm-44c51f.o(.text.NMI_Handler) for NMI_Handler
    startup_at32f415.o(RESET) refers to lto-llvm-44c51f.o(.text.HardFault_Handler) for HardFault_Handler
    startup_at32f415.o(RESET) refers to lto-llvm-44c51f.o(.text.MemManage_Handler) for MemManage_Handler
    startup_at32f415.o(RESET) refers to lto-llvm-44c51f.o(.text.BusFault_Handler) for BusFault_Handler
    startup_at32f415.o(RESET) refers to lto-llvm-44c51f.o(.text.UsageFault_Handler) for UsageFault_Handler
    startup_at32f415.o(RESET) refers to lto-llvm-44c51f.o(.text.SVC_Handler) for SVC_Handler
    startup_at32f415.o(RESET) refers to lto-llvm-44c51f.o(.text.DebugMon_Handler) for DebugMon_Handler
    startup_at32f415.o(RESET) refers to lto-llvm-44c51f.o(.text.PendSV_Handler) for PendSV_Handler
    startup_at32f415.o(RESET) refers to systick_wrapper_gnu.o(.text) for SysTick_Handler
    startup_at32f415.o(RESET) refers to lto-llvm-44c51f.o(.text.TMR2_GLOBAL_IRQHandler) for TMR2_GLOBAL_IRQHandler
    startup_at32f415.o(RESET) refers to lto-llvm-44c51f.o(.text.TMR3_GLOBAL_IRQHandler) for TMR3_GLOBAL_IRQHandler
    startup_at32f415.o(RESET) refers to lto-llvm-44c51f.o(.text.USART1_IRQHandler) for USART1_IRQHandler
    startup_at32f415.o(.text) refers to lto-llvm-44c51f.o(.text.SystemInit) for SystemInit
    startup_at32f415.o(.text) refers to entry.o(.ARM.Collect$$$$00000000) for __main
    systick_wrapper_gnu.o(.text) refers to lto-llvm-44c51f.o(.text.perfc_port_insert_to_system_timer_insert_ovf_handler) for perfc_port_insert_to_system_timer_insert_ovf_handler
    systick_wrapper_gnu.o(.text) refers to lto-llvm-44c51f.o(.text.SysTick_Handler) for $Super$$SysTick_Handler
    entry.o(.ARM.Collect$$$$00000000) refers (Special) to entry10a.o(.ARM.Collect$$$$0000000D) for __rt_final_cpp
    entry.o(.ARM.Collect$$$$00000000) refers (Special) to entry11a.o(.ARM.Collect$$$$0000000F) for __rt_final_exit
    entry.o(.ARM.Collect$$$$00000000) refers (Special) to entry7b.o(.ARM.Collect$$$$00000008) for _main_clock
    entry.o(.ARM.Collect$$$$00000000) refers (Special) to entry8b.o(.ARM.Collect$$$$0000000A) for _main_cpp_init
    entry.o(.ARM.Collect$$$$00000000) refers (Special) to entry9a.o(.ARM.Collect$$$$0000000B) for _main_init
    entry.o(.ARM.Collect$$$$00000000) refers (Special) to entry5.o(.ARM.Collect$$$$00000004) for _main_scatterload
    entry.o(.ARM.Collect$$$$00000000) refers (Special) to entry2.o(.ARM.Collect$$$$00000001) for _main_stk
    fputs.o(i.fputs) refers to lto-llvm-44c51f.o(.text.fputc) for fputc
    fputs_e.o(.text) refers to lto-llvm-44c51f.o(.text.fputc) for fputc
    printfa.o(i.__0fprintf) refers (Special) to iusefp.o(.text) for __I$use$fp
    printfa.o(i.__0fprintf) refers to printfa.o(i._printf_core) for _printf_core
    printfa.o(i.__0fprintf) refers to lto-llvm-44c51f.o(.text.fputc) for fputc
    printfa.o(i.__0printf) refers (Special) to iusefp.o(.text) for __I$use$fp
    printfa.o(i.__0printf) refers to printfa.o(i._printf_core) for _printf_core
    printfa.o(i.__0printf) refers to lto-llvm-44c51f.o(.text.fputc) for fputc
    printfa.o(i.__0printf) refers to stdout.o(.data) for __stdout
    printfa.o(i.__0snprintf) refers (Special) to iusefp.o(.text) for __I$use$fp
    printfa.o(i.__0snprintf) refers to printfa.o(i._printf_core) for _printf_core
    printfa.o(i.__0snprintf) refers to printfa.o(i._snputc) for _snputc
    printfa.o(i.__0sprintf) refers (Special) to iusefp.o(.text) for __I$use$fp
    printfa.o(i.__0sprintf) refers to printfa.o(i._printf_core) for _printf_core
    printfa.o(i.__0sprintf) refers to printfa.o(i._sputc) for _sputc
    printfa.o(i.__0vfprintf) refers (Special) to iusefp.o(.text) for __I$use$fp
    printfa.o(i.__0vfprintf) refers to printfa.o(i._printf_core) for _printf_core
    printfa.o(i.__0vfprintf) refers to lto-llvm-44c51f.o(.text.fputc) for fputc
    printfa.o(i.__0vprintf) refers (Special) to iusefp.o(.text) for __I$use$fp
    printfa.o(i.__0vprintf) refers to printfa.o(i._printf_core) for _printf_core
    printfa.o(i.__0vprintf) refers to lto-llvm-44c51f.o(.text.fputc) for fputc
    printfa.o(i.__0vprintf) refers to stdout.o(.data) for __stdout
    printfa.o(i.__0vsnprintf) refers (Special) to iusefp.o(.text) for __I$use$fp
    printfa.o(i.__0vsnprintf) refers to printfa.o(i._printf_core) for _printf_core
    printfa.o(i.__0vsnprintf) refers to printfa.o(i._snputc) for _snputc
    printfa.o(i.__0vsprintf) refers (Special) to iusefp.o(.text) for __I$use$fp
    printfa.o(i.__0vsprintf) refers to printfa.o(i._printf_core) for _printf_core
    printfa.o(i.__0vsprintf) refers to printfa.o(i._sputc) for _sputc
[...]
    [Anonymous Symbol]                       0x20000647   Section        0  lto-llvm-44c51f.o(.bss.chUsart1TxBuffer)
    disp_digit_all.step_n                    0x20000a47   Data           1  lto-llvm-44c51f.o(.bss.disp_digit_all.step_n)
    [Anonymous Symbol]                       0x20000a47   Section        0  lto-llvm-44c51f.o(.bss.disp_digit_all.step_n)
    dispmenu_pageoption.step_n               0x20000a48   Data           1  lto-llvm-44c51f.o(.bss.dispmenu_pageoption.step_n)
    [Anonymous Symbol]                       0x20000a48   Section        0  lto-llvm-44c51f.o(.bss.dispmenu_pageoption.step_n)
    fan_control.control_step                 0x20000a49   Data           1  lto-llvm-44c51f.o(.bss.fan_control.control_step)
    [Anonymous Symbol]                       0x20000a49   Section        0  lto-llvm-44c51f.o(.bss.fan_control.control_step)
    fan_control.fan_run_flag                 0x20000a4a   Data           1  lto-llvm-44c51f.o(.bss.fan_control.fan_run_flag)
    [Anonymous Symbol]                       0x20000a4a   Section        0  lto-llvm-44c51f.o(.bss.fan_control.fan_run_flag)
    feed_dog_task.first_in                   0x20000a4b   Data           1  lto-llvm-44c51f.o(.bss.feed_dog_task.first_in)
    [Anonymous Symbol]                       0x20000a4b   Section        0  lto-llvm-44c51f.o(.bss.feed_dog_task.first_in)
    g_air_ec11_analyze_result                0x20000a4c   Data           1  lto-llvm-44c51f.o(.bss.g_air_ec11_analyze_result)
    [Anonymous Symbol]                       0x20000a4c   Section        0  lto-llvm-44c51f.o(.bss.g_air_ec11_analyze_result)
    g_lLastTimeStamp                         0x20000a50   Data           8  lto-llvm-44c51f.o(.bss.g_lLastTimeStamp)
    [Anonymous Symbol]                       0x20000a50   Section        0  lto-llvm-44c51f.o(.bss.g_lLastTimeStamp)
    g_nOffset                                0x20000a58   Data           4  lto-llvm-44c51f.o(.bss.g_nOffset)
    [Anonymous Symbol]                       0x20000a58   Section        0  lto-llvm-44c51f.o(.bss.g_nOffset)
    get_air_handle_error_state.get_step      0x20000a5c   Data           1  lto-llvm-44c51f.o(.bss.get_air_handle_error_state.get_step)
    [Anonymous Symbol]                       0x20000a5c   Section        0  lto-llvm-44c51f.o(.bss.get_air_handle_error_state.get_step)
    get_air_handle_position.test_time        0x20000a5d   Data           1  lto-llvm-44c51f.o(.bss.get_air_handle_position.test_time)
    [Anonymous Symbol]                       0x20000a5d   Section        0  lto-llvm-44c51f.o(.bss.get_air_handle_position.test_time)
    get_air_handle_position.test_time1       0x20000a5e   Data           1  lto-llvm-44c51f.o(.bss.get_air_handle_position.test_time1)
    [Anonymous Symbol]                       0x20000a5e   Section        0  lto-llvm-44c51f.o(.bss.get_air_handle_position.test_time1)
    get_air_handle_work_state.first_state    0x20000a5f   Data           1  lto-llvm-44c51f.o(.bss.get_air_handle_work_state.first_state)
    [Anonymous Symbol]                       0x20000a5f   Section        0  lto-llvm-44c51f.o(.bss.get_air_handle_work_state.first_state)
    get_key.set_done                         0x20000a60   Data           1  lto-llvm-44c51f.o(.bss.get_key.set_done)
    [Anonymous Symbol]                       0x20000a60   Section        0  lto-llvm-44c51f.o(.bss.get_key.set_done)
    get_sol_handle_state.no_sleep_times      0x20000a61   Data           1  lto-llvm-44c51f.o(.bss.get_sol_handle_state.no_sleep_times)
    [Anonymous Symbol]                       0x20000a61   Section        0  lto-llvm-44c51f.o(.bss.get_sol_handle_state.no_sleep_times)
    get_sol_handle_state.sleep_times         0x20000a62   Data           1  lto-llvm-44c51f.o(.bss.get_sol_handle_state.sleep_times)
    [Anonymous Symbol]                       0x20000a62   Section        0  lto-llvm-44c51f.o(.bss.get_sol_handle_state.sleep_times)
    iap_flag                                 0x20000a63   Data           1  lto-llvm-44c51f.o(.bss.iap_flag)
    [Anonymous Symbol]                       0x20000a63   Section        0  lto-llvm-44c51f.o(.bss.iap_flag)
    EventBuffer                              0x20000a80   Data        1024  lto-llvm-44c51f.o(.bss.noinit)
    [Anonymous Symbol]                       0x20000a80   Section        0  lto-llvm-44c51f.o(.bss.noinit)
    EventFilter                              0x20000e80   Data         128  lto-llvm-44c51f.o(.bss.noinit)
    EventStatus                              0x20000f00   Data          36  lto-llvm-44c51f.o(.bss.noinit)
    object                                   0x20000f24   Data         196  lto-llvm-44c51f.o(.bss.object)
    [Anonymous Symbol]                       0x20000f24   Section        0  lto-llvm-44c51f.o(.bss.object)
    over_load                                0x20000fe8   Data          48  lto-llvm-44c51f.o(.bss.over_load)
    [Anonymous Symbol]                       0x20000fe8   Section        0  lto-llvm-44c51f.o(.bss.over_load)
    pc_comm_handle.time                      0x20001018   Data           1  lto-llvm-44c51f.o(.bss.pc_comm_handle.time)
    [Anonymous Symbol]                       0x20001018   Section        0  lto-llvm-44c51f.o(.bss.pc_comm_handle.time)
    pc_data                                  0x2000101c   Data         532  lto-llvm-44c51f.o(.bss.pc_data)
    [Anonymous Symbol]                       0x2000101c   Section        0  lto-llvm-44c51f.o(.bss.pc_data)
    sFWDS201_t                               0x20001230   Data         292  lto-llvm-44c51f.o(.bss.sFWDS201_t)
    [Anonymous Symbol]                       0x20001230   Section        0  lto-llvm-44c51f.o(.bss.sFWDS201_t)
    s_lOldTimestamp                          0x20001358   Data           8  lto-llvm-44c51f.o(.bss.s_lOldTimestamp)
    [Anonymous Symbol]                       0x20001358   Section        0  lto-llvm-44c51f.o(.bss.s_lOldTimestamp)
    s_lOldTimestampMS                        0x20001360   Data           8  lto-llvm-44c51f.o(.bss.s_lOldTimestampMS)
    [Anonymous Symbol]                       0x20001360   Section        0  lto-llvm-44c51f.o(.bss.s_lOldTimestampMS)
    s_lOldTimestampUS                        0x20001368   Data           8  lto-llvm-44c51f.o(.bss.s_lOldTimestampUS)
    [Anonymous Symbol]                       0x20001368   Section        0  lto-llvm-44c51f.o(.bss.s_lOldTimestampUS)
    s_lSystemClockCounts                     0x20001370   Data           8  lto-llvm-44c51f.o(.bss.s_lSystemClockCounts)
    [Anonymous Symbol]                       0x20001370   Section        0  lto-llvm-44c51f.o(.bss.s_lSystemClockCounts)
    s_lSystemMS                              0x20001378   Data           8  lto-llvm-44c51f.o(.bss.s_lSystemMS)
    [Anonymous Symbol]                       0x20001378   Section        0  lto-llvm-44c51f.o(.bss.s_lSystemMS)
    s_lSystemUS                              0x20001380   Data           8  lto-llvm-44c51f.o(.bss.s_lSystemUS)
    [Anonymous Symbol]                       0x20001380   Section        0  lto-llvm-44c51f.o(.bss.s_lSystemUS)
    s_wMSResidule                            0x20001388   Data           4  lto-llvm-44c51f.o(.bss.s_wMSResidule)
    [Anonymous Symbol]                       0x20001388   Section        0  lto-llvm-44c51f.o(.bss.s_wMSResidule)
    s_wUSResidule                            0x2000138c   Data           4  lto-llvm-44c51f.o(.bss.s_wUSResidule)
    [Anonymous Symbol]                       0x2000138c   Section        0  lto-llvm-44c51f.o(.bss.s_wUSResidule)
    sol_115_handle_pid                       0x20001390   Data          44  lto-llvm-44c51f.o(.bss.sol_115_handle_pid)
    [Anonymous Symbol]                       0x20001390   Section        0  lto-llvm-44c51f.o(.bss.sol_115_handle_pid)
    sol_210_handle_pid                       0x200013bc   Data          44  lto-llvm-44c51f.o(.bss.sol_210_handle_pid)
    [Anonymous Symbol]                       0x200013bc   Section        0  lto-llvm-44c51f.o(.bss.sol_210_handle_pid)
    sol_pwm_control.constant_temp_flag       0x200013e8   Data           1  lto-llvm-44c51f.o(.bss.sol_pwm_control.constant_temp_flag)
    [Anonymous Symbol]                       0x200013e8   Section        0  lto-llvm-44c51f.o(.bss.sol_pwm_control.constant_temp_flag)
    sol_pwm_control.last_set_temp            0x200013ec   Data           4  lto-llvm-44c51f.o(.bss.sol_pwm_control.last_set_temp)
    [Anonymous Symbol]                       0x200013ec   Section        0  lto-llvm-44c51f.o(.bss.sol_pwm_control.last_set_temp)
    sol_pwm_control.temp                     0x200013f0   Data           4  lto-llvm-44c51f.o(.bss.sol_pwm_control.temp)
    [Anonymous Symbol]                       0x200013f0   Section        0  lto-llvm-44c51f.o(.bss.sol_pwm_control.temp)
    sol_rpc_control.rpc_times                0x200013f4   Data           1  lto-llvm-44c51f.o(.bss.sol_rpc_control.rpc_times)
    [Anonymous Symbol]                       0x200013f4   Section        0  lto-llvm-44c51f.o(.bss.sol_rpc_control.rpc_times)
    sol_sleep_control.first_in               0x200013f5   Data           1  lto-llvm-44c51f.o(.bss.sol_sleep_control.first_in)
    [Anonymous Symbol]                       0x200013f5   Section        0  lto-llvm-44c51f.o(.bss.sol_sleep_control.first_in)
    sol_sleep_control.first_sleep            0x200013f6   Data           1  lto-llvm-44c51f.o(.bss.sol_sleep_control.first_sleep)
    [Anonymous Symbol]                       0x200013f6   Section        0  lto-llvm-44c51f.o(.bss.sol_sleep_control.first_sleep)
    sol_sleep_control.time_count_ms          0x200013f8   Data           2  lto-llvm-44c51f.o(.bss.sol_sleep_control.time_count_ms)
    [Anonymous Symbol]                       0x200013f8   Section        0  lto-llvm-44c51f.o(.bss.sol_sleep_control.time_count_ms)
    sol_sleep_control.time_count_s           0x200013fa   Data           1  lto-llvm-44c51f.o(.bss.sol_sleep_control.time_count_s)
    [Anonymous Symbol]                       0x200013fa   Section        0  lto-llvm-44c51f.o(.bss.sol_sleep_control.time_count_s)
    sol_sleep_control.wake_up_flag           0x200013fb   Data           1  lto-llvm-44c51f.o(.bss.sol_sleep_control.wake_up_flag)
    [Anonymous Symbol]                       0x200013fb   Section        0  lto-llvm-44c51f.o(.bss.sol_sleep_control.wake_up_flag)
    sol_temp                                 0x200013fc   Data          48  lto-llvm-44c51f.o(.bss.sol_temp)
    [Anonymous Symbol]                       0x200013fc   Section        0  lto-llvm-44c51f.o(.bss.sol_temp)
    sol_temp_ec11_analyze_result             0x2000142c   Data           1  lto-llvm-44c51f.o(.bss.sol_temp_ec11_analyze_result)
    [Anonymous Symbol]                       0x2000142c   Section        0  lto-llvm-44c51f.o(.bss.sol_temp_ec11_analyze_result)
    sol_temp_ec11_event_handle.delay_time    0x2000142d   Data           1  lto-llvm-44c51f.o(.bss.sol_temp_ec11_event_handle.delay_time)
    [Anonymous Symbol]                       0x2000142d   Section        0  lto-llvm-44c51f.o(.bss.sol_temp_ec11_event_handle.delay_time)
    tUart4Buffer                             0x20001430   Data          36  lto-llvm-44c51f.o(.bss.tUart4Buffer)
    [Anonymous Symbol]                       0x20001430   Section        0  lto-llvm-44c51f.o(.bss.tUart4Buffer)
    tUart5Buffer                             0x20001454   Data          36  lto-llvm-44c51f.o(.bss.tUart5Buffer)
    [Anonymous Symbol]                       0x20001454   Section        0  lto-llvm-44c51f.o(.bss.tUart5Buffer)
    tUsart1Buffer                            0x20001478   Data          36  lto-llvm-44c51f.o(.bss.tUsart1Buffer)
    [Anonymous Symbol]                       0x20001478   Section        0  lto-llvm-44c51f.o(.bss.tUsart1Buffer)
    tUsart2Buffer                            0x2000149c   Data          36  lto-llvm-44c51f.o(.bss.tUsart2Buffer)
    [Anonymous Symbol]                       0x2000149c   Section        0  lto-llvm-44c51f.o(.bss.tUsart2Buffer)
    tUsart3Buffer                            0x200014c0   Data          36  lto-llvm-44c51f.o(.bss.tUsart3Buffer)
    [Anonymous Symbol]                       0x200014c0   Section        0  lto-llvm-44c51f.o(.bss.tUsart3Buffer)
    timebase_ticks                           0x200014e4   Data           4  lto-llvm-44c51f.o(.bss.timebase_ticks)
    [Anonymous Symbol]                       0x200014e4   Section        0  lto-llvm-44c51f.o(.bss.timebase_ticks)
    tmr2_ch1_readvalue                       0x200014e8   Data           4  lto-llvm-44c51f.o(.bss.tmr2_ch1_readvalue)
    [Anonymous Symbol]                       0x200014e8   Section        0  lto-llvm-44c51f.o(.bss.tmr2_ch1_readvalue)
    tmt                                      0x200014ec   Data          24  lto-llvm-44c51f.o(.bss.tmt)
    [Anonymous Symbol]                       0x200014ec   Section        0  lto-llvm-44c51f.o(.bss.tmt)
    STACK                                    0x20001508   Section     1024  startup_at32f415.o(STACK)

    Global Symbols

    Symbol Name                              Value     Ov Type        Size  Object(Section)

    BuildAttributes$$THM_ISAv4$E$P$D$K$B$S$7EM$PE$A:L22UL41UL21$X:L11$S22US41US21$IEEE1$IW$~IW$USESV6$~STKCKD$USESV7$~SHL$OTIME$ROPI$IEEEF$EBA8$MICROLIB$REQ8$PRES8$EABIv2 0x00000000   Number         0  anon$$obj.o ABSOLUTE
    __cxa_finalize                            - Undefined Weak Reference
    _clock_init                               - Undefined Weak Reference
    _microlib_exit                            - Undefined Weak Reference
    __Vectors_Size                           0x00000170   Number         0  startup_at32f415.o ABSOLUTE
    __Vectors                                0x08004000   Data           4  startup_at32f415.o(RESET)
    __Vectors_End                            0x08004170   Data           0  startup_at32f415.o(RESET)
    __main                                   0x08004171   Thumb Code     0  entry.o(.ARM.Collect$$$$00000000)
    _main_stk                                0x08004171   Thumb Code     0  entry2.o(.ARM.Collect$$$$00000001)
    _main_scatterload                        0x08004175   Thumb Code     0  entry5.o(.ARM.Collect$$$$00000004)
    __main_after_scatterload                 0x08004179   Thumb Code     0  entry5.o(.ARM.Collect$$$$00000004)
    _main_clock                              0x08004179   Thumb Code     0  entry7b.o(.ARM.Collect$$$$00000008)
    _main_cpp_init$empty                     0x08004179   Thumb Code     0  entry8a.o(.ARM.Collect$$$$00000009)
    _main_cpp_init                           0x0800417d   Thumb Code     0  entry8b.o(.ARM.Collect$$$$0000000A)
    _main_init                               0x0800417d   Thumb Code     0  entry9a.o(.ARM.Collect$$$$0000000B)
    __rt_final_cpp                           0x08004185   Thumb Code     0  entry10a.o(.ARM.Collect$$$$0000000D)
    __rt_final_exit                          0x08004185   Thumb Code     0  entry11a.o(.ARM.Collect$$$$0000000F)
    Reset_Handler                            0x08004189   Thumb Code     8  startup_at32f415.o(.text)
    ADC1_IRQHandler                          0x080041a3   Thumb Code     0  startup_at32f415.o(.text)
    CAN1_RX0_IRQHandler                      0x080041a3   Thumb Code     0  startup_at32f415.o(.text)
    CAN1_RX1_IRQHandler                      0x080041a3   Thumb Code     0  startup_at32f415.o(.text)
    CAN1_SE_IRQHandler                       0x080041a3   Thumb Code     0  startup_at32f415.o(.text)
    CAN1_TX_IRQHandler                       0x080041a3   Thumb Code     0  startup_at32f415.o(.text)
    CMP1_IRQHandler                          0x080041a3   Thumb Code     0  startup_at32f415.o(.text)
    CMP2_IRQHandler                          0x080041a3   Thumb Code     0  startup_at32f415.o(.text)
    CRM_IRQHandler                           0x080041a3   Thumb Code     0  startup_at32f415.o(.text)
    DMA1_Channel1_IRQHandler                 0x080041a3   Thumb Code     0  startup_at32f415.o(.text)
    DMA1_Channel2_IRQHandler                 0x080041a3   Thumb Code     0  startup_at32f415.o(.text)
    DMA1_Channel3_IRQHandler                 0x080041a3   Thumb Code     0  startup_at32f415.o(.text)
    DMA1_Channel4_IRQHandler                 0x080041a3   Thumb Code     0  startup_at32f415.o(.text)
    DMA1_Channel5_IRQHandler                 0x080041a3   Thumb Code     0  startup_at32f415.o(.text)
    DMA1_Channel6_IRQHandler                 0x080041a3   Thumb Code     0  startup_at32f415.o(.text)
    DMA1_Channel7_IRQHandler                 0x080041a3   Thumb Code     0  startup_at32f415.o(.text)
    DMA2_Channel1_IRQHandler                 0x080041a3   Thumb Code     0  startup_at32f415.o(.text)
    DMA2_Channel2_IRQHandler                 0x080041a3   Thumb Code     0  startup_at32f415.o(.text)
    DMA2_Channel3_IRQHandler                 0x080041a3   Thumb Code     0  startup_at32f415.o(.text)
    DMA2_Channel4_5_IRQHandler               0x080041a3   Thumb Code     0  startup_at32f415.o(.text)
    DMA2_Channel6_7_IRQHandler               0x080041a3   Thumb Code     0  startup_at32f415.o(.text)
    ERTCAlarm_IRQHandler                     0x080041a3   Thumb Code     0  startup_at32f415.o(.text)
    ERTC_WKUP_IRQHandler                     0x080041a3   Thumb Code     0  startup_at32f415.o(.text)
    EXINT0_IRQHandler                        0x080041a3   Thumb Code     0  startup_at32f415.o(.text)
    EXINT15_10_IRQHandler                    0x080041a3   Thumb Code     0  startup_at32f415.o(.text)
    EXINT1_IRQHandler                        0x080041a3   Thumb Code     0  startup_at32f415.o(.text)
    EXINT2_IRQHandler                        0x080041a3   Thumb Code     0  startup_at32f415.o(.text)
    EXINT3_IRQHandler                        0x080041a3   Thumb Code     0  startup_at32f415.o(.text)
    EXINT4_IRQHandler                        0x080041a3   Thumb Code     0  startup_at32f415.o(.text)
    EXINT9_5_IRQHandler                      0x080041a3   Thumb Code     0  startup_at32f415.o(.text)
    FLASH_IRQHandler                         0x080041a3   Thumb Code     0  startup_at32f415.o(.text)
    I2C1_ERR_IRQHandler                      0x080041a3   Thumb Code     0  startup_at32f415.o(.text)
    I2C1_EVT_IRQHandler                      0x080041a3   Thumb Code     0  startup_at32f415.o(.text)
    I2C2_ERR_IRQHandler                      0x080041a3   Thumb Code     0  startup_at32f415.o(.text)
    I2C2_EVT_IRQHandler                      0x080041a3   Thumb Code     0  startup_at32f415.o(.text)
    OTGFS1_IRQHandler                        0x080041a3   Thumb Code     0  startup_at32f415.o(.text)
    OTGFS1_WKUP_IRQHandler                   0x080041a3   Thumb Code     0  startup_at32f415.o(.text)
    PVM_IRQHandler                           0x080041a3   Thumb Code     0  startup_at32f415.o(.text)
    SDIO1_IRQHandler                         0x080041a3   Thumb Code     0  startup_at32f415.o(.text)
    SPI1_IRQHandler                          0x080041a3   Thumb Code     0  startup_at32f415.o(.text)
    SPI2_IRQHandler                          0x080041a3   Thumb Code     0  startup_at32f415.o(.text)
    TAMP_STAMP_IRQHandler                    0x080041a3   Thumb Code     0  startup_at32f415.o(.text)
    TMR1_BRK_TMR9_IRQHandler                 0x080041a3   Thumb Code     0  startup_at32f415.o(.text)
    TMR1_CH_IRQHandler                       0x080041a3   Thumb Code     0  startup_at32f415.o(.text)
    TMR1_OVF_TMR10_IRQHandler                0x080041a3   Thumb Code     0  startup_at32f415.o(.text)
    TMR1_TRG_HALL_TMR11_IRQHandler           0x080041a3   Thumb Code     0  startup_at32f415.o(.text)
    TMR4_GLOBAL_IRQHandler                   0x080041a3   Thumb Code     0  startup_at32f415.o(.text)
    TMR5_GLOBAL_IRQHandler                   0x080041a3   Thumb Code     0  startup_at32f415.o(.text)
    UART4_IRQHandler                         0x080041a3   Thumb Code     0  startup_at32f415.o(.text)
    UART5_IRQHandler                         0x080041a3   Thumb Code     0  startup_at32f415.o(.text)
    USART2_IRQHandler                        0x080041a3   Thumb Code     0  startup_at32f415.o(.text)
    USART3_IRQHandler                        0x080041a3   Thumb Code     0  startup_at32f415.o(.text)
    WWDT_IRQHandler                          0x080041a3   Thumb Code     0  startup_at32f415.o(.text)
    SysTick_Handler                          0x080041ad   Thumb Code     0  systick_wrapper_gnu.o(.text)
    __ensure_systick_wrapper                 0x080041bf   Thumb Code     0  systick_wrapper_gnu.o(.text)
    __aeabi_uldivmod                         0x080041c9   Thumb Code    98  uldiv.o(.text)
    __I$use$fp                               0x0800422b   Thumb Code     0  iusefp.o(.text)
    __aeabi_dadd                             0x0800422b   Thumb Code   322  dadd.o(.text)
    __aeabi_dsub                             0x0800436d   Thumb Code     6  dadd.o(.text)
    __aeabi_drsub                            0x08004373   Thumb Code     6  dadd.o(.text)
    __aeabi_dmul                             0x08004379   Thumb Code   228  dmul.o(.text)
    __aeabi_ddiv                             0x0800445d   Thumb Code   222  ddiv.o(.text)
    __scatterload                            0x0800453d   Thumb Code    38  init.o(.text)
    __scatterload_rt2                        0x0800453d   Thumb Code     0  init.o(.text)
    __aeabi_llsl                             0x0800456d   Thumb Code    30  llshl.o(.text)
    _ll_shift_l                              0x0800456d   Thumb Code     0  llshl.o(.text)
    __aeabi_llsr                             0x0800458b   Thumb Code    32  llushr.o(.text)
    _ll_ushift_r                             0x0800458b   Thumb Code     0  llushr.o(.text)
    __aeabi_lasr                             0x080045ab   Thumb Code    36  llsshr.o(.text)
    _ll_sshift_r                             0x080045ab   Thumb Code     0  llsshr.o(.text)
    _double_round                            0x080045cf   Thumb Code    30  depilogue.o(.text)
    _double_epilogue                         0x080045ed   Thumb Code   156  depilogue.o(.text)
    __aeabi_ldivmod                          0x08004689   Thumb Code    98  ldiv.o(.text)
    __aeabi_memset                           0x080046eb   Thumb Code    14  memseta.o(.text)
    __aeabi_memset4                          0x080046eb   Thumb Code     0  memseta.o(.text)
    __aeabi_memset8                          0x080046eb   Thumb Code     0  memseta.o(.text)
    __aeabi_memclr                           0x080046f9   Thumb Code     4  memseta.o(.text)
    __aeabi_memclr4                          0x080046f9   Thumb Code     0  memseta.o(.text)
    __aeabi_memclr8                          0x080046f9   Thumb Code     0  memseta.o(.text)
    _memset$wrapper                          0x080046fd   Thumb Code    18  memseta.o(.text)
    __cpp_initialize__aeabi_                 0x08004711   Thumb Code    32  cpp_init.o(.text)
    __aeabi_fadd                             0x08004739   Thumb Code   164  fadd.o(.text)
    __aeabi_fsub                             0x080047dd   Thumb Code     6  fadd.o(.text)
    __aeabi_frsub                            0x080047e3   Thumb Code     6  fadd.o(.text)
    __aeabi_fmul                             0x080047e9   Thumb Code   100  fmul.o(.text)
    __aeabi_fdiv                             0x0800484d   Thumb Code   124  fdiv.o(.text)
    __aeabi_fcmple                           0x080048c9   Thumb Code    28  fcmple.o(.text)
    __aeabi_fcmplt                           0x080048e5   Thumb Code    28  fcmplt.o(.text)
    __aeabi_fcmpge                           0x08004901   Thumb Code    28  fcmpge.o(.text)
    __aeabi_fcmpgt                           0x0800491d   Thumb Code    28  fcmpgt.o(.text)
    __aeabi_fcmpeq                           0x08004939   Thumb Code    28  fcmpeq.o(.text)
    __aeabi_i2f                              0x08004955   Thumb Code    18  fflti.o(.text)
    __aeabi_ui2f                             0x08004967   Thumb Code    10  ffltui.o(.text)
    __aeabi_ui2d                             0x08004971   Thumb Code    26  dfltui.o(.text)
    __aeabi_f2iz                             0x0800498b   Thumb Code    50  ffixi.o(.text)
    __aeabi_f2uiz                            0x080049bd   Thumb Code    40  ffixui.o(.text)
    __aeabi_d2uiz                            0x080049e5   Thumb Code    50  dfixui.o(.text)
    __aeabi_f2d                              0x08004a17   Thumb Code    38  f2d.o(.text)
    __aeabi_d2f                              0x08004a3d   Thumb Code    56  d2f.o(.text)
    _float_round                             0x08004a75   Thumb Code    18  fepilogue.o(.text)
    _float_epilogue                          0x08004a87   Thumb Code    92  fepilogue.o(.text)
    __decompress                             0x08004ae3   Thumb Code     0  __dczerorl2.o(.text)
    __decompress1                            0x08004ae3   Thumb Code    86  __dczerorl2.o(.text)
    BusFault_Handler                         0x08004c6d   Thumb Code     4  lto-llvm-44c51f.o(.text.BusFault_Handler)
    DebugMon_Handler                         0x08004c91   Thumb Code     2  lto-llvm-44c51f.o(.text.DebugMon_Handler)
    HardFault_Handler                        0x08006da5   Thumb Code     4  lto-llvm-44c51f.o(.text.HardFault_Handler)
    MemManage_Handler                        0x08006e61   Thumb Code     4  lto-llvm-44c51f.o(.text.MemManage_Handler)
    NMI_Handler                              0x08006e65   Thumb Code     2  lto-llvm-44c51f.o(.text.NMI_Handler)
    PendSV_Handler                           0x080070f1   Thumb Code     2  lto-llvm-44c51f.o(.text.PendSV_Handler)
    SVC_Handler                              0x080071f5   Thumb Code     2  lto-llvm-44c51f.o(.text.SVC_Handler)
    $Super$$SysTick_Handler                  0x080071f9   Thumb Code   466  lto-llvm-44c51f.o(.text.SysTick_Handler)
    SystemInit                               0x080073cd   Thumb Code   210  lto-llvm-44c51f.o(.text.SystemInit)
    TMR2_GLOBAL_IRQHandler                   0x080074a1   Thumb Code    44  lto-llvm-44c51f.o(.text.TMR2_GLOBAL_IRQHandler)
    TMR3_GLOBAL_IRQHandler                   0x080074cd   Thumb Code   132  lto-llvm-44c51f.o(.text.TMR3_GLOBAL_IRQHandler)
    USART1_IRQHandler                        0x08007551   Thumb Code   158  lto-llvm-44c51f.o(.text.USART1_IRQHandler)
    UsageFault_Handler                       0x08007681   Thumb Code     4  lto-llvm-44c51f.o(.text.UsageFault_Handler)
    main                                     0x0800cc25   Thumb Code   406  lto-llvm-44c51f.o(.text.main)
    perfc_port_insert_to_system_timer_insert_ovf_handler 0x0800d0dd   Thumb Code   286  lto-llvm-44c51f.o(.text.perfc_port_insert_to_system_timer_insert_ovf_handler)
    __scatterload_copy                       0x08010b75   Thumb Code    14  handlers.o(i.__scatterload_copy)
    __scatterload_null                       0x08010b83   Thumb Code     2  handlers.o(i.__scatterload_null)
    __scatterload_zeroinit                   0x08010b85   Thumb Code    14  handlers.o(i.__scatterload_zeroinit)
    EventRecorderInfo                        0x08010b94   Data          24  lto-llvm-44c51f.o(.rodata.EventRecorderInfo)
    Region$$Table$$Base                      0x08010c78   Number         0  anon$$obj.o(Region$$Table)
    Region$$Table$$Limit                     0x08010c98   Number         0  anon$$obj.o(Region$$Table)
    SHT$$INIT_ARRAY$$Base                    0x08010c98   Number         0  lto-llvm-44c51f.o(.init_array)
    SHT$$INIT_ARRAY$$Limit                   0x08010c9c   Number         0  cpp_init.o(.init_array)
    __initial_sp                             0x20001908   Data           0  startup_at32f415.o(STACK)



==============================================================================

Memory Map of the image

  Image Entry point : 0x08004171

  Load Region LR_IROM1 (Base: 0x08004000, Size: 0x0000ce40, Max: 0x00020000, ABSOLUTE, COMPRESSED[0x0000cd80])

    Execution Region ER_IROM1 (Exec base: 0x08004000, Load base: 0x08004000, Size: 0x0000cc9c, Max: 0x00020000, ABSOLUTE)

    Exec Addr    Load Addr    Size         Type   Attr      Idx    E Section Name        Object

    0x08004000   0x08004000   0x00000170   Data   RO           31    RESET               startup_at32f415.o
    0x08004170   0x08004170   0x00000000   Code   RO           65  * .ARM.Collect$$$$00000000  mc_w.l(entry.o)
    0x08004170   0x08004170   0x00000004   Code   RO          102    .ARM.Collect$$$$00000001  mc_w.l(entry2.o)
    0x08004174   0x08004174   0x00000004   Code   RO          105    .ARM.Collect$$$$00000004  mc_w.l(entry5.o)
    0x08004178   0x08004178   0x00000000   Code   RO          107    .ARM.Collect$$$$00000008  mc_w.l(entry7b.o)
    0x08004178   0x08004178   0x00000004   Code   RO          108    .ARM.Collect$$$$00000009  mc_w.l(entry8a.o)
    0x0800417c   0x0800417c   0x00000000   Code   RO          109    .ARM.Collect$$$$0000000A  mc_w.l(entry8b.o)
    0x0800417c   0x0800417c   0x00000008   Code   RO          110    .ARM.Collect$$$$0000000B  mc_w.l(entry9a.o)
    0x08004184   0x08004184   0x00000000   Code   RO          112    .ARM.Collect$$$$0000000D  mc_w.l(entry10a.o)
    0x08004184   0x08004184   0x00000000   Code   RO          114    .ARM.Collect$$$$0000000F  mc_w.l(entry11a.o)
    0x08004184   0x08004184   0x00000004   Code   RO          103    .ARM.Collect$$$$00002712  mc_w.l(entry2.o)
    0x08004188   0x08004188   0x00000024   Code   RO           32    .text               startup_at32f415.o
    0x080041ac   0x080041ac   0x0000001c   Code   RO           60    .text               systick_wrapper_gnu.o
    0x080041c8   0x080041c8   0x00000062   Code   RO          127    .text               mc_w.l(uldiv.o)
    0x0800422a   0x0800422a   0x00000000   Code   RO          129    .text               mc_w.l(iusefp.o)
    0x0800422a   0x0800422a   0x0000014e   Code   RO          130    .text               mf_w.l(dadd.o)
    0x08004378   0x08004378   0x000000e4   Code   RO          132    .text               mf_w.l(dmul.o)
    0x0800445c   0x0800445c   0x000000de   Code   RO          134    .text               mf_w.l(ddiv.o)
    0x0800453a   0x0800453a   0x00000002   PAD
    0x0800453c   0x0800453c   0x00000030   Code   RO          140    .text               mc_w.l(init.o)
    0x0800456c   0x0800456c   0x0000001e   Code   RO          142    .text               mc_w.l(llshl.o)
    0x0800458a   0x0800458a   0x00000020   Code   RO          144    .text               mc_w.l(llushr.o)
    0x080045aa   0x080045aa   0x00000024   Code   RO          146    .text               mc_w.l(llsshr.o)
    0x080045ce   0x080045ce   0x000000ba   Code   RO          148    .text               mf_w.l(depilogue.o)
    0x08004688   0x08004688   0x00000062   Code   RO          880    .text               mc_w.l(ldiv.o)
    0x080046ea   0x080046ea   0x00000024   Code   RO          884    .text               mc_w.l(memseta.o)
    0x0800470e   0x0800470e   0x00000002   PAD
    0x08004710   0x08004710   0x00000028   Code   RO          891    .text               mc_w.l(cpp_init.o)
    0x08004738   0x08004738   0x000000b0   Code   RO          893    .text               mf_w.l(fadd.o)
    0x080047e8   0x080047e8   0x00000064   Code   RO          895    .text               mf_w.l(fmul.o)
    0x0800484c   0x0800484c   0x0000007c   Code   RO          897    .text               mf_w.l(fdiv.o)
    0x080048c8   0x080048c8   0x0000001c   Code   RO          899    .text               mf_w.l(fcmple.o)
    0x080048e4   0x080048e4   0x0000001c   Code   RO          901    .text               mf_w.l(fcmplt.o)
    0x08004900   0x08004900   0x0000001c   Code   RO          903    .text               mf_w.l(fcmpge.o)
    0x0800491c   0x0800491c   0x0000001c   Code   RO          905    .text               mf_w.l(fcmpgt.o)
    0x08004938   0x08004938   0x0000001c   Code   RO          907    .text               mf_w.l(fcmpeq.o)
    0x08004954   0x08004954   0x00000012   Code   RO          909    .text               mf_w.l(fflti.o)
    0x08004966   0x08004966   0x0000000a   Code   RO          911    .text               mf_w.l(ffltui.o)
    0x08004970   0x08004970   0x0000001a   Code   RO          913    .text               mf_w.l(dfltui.o)
    0x0800498a   0x0800498a   0x00000032   Code   RO          915    .text               mf_w.l(ffixi.o)
    0x080049bc   0x080049bc   0x00000028   Code   RO          917    .text               mf_w.l(ffixui.o)
    0x080049e4   0x080049e4   0x00000032   Code   RO          919    .text               mf_w.l(dfixui.o)
    0x08004a16   0x08004a16   0x00000026   Code   RO          921    .text               mf_w.l(f2d.o)
    0x08004a3c   0x08004a3c   0x00000038   Code   RO          923    .text               mf_w.l(d2f.o)
    0x08004a74   0x08004a74   0x0000006e   Code   RO          929    .text               mf_w.l(fepilogue.o)
    0x08004ae2   0x08004ae2   0x00000056   Code   RO          939    .text               mc_w.l(__dczerorl2.o)
    0x08004b38   0x08004b38   0x00000034   Code   RO          601    .text.BSP_UsartInit  lto-llvm-44c51f.o
    0x08004b6c   0x08004b6c   0x000000fe   Code   RO          623    .text.BeepProc      lto-llvm-44c51f.o
    0x08004c6a   0x08004c6a   0x00000002   PAD
    0x08004c6c   0x08004c6c   0x00000004   Code   RO          189    .text.BusFault_Handler  lto-llvm-44c51f.o
    0x08004c70   0x08004c70   0x00000020   Code   RO          517    .text.C             lto-llvm-44c51f.o
    0x08004c90   0x08004c90   0x00000002   Code   RO          195    .text.DebugMon_Handler  lto-llvm-44c51f.o
    0x08004c92   0x08004c92   0x00000002   PAD
    0x08004c94   0x08004c94   0x00000462   Code   RO          543    .text.Disp_Set_Handle  lto-llvm-44c51f.o
    0x080050f6   0x080050f6   0x00000002   PAD
    0x080050f8   0x080050f8   0x000006c2   Code   RO          539    .text.Display_Handle  lto-llvm-44c51f.o
    0x080057ba   0x080057ba   0x00000002   PAD
    0x080057bc   0x080057bc   0x00000020   Code   RO          519    .text.E             lto-llvm-44c51f.o
    0x080057dc   0x080057dc   0x00000226   Code   RO          629    .text.EC11_Analyze  lto-llvm-44c51f.o
    0x08005a02   0x08005a02   0x00000002   PAD
    0x08005a04   0x08005a04   0x00000032   Code   RO          631    .text.EC11_CheckRotationSpeed  lto-llvm-44c51f.o
    0x08005a36   0x08005a36   0x00000002   PAD
    0x08005a38   0x08005a38   0x00000020   Code   RO          627    .text.EC11_ReadPin  lto-llvm-44c51f.o
    0x08005a58   0x08005a58   0x00000022   Code   RO          633    .text.EC11_ResetKeyState  lto-llvm-44c51f.o
    0x08005a7a   0x08005a7a   0x00000002   PAD
    0x08005a7c   0x08005a7c   0x000002b2   Code   RO          625    .text.EC11_Scan     lto-llvm-44c51f.o
    0x08005d2e   0x08005d2e   0x00000002   PAD
    0x08005d30   0x08005d30   0x00000092   Code   RO          653    .text.EventGetTS    lto-llvm-44c51f.o
    0x08005dc2   0x08005dc2   0x00000002   PAD
    0x08005dc4   0x08005dc4   0x000000f0   Code   RO          655    .text.EventRecordItem  lto-llvm-44c51f.o
    0x08005eb4   0x08005eb4   0x00000090   Code   RO          651    .text.EventRecorderEnable  lto-llvm-44c51f.o
    0x08005f44   0x08005f44   0x000001d0   Code   RO          647    .text.EventRecorderInitialize  lto-llvm-44c51f.o
    0x08006114   0x08006114   0x00000044   Code   RO          657    .text.EventRecorderStart  lto-llvm-44c51f.o
    0x08006158   0x08006158   0x00000008   Code   RO          705    .text.EventRecorderTimerGetCount  lto-llvm-44c51f.o
    0x08006160   0x08006160   0x00000008   Code   RO          703    .text.EventRecorderTimerGetFreq  lto-llvm-44c51f.o
    0x08006168   0x08006168   0x00000020   Code   RO          521    .text.F             lto-llvm-44c51f.o
    0x08006188   0x08006188   0x00000180   Code   RO          589    .text.FWDS201_Init  lto-llvm-44c51f.o
    0x08006308   0x08006308   0x00000a68   Code   RO          469    .text.FlashProc     lto-llvm-44c51f.o
    0x08006d70   0x08006d70   0x00000012   Code   RO          659    .text.GetRecordIndex  lto-llvm-44c51f.o
    0x08006d82   0x08006d82   0x00000002   PAD
    0x08006d84   0x08006d84   0x00000020   Code   RO          523    .text.H             lto-llvm-44c51f.o
    0x08006da4   0x08006da4   0x00000004   Code   RO          185    .text.HardFault_Handler  lto-llvm-44c51f.o
    0x08006da8   0x08006da8   0x00000012   Code   RO          667    .text.IncrementRecordsDumped  lto-llvm-44c51f.o
    0x08006dba   0x08006dba   0x00000002   PAD
    0x08006dbc   0x08006dbc   0x00000012   Code   RO          665    .text.IncrementRecordsWritten  lto-llvm-44c51f.o
    0x08006dce   0x08006dce   0x00000002   PAD
    0x08006dd0   0x08006dd0   0x0000008e   Code   RO          661    .text.LockRecord    lto-llvm-44c51f.o
    0x08006e5e   0x08006e5e   0x00000002   PAD
    0x08006e60   0x08006e60   0x00000004   Code   RO          187    .text.MemManage_Handler  lto-llvm-44c51f.o
    0x08006e64   0x08006e64   0x00000002   Code   RO          183    .text.NMI_Handler   lto-llvm-44c51f.o
    0x08006e66   0x08006e66   0x00000002   PAD
    0x08006e68   0x08006e68   0x00000064   Code   RO          179    .text.NVIC_EncodePriority  lto-llvm-44c51f.o
    0x08006ecc   0x08006ecc   0x00000062   Code   RO          299    .text.NVIC_EncodePriority.86  lto-llvm-44c51f.o
    0x08006f2e   0x08006f2e   0x00000002   PAD
    0x08006f30   0x08006f30   0x00000020   Code   RO          529    .text.P             lto-llvm-44c51f.o
    0x08006f50   0x08006f50   0x00000026   Code   RO          585    .text.PID_Clear     lto-llvm-44c51f.o
    0x08006f76   0x08006f76   0x00000002   PAD
    0x08006f78   0x08006f78   0x00000016   Code   RO          587    .text.PID_Clear_I   lto-llvm-44c51f.o
    0x08006f8e   0x08006f8e   0x00000002   PAD
    0x08006f90   0x08006f90   0x00000046   Code   RO          583    .text.PID_Init      lto-llvm-44c51f.o
    0x08006fd6   0x08006fd6   0x00000002   PAD
    0x08006fd8   0x08006fd8   0x00000118   Code   RO          581    .text.PID_Position_Calc  lto-llvm-44c51f.o
    0x080070f0   0x080070f0   0x00000002   Code   RO          197    .text.PendSV_Handler  lto-llvm-44c51f.o
    0x080070f2   0x080070f2   0x00000002   PAD
    0x080070f4   0x080070f4   0x00000100   Code   RO          447    .text.RecvDataFromPC  lto-llvm-44c51f.o
    0x080071f4   0x080071f4   0x00000002   Code   RO          193    .text.SVC_Handler   lto-llvm-44c51f.o
    0x080071f6   0x080071f6   0x00000002   PAD
    0x080071f8   0x080071f8   0x000001d2   Code   RO          199    .text.SysTick_Handler  lto-llvm-44c51f.o
    0x080073ca   0x080073ca   0x00000002   PAD
    0x080073cc   0x080073cc   0x000000d2   Code   RO          425    .text.SystemInit    lto-llvm-44c51f.o
    0x0800749e   0x0800749e   0x00000002   PAD
    0x080074a0   0x080074a0   0x0000002c   Code   RO          201    .text.TMR2_GLOBAL_IRQHandler  lto-llvm-44c51f.o
    0x080074cc   0x080074cc   0x00000084   Code   RO          203    .text.TMR3_GLOBAL_IRQHandler  lto-llvm-44c51f.o
    0x08007550   0x08007550   0x0000009e   Code   RO          609    .text.USART1_IRQHandler  lto-llvm-44c51f.o
    0x080075ee   0x080075ee   0x00000002   PAD
    0x080075f0   0x080075f0   0x0000005e   Code   RO          607    .text.USART1_TimeOutCounter  lto-llvm-44c51f.o
    0x0800764e   0x0800764e   0x00000002   PAD
    0x08007650   0x08007650   0x00000030   Code   RO          663    .text.UnlockRecord  lto-llvm-44c51f.o
    0x08007680   0x08007680   0x00000004   Code   RO          191    .text.UsageFault_Handler  lto-llvm-44c51f.o
    0x08007684   0x08007684   0x0000013e   Code   RO          449    .text.WriteDataToPC  lto-llvm-44c51f.o
    0x080077c2   0x080077c2   0x00000002   PAD
    0x080077c4   0x080077c4   0x00000032   Code   RO          303    .text.__NVIC_EnableIRQ  lto-llvm-44c51f.o
    0x080077f6   0x080077f6   0x00000002   PAD
    0x080077f8   0x080077f8   0x00000010   Code   RO          177    .text.__NVIC_GetPriorityGrouping  lto-llvm-44c51f.o
    0x08007808   0x08007808   0x00000010   Code   RO          297    .text.__NVIC_GetPriorityGrouping.85  lto-llvm-44c51f.o
    0x08007818   0x08007818   0x00000042   Code   RO          181    .text.__NVIC_SetPriority  lto-llvm-44c51f.o
    0x0800785a   0x0800785a   0x00000002   PAD
    0x0800785c   0x0800785c   0x00000042   Code   RO          301    .text.__NVIC_SetPriority.87  lto-llvm-44c51f.o
    0x0800789e   0x0800789e   0x00000002   PAD
    0x080078a0   0x080078a0   0x0000003c   Code   RO          307    .text.__NVIC_SetPriorityGrouping  lto-llvm-44c51f.o
    0x080078dc   0x080078dc   0x00000026   Code   RO          293    .text.__NVIC_SystemReset  lto-llvm-44c51f.o
    0x08007902   0x08007902   0x00000002   PAD
    0x08007904   0x08007904   0x00000008   Code   RO          681    .text.__perf_counter_init  lto-llvm-44c51f.o
    0x0800790c   0x0800790c   0x0000003a   Code   RO          579    .text.abs_limit     lto-llvm-44c51f.o
    0x08007946   0x08007946   0x00000002   PAD
    0x08007948   0x08007948   0x0000006c   Code   RO          369    .text.adc_base_config  lto-llvm-44c51f.o
    0x080079b4   0x080079b4   0x0000001c   Code   RO          367    .text.adc_base_default_para_init  lto-llvm-44c51f.o
    0x080079d0   0x080079d0   0x0000001a   Code   RO          371    .text.adc_calibration_init  lto-llvm-44c51f.o
    0x080079ea   0x080079ea   0x00000002   PAD
    0x080079ec   0x080079ec   0x00000030   Code   RO          373    .text.adc_calibration_init_status_get  lto-llvm-44c51f.o
    0x08007a1c   0x08007a1c   0x0000001a   Code   RO          375    .text.adc_calibration_start  lto-llvm-44c51f.o
    0x08007a36   0x08007a36   0x00000002   PAD
    0x08007a38   0x08007a38   0x00000030   Code   RO          377    .text.adc_calibration_status_get  lto-llvm-44c51f.o
    0x08007a68   0x08007a68   0x00000024   Code   RO          365    .text.adc_enable    lto-llvm-44c51f.o
    0x08007a8c   0x08007a8c   0x0000003e   Code   RO          391    .text.adc_flag_get  lto-llvm-44c51f.o
    0x08007aca   0x08007aca   0x00000002   PAD
    0x08007acc   0x08007acc   0x00000168   Code   RO          379    .text.adc_ordinary_channel_set  lto-llvm-44c51f.o
    0x08007c34   0x08007c34   0x00000016   Code   RO          389    .text.adc_ordinary_conversion_data_get  lto-llvm-44c51f.o
    0x08007c4a   0x08007c4a   0x00000002   PAD
    0x08007c4c   0x08007c4c   0x00000080   Code   RO          381    .text.adc_ordinary_conversion_trigger_set  lto-llvm-44c51f.o
    0x08007ccc   0x08007ccc   0x0000002c   Code   RO          383    .text.adc_ordinary_part_mode_enable  lto-llvm-44c51f.o
    0x08007cf8   0x08007cf8   0x0000002c   Code   RO          387    .text.adc_ordinary_software_trigger_enable  lto-llvm-44c51f.o
    0x08007d24   0x08007d24   0x00000028   Code   RO          385    .text.adc_tempersensor_vintrv_enable  lto-llvm-44c51f.o
    0x08007d4c   0x08007d4c   0x000001fa   Code   RO          465    .text.air_ec11_event_handle  lto-llvm-44c51f.o
    0x08007f46   0x08007f46   0x00000002   PAD
    0x08007f48   0x08007f48   0x000000e8   Code   RO          463    .text.air_ec11_get_event  lto-llvm-44c51f.o
    0x08008030   0x08008030   0x000003ac   Code   RO          569    .text.air_pwm_control  lto-llvm-44c51f.o
    0x080083dc   0x080083dc   0x0000070a   Code   RO          457    .text.air_temp_ec11_event_handle  lto-llvm-44c51f.o
    0x08008ae6   0x08008ae6   0x00000002   PAD
    0x08008ae8   0x08008ae8   0x000002b2   Code   RO          455    .text.air_temp_ec11_get_event  lto-llvm-44c51f.o
    0x08008d9a   0x08008d9a   0x00000002   PAD
    0x08008d9c   0x08008d9c   0x0000006e   Code   RO          671    .text.atomic_cmp_xch_32  lto-llvm-44c51f.o
    0x08008e0a   0x08008e0a   0x00000002   PAD
    0x08008e0c   0x08008e0c   0x0000002a   Code   RO          669    .text.atomic_inc_32  lto-llvm-44c51f.o
    0x08008e36   0x08008e36   0x00000002   PAD
    0x08008e38   0x08008e38   0x0000003c   Code   RO          451    .text.beep_handle   lto-llvm-44c51f.o
    0x08008e74   0x08008e74   0x00000012   Code   RO          621    .text.beep_off      lto-llvm-44c51f.o
    0x08008e86   0x08008e86   0x00000002   PAD
    0x08008e88   0x08008e88   0x00000012   Code   RO          619    .text.beep_on       lto-llvm-44c51f.o
    0x08008e9a   0x08008e9a   0x00000002   PAD
    0x08008e9c   0x08008e9c   0x0000008c   Code   RO          159    .text.beep_task     lto-llvm-44c51f.o
    0x08008f28   0x08008f28   0x00000020   Code   RO          531    .text.celsius       lto-llvm-44c51f.o
    0x08008f48   0x08008f48   0x000004de   Code   RO          477    .text.check_data_all  lto-llvm-44c51f.o
    0x08009426   0x08009426   0x00000002   PAD
    0x08009428   0x08009428   0x00000052   Code   RO          577    .text.check_sol_over_current  lto-llvm-44c51f.o
    0x0800947a   0x0800947a   0x00000002   PAD
    0x0800947c   0x0800947c   0x0000003c   Code   RO          695    .text.check_systick  lto-llvm-44c51f.o
    0x080094b8   0x080094b8   0x000000e2   Code   RO          611    .text.convert_data  lto-llvm-44c51f.o
    0x0800959a   0x0800959a   0x00000002   PAD
    0x0800959c   0x0800959c   0x0000008c   Code   RO          649    .text.crc16_ccitt   lto-llvm-44c51f.o
    0x08009628   0x08009628   0x00000044   Code   RO          413    .text.crc_block_calculate  lto-llvm-44c51f.o
    0x0800966c   0x0800966c   0x00000012   Code   RO          411    .text.crc_data_reset  lto-llvm-44c51f.o
    0x0800967e   0x0800967e   0x00000002   PAD
    0x08009680   0x08009680   0x00000018   Code   RO          415    .text.crc_init_data_set  lto-llvm-44c51f.o
    0x08009698   0x08009698   0x00000028   Code   RO          423    .text.crc_poly_size_set  lto-llvm-44c51f.o
    0x080096c0   0x080096c0   0x0000001c   Code   RO          421    .text.crc_poly_value_set  lto-llvm-44c51f.o
    0x080096dc   0x080096dc   0x00000028   Code   RO          417    .text.crc_reverse_input_data_set  lto-llvm-44c51f.o
    0x08009704   0x08009704   0x00000028   Code   RO          419    .text.crc_reverse_output_data_set  lto-llvm-44c51f.o
    0x0800972c   0x0800972c   0x00000036   Code   RO          253    .text.crm_adc_clock_div_set  lto-llvm-44c51f.o
    0x08009762   0x08009762   0x00000002   PAD
    0x08009764   0x08009764   0x00000028   Code   RO          247    .text.crm_ahb_div_set  lto-llvm-44c51f.o
    0x0800978c   0x0800978c   0x00000028   Code   RO          249    .text.crm_apb1_div_set  lto-llvm-44c51f.o
    0x080097b4   0x080097b4   0x00000028   Code   RO          251    .text.crm_apb2_div_set  lto-llvm-44c51f.o
    0x080097dc   0x080097dc   0x00000038   Code   RO          263    .text.crm_auto_step_mode_enable  lto-llvm-44c51f.o
    0x08009814   0x08009814   0x000000a2   Code   RO          245    .text.crm_clock_source_enable  lto-llvm-44c51f.o
    0x080098b6   0x080098b6   0x00000002   PAD
    0x080098b8   0x080098b8   0x00000262   Code   RO          261    .text.crm_clocks_freq_get  lto-llvm-44c51f.o
    0x08009b1a   0x08009b1a   0x00000002   PAD
    0x08009b1c   0x08009b1c   0x0000003e   Code   RO          239    .text.crm_flag_get  lto-llvm-44c51f.o
    0x08009b5a   0x08009b5a   0x00000002   PAD
    0x08009b5c   0x08009b5c   0x0000005c   Code   RO          241    .text.crm_hext_stable_wait  lto-llvm-44c51f.o
    0x08009bb8   0x08009bb8   0x00000056   Code   RO          243    .text.crm_periph_clock_enable  lto-llvm-44c51f.o
    0x08009c0e   0x08009c0e   0x00000002   PAD
    0x08009c10   0x08009c10   0x000000ca   Code   RO          255    .text.crm_pll_config2  lto-llvm-44c51f.o
    0x08009cda   0x08009cda   0x00000002   PAD
    0x08009cdc   0x08009cdc   0x0000009c   Code   RO          237    .text.crm_reset     lto-llvm-44c51f.o
    0x08009d78   0x08009d78   0x00000048   Code   RO          257    .text.crm_sysclk_switch  lto-llvm-44c51f.o
    0x08009dc0   0x08009dc0   0x00000010   Code   RO          259    .text.crm_sysclk_switch_status_get  lto-llvm-44c51f.o
    0x08009dd0   0x08009dd0   0x0000005a   Code   RO          467    .text.data_check_len  lto-llvm-44c51f.o
    0x08009e2a   0x08009e2a   0x00000002   PAD
    0x08009e2c   0x08009e2c   0x0000008e   Code   RO          699    .text.delay_us      lto-llvm-44c51f.o
    0x08009eba   0x08009eba   0x00000002   PAD
    0x08009ebc   0x08009ebc   0x0000041c   Code   RO          537    .text.disp_digit_all  lto-llvm-44c51f.o
    0x0800a2d8   0x0800a2d8   0x0000021c   Code   RO          557    .text.display_temp_air_handle  lto-llvm-44c51f.o
    0x0800a4f4   0x0800a4f4   0x000001de   Code   RO          565    .text.display_temp_sol_handle  lto-llvm-44c51f.o
    0x0800a6d2   0x0800a6d2   0x00000002   PAD
    0x0800a6d4   0x0800a6d4   0x00000260   Code   RO          541    .text.dispmenu_pageoption  lto-llvm-44c51f.o
    0x0800a934   0x0800a934   0x00000022   Code   RO          395    .text.dma_channel_enable  lto-llvm-44c51f.o
    0x0800a956   0x0800a956   0x00000002   PAD
    0x0800a958   0x0800a958   0x00000032   Code   RO          397    .text.dma_default_para_init  lto-llvm-44c51f.o
    0x0800a98a   0x0800a98a   0x00000002   PAD
    0x0800a98c   0x0800a98c   0x000000c4   Code   RO          399    .text.dma_init      lto-llvm-44c51f.o
    0x0800aa50   0x0800aa50   0x000000ac   Code   RO          393    .text.dma_reset     lto-llvm-44c51f.o
    0x0800aafc   0x0800aafc   0x00000102   Code   RO          453    .text.ec11_handle   lto-llvm-44c51f.o
    0x0800abfe   0x0800abfe   0x00000002   PAD
    0x0800ac00   0x0800ac00   0x00000008   Code   RO          161    .text.ec11_task     lto-llvm-44c51f.o
    0x0800ac08   0x0800ac08   0x00000020   Code   RO          511    .text.eight         lto-llvm-44c51f.o
    0x0800ac28   0x0800ac28   0x0000001e   Code   RO          533    .text.fahrenheit    lto-llvm-44c51f.o
    0x0800ac46   0x0800ac46   0x00000002   PAD
    0x0800ac48   0x0800ac48   0x00000304   Code   RO          559    .text.fan_control   lto-llvm-44c51f.o
    0x0800af4c   0x0800af4c   0x00000028   Code   RO          155    .text.feed_dog_task  lto-llvm-44c51f.o
    0x0800af74   0x0800af74   0x00000064   Code   RO          613    .text.filter_init   lto-llvm-44c51f.o
    0x0800afd8   0x0800afd8   0x00000020   Code   RO          505    .text.five          lto-llvm-44c51f.o
    0x0800aff8   0x0800aff8   0x00000040   Code   RO          277    .text.flash_halfword_program  lto-llvm-44c51f.o
    0x0800b038   0x0800b038   0x00000012   Code   RO          271    .text.flash_lock    lto-llvm-44c51f.o
    0x0800b04a   0x0800b04a   0x00000002   PAD
    0x0800b04c   0x0800b04c   0x00000068   Code   RO          265    .text.flash_operation_status_get  lto-llvm-44c51f.o
    0x0800b0b4   0x0800b0b4   0x00000056   Code   RO          267    .text.flash_operation_wait_for  lto-llvm-44c51f.o
    0x0800b10a   0x0800b10a   0x00000002   PAD
    0x0800b10c   0x0800b10c   0x00000048   Code   RO          273    .text.flash_sector_erase  lto-llvm-44c51f.o
    0x0800b154   0x0800b154   0x0000002e   Code   RO          163    .text.flash_task    lto-llvm-44c51f.o
    0x0800b182   0x0800b182   0x00000002   PAD
    0x0800b184   0x0800b184   0x0000001e   Code   RO          269    .text.flash_unlock  lto-llvm-44c51f.o
    0x0800b1a2   0x0800b1a2   0x00000002   PAD
    0x0800b1a4   0x0800b1a4   0x0000004c   Code   RO          275    .text.flash_word_program  lto-llvm-44c51f.o
    0x0800b1f0   0x0800b1f0   0x00000032   Code   RO          635    .text.flash_wred_halfword  lto-llvm-44c51f.o
    0x0800b222   0x0800b222   0x00000002   PAD
    0x0800b224   0x0800b224   0x00000020   Code   RO          503    .text.four          lto-llvm-44c51f.o
    0x0800b244   0x0800b244   0x00000028   Code   RO          615    .text.get_adcval    lto-llvm-44c51f.o
    0x0800b26c   0x0800b26c   0x0000002e   Code   RO          483    .text.get_air_ch1   lto-llvm-44c51f.o
    0x0800b29a   0x0800b29a   0x00000002   PAD
    0x0800b29c   0x0800b29c   0x0000002e   Code   RO          485    .text.get_air_ch2   lto-llvm-44c51f.o
    0x0800b2ca   0x0800b2ca   0x00000002   PAD
    0x0800b2cc   0x0800b2cc   0x0000002e   Code   RO          487    .text.get_air_ch3   lto-llvm-44c51f.o
    0x0800b2fa   0x0800b2fa   0x00000002   PAD
    0x0800b2fc   0x0800b2fc   0x000001c4   Code   RO          553    .text.get_air_handle_error_state  lto-llvm-44c51f.o
    0x0800b4c0   0x0800b4c0   0x00000096   Code   RO          549    .text.get_air_handle_position  lto-llvm-44c51f.o
    0x0800b556   0x0800b556   0x00000002   PAD
    0x0800b558   0x0800b558   0x00000226   Code   RO          551    .text.get_air_handle_work_state  lto-llvm-44c51f.o
    0x0800b77e   0x0800b77e   0x00000002   PAD
    0x0800b780   0x0800b780   0x00000170   Code   RO          471    .text.get_data_from_a  lto-llvm-44c51f.o
    0x0800b8f0   0x0800b8f0   0x00000170   Code   RO          473    .text.get_data_from_b  lto-llvm-44c51f.o
    0x0800ba60   0x0800ba60   0x00000528   Code   RO          481    .text.get_key       lto-llvm-44c51f.o
    0x0800bf88   0x0800bf88   0x00000076   Code   RO          475    .text.get_reset_data  lto-llvm-44c51f.o
    0x0800bffe   0x0800bffe   0x00000002   PAD
    0x0800c000   0x0800c000   0x0000002e   Code   RO          489    .text.get_sol_ch1   lto-llvm-44c51f.o
    0x0800c02e   0x0800c02e   0x00000002   PAD
    0x0800c030   0x0800c030   0x0000002e   Code   RO          491    .text.get_sol_ch2   lto-llvm-44c51f.o
    0x0800c05e   0x0800c05e   0x00000002   PAD
    0x0800c060   0x0800c060   0x0000002e   Code   RO          493    .text.get_sol_ch3   lto-llvm-44c51f.o
    0x0800c08e   0x0800c08e   0x00000002   PAD
    0x0800c090   0x0800c090   0x000001c8   Code   RO          563    .text.get_sol_handle_error_state  lto-llvm-44c51f.o
    0x0800c258   0x0800c258   0x000000ca   Code   RO          561    .text.get_sol_handle_state  lto-llvm-44c51f.o
    0x0800c322   0x0800c322   0x00000002   PAD
    0x0800c324   0x0800c324   0x00000086   Code   RO          693    .text.get_system_ticks  lto-llvm-44c51f.o
    0x0800c3aa   0x0800c3aa   0x00000002   PAD
    0x0800c3ac   0x0800c3ac   0x00000014   Code   RO          287    .text.gpio_bits_reset  lto-llvm-44c51f.o
    0x0800c3c0   0x0800c3c0   0x00000014   Code   RO          285    .text.gpio_bits_set  lto-llvm-44c51f.o
    0x0800c3d4   0x0800c3d4   0x00000026   Code   RO          281    .text.gpio_default_para_init  lto-llvm-44c51f.o
    0x0800c3fa   0x0800c3fa   0x00000002   PAD
    0x0800c3fc   0x0800c3fc   0x00000144   Code   RO          279    .text.gpio_init     lto-llvm-44c51f.o
    0x0800c540   0x0800c540   0x00000036   Code   RO          283    .text.gpio_input_data_bit_read  lto-llvm-44c51f.o
    0x0800c576   0x0800c576   0x00000002   PAD
    0x0800c578   0x0800c578   0x0000009a   Code   RO          289    .text.gpio_pin_remap_config  lto-llvm-44c51f.o
    0x0800c612   0x0800c612   0x00000002   PAD
    0x0800c614   0x0800c614   0x00000038   Code   RO          215    .text.iap_command_handle  lto-llvm-44c51f.o
    0x0800c64c   0x0800c64c   0x00000032   Code   RO          217    .text.iap_init      lto-llvm-44c51f.o
    0x0800c67e   0x0800c67e   0x00000002   PAD
    0x0800c680   0x0800c680   0x00000008   Code   RO          153    .text.iap_task      lto-llvm-44c51f.o
    0x0800c688   0x0800c688   0x0000009a   Code   RO          683    .text.init_cycle_counter  lto-llvm-44c51f.o
    0x0800c722   0x0800c722   0x00000002   PAD
    0x0800c724   0x0800c724   0x000000f6   Code   RO          637    .text.key_event_check  lto-llvm-44c51f.o
    0x0800c81a   0x0800c81a   0x00000002   PAD
    0x0800c81c   0x0800c81c   0x00000134   Code   RO          479    .text.key_handle    lto-llvm-44c51f.o
    0x0800c950   0x0800c950   0x00000008   Code   RO          165    .text.key_task      lto-llvm-44c51f.o
    0x0800c958   0x0800c958   0x00000086   Code   RO          545    .text.led_handle    lto-llvm-44c51f.o
    0x0800c9de   0x0800c9de   0x00000002   PAD
    0x0800c9e0   0x0800c9e0   0x00000002   Code   RO          167    .text.led_task      lto-llvm-44c51f.o
    0x0800c9e2   0x0800c9e2   0x00000002   PAD
    0x0800c9e4   0x0800c9e4   0x00000240   Code   RO          567    .text.linear_correction  lto-llvm-44c51f.o
    0x0800cc24   0x0800cc24   0x00000196   Code   RO          151    .text.main          lto-llvm-44c51f.o
    0x0800cdba   0x0800cdba   0x00000002   PAD
    0x0800cdbc   0x0800cdbc   0x0000008e   Code   RO          617    .text.move_average_filter  lto-llvm-44c51f.o
    0x0800ce4a   0x0800ce4a   0x00000002   PAD
    0x0800ce4c   0x0800ce4c   0x00000020   Code   RO          525    .text.n             lto-llvm-44c51f.o
    0x0800ce6c   0x0800ce6c   0x00000020   Code   RO          513    .text.nine          lto-llvm-44c51f.o
    0x0800ce8c   0x0800ce8c   0x00000014   Code   RO          535    .text.nothing       lto-llvm-44c51f.o
    0x0800cea0   0x0800cea0   0x00000034   Code   RO          295    .text.nvic_irq_enable  lto-llvm-44c51f.o
    0x0800ced4   0x0800ced4   0x00000016   Code   RO          305    .text.nvic_priority_group_config  lto-llvm-44c51f.o
    0x0800ceea   0x0800ceea   0x00000002   PAD
    0x0800ceec   0x0800ceec   0x00000004   Code   RO          291    .text.nvic_system_reset  lto-llvm-44c51f.o
    0x0800cef0   0x0800cef0   0x0000002c   Code   RO          309    .text.nvic_vector_table_set  lto-llvm-44c51f.o
    0x0800cf1c   0x0800cf1c   0x0000001e   Code   RO          497    .text.one           lto-llvm-44c51f.o
    0x0800cf3a   0x0800cf3a   0x00000002   PAD
    0x0800cf3c   0x0800cf3c   0x00000028   Code   RO          547    .text.output_handle  lto-llvm-44c51f.o
    0x0800cf64   0x0800cf64   0x0000001c   Code   RO          169    .text.output_task   lto-llvm-44c51f.o
    0x0800cf80   0x0800cf80   0x00000030   Code   RO          443    .text.pc_comm_handle  lto-llvm-44c51f.o
    0x0800cfb0   0x0800cfb0   0x00000008   Code   RO          157    .text.pc_comm_task  lto-llvm-44c51f.o
    0x0800cfb8   0x0800cfb8   0x0000004a   Code   RO          445    .text.pc_event_handle  lto-llvm-44c51f.o
    0x0800d002   0x0800d002   0x00000002   PAD
    0x0800d004   0x0800d004   0x00000010   Code   RO          721    .text.perfc_port_clear_system_timer_ovf_pending  lto-llvm-44c51f.o
    0x0800d014   0x0800d014   0x00000014   Code   RO          685    .text.perfc_port_disable_global_interrupt  lto-llvm-44c51f.o
    0x0800d028   0x0800d028   0x00000014   Code   RO          709    .text.perfc_port_disable_global_interrupt.301  lto-llvm-44c51f.o
    0x0800d03c   0x0800d03c   0x00000020   Code   RO          719    .text.perfc_port_get_system_timer_elapsed  lto-llvm-44c51f.o
    0x0800d05c   0x0800d05c   0x0000000c   Code   RO          713    .text.perfc_port_get_system_timer_freq  lto-llvm-44c51f.o
    0x0800d068   0x0800d068   0x0000000e   Code   RO          717    .text.perfc_port_get_system_timer_top  lto-llvm-44c51f.o
    0x0800d076   0x0800d076   0x00000002   PAD
    0x0800d078   0x0800d078   0x00000064   Code   RO          707    .text.perfc_port_init_system_timer  lto-llvm-44c51f.o
    0x0800d0dc   0x0800d0dc   0x0000011e   Code   RO          697    .text.perfc_port_insert_to_system_timer_insert_ovf_handler  lto-llvm-44c51f.o
    0x0800d1fa   0x0800d1fa   0x00000002   PAD
    0x0800d1fc   0x0800d1fc   0x00000010   Code   RO          715    .text.perfc_port_is_system_timer_ovf_pending  lto-llvm-44c51f.o
    0x0800d20c   0x0800d20c   0x00000012   Code   RO          687    .text.perfc_port_resume_global_interrupt  lto-llvm-44c51f.o
    0x0800d21e   0x0800d21e   0x00000002   PAD
    0x0800d220   0x0800d220   0x00000012   Code   RO          711    .text.perfc_port_resume_global_interrupt.302  lto-llvm-44c51f.o
    0x0800d232   0x0800d232   0x00000002   PAD
    0x0800d234   0x0800d234   0x00000050   Code   RO          591    .text.queue_init    lto-llvm-44c51f.o
    0x0800d284   0x0800d284   0x00000016   Code   RO          599    .text.queue_isEmpty  lto-llvm-44c51f.o
    0x0800d29a   0x0800d29a   0x00000002   PAD
    0x0800d29c   0x0800d29c   0x00000022   Code   RO          595    .text.queue_isFull  lto-llvm-44c51f.o
    0x0800d2be   0x0800d2be   0x00000002   PAD
    0x0800d2c0   0x0800d2c0   0x00000048   Code   RO          597    .text.queue_read    lto-llvm-44c51f.o
    0x0800d308   0x0800d308   0x0000004a   Code   RO          593    .text.queue_write   lto-llvm-44c51f.o
    0x0800d352   0x0800d352   0x00000002   PAD
    0x0800d354   0x0800d354   0x00000020   Code   RO          515    .text.r             lto-llvm-44c51f.o
    0x0800d374   0x0800d374   0x000000c8   Code   RO          555    .text.relay_control  lto-llvm-44c51f.o
    0x0800d43c   0x0800d43c   0x0000001e   Code   RO          509    .text.seven         lto-llvm-44c51f.o
    0x0800d45a   0x0800d45a   0x00000002   PAD
    0x0800d45c   0x0800d45c   0x00000020   Code   RO          507    .text.six           lto-llvm-44c51f.o
    0x0800d47c   0x0800d47c   0x00000020   Code   RO          527    .text.sleep_G       lto-llvm-44c51f.o
    0x0800d49c   0x0800d49c   0x00000288   Code   RO          571    .text.sol_pwm_control  lto-llvm-44c51f.o
    0x0800d724   0x0800d724   0x00000082   Code   RO          575    .text.sol_rpc_control  lto-llvm-44c51f.o
    0x0800d7a6   0x0800d7a6   0x00000002   PAD
    0x0800d7a8   0x0800d7a8   0x000002b0   Code   RO          573    .text.sol_sleep_control  lto-llvm-44c51f.o
    0x0800da58   0x0800da58   0x000011ea   Code   RO          461    .text.sol_temp_ec11_event_handle  lto-llvm-44c51f.o
    0x0800ec42   0x0800ec42   0x00000002   PAD
    0x0800ec44   0x0800ec44   0x000003e0   Code   RO          459    .text.sol_temp_ec11_get_event  lto-llvm-44c51f.o
    0x0800f024   0x0800f024   0x00000228   Code   RO          427    .text.system_core_clock_update  lto-llvm-44c51f.o
    0x0800f24c   0x0800f24c   0x0000003a   Code   RO          311    .text.systick_clock_source_config  lto-llvm-44c51f.o
    0x0800f286   0x0800f286   0x00000002   PAD
    0x0800f288   0x0800f288   0x00000020   Code   RO          501    .text.three         lto-llvm-44c51f.o
    0x0800f2a8   0x0800f2a8   0x00000022   Code   RO          337    .text.tmr_base_init  lto-llvm-44c51f.o
    0x0800f2ca   0x0800f2ca   0x00000002   PAD
    0x0800f2cc   0x0800f2cc   0x0000004c   Code   RO          345    .text.tmr_channel_value_set  lto-llvm-44c51f.o
    0x0800f318   0x0800f318   0x00000022   Code   RO          339    .text.tmr_clock_source_div_set  lto-llvm-44c51f.o
    0x0800f33a   0x0800f33a   0x00000002   PAD
    0x0800f33c   0x0800f33c   0x00000024   Code   RO          341    .text.tmr_cnt_dir_set  lto-llvm-44c51f.o
    0x0800f360   0x0800f360   0x0000001c   Code   RO          335    .text.tmr_counter_enable  lto-llvm-44c51f.o
    0x0800f37c   0x0800f37c   0x00000012   Code   RO          363    .text.tmr_flag_clear  lto-llvm-44c51f.o
    0x0800f38e   0x0800f38e   0x00000002   PAD
    0x0800f390   0x0800f390   0x0000003a   Code   RO          361    .text.tmr_flag_get  lto-llvm-44c51f.o
    0x0800f3ca   0x0800f3ca   0x00000002   PAD
    0x0800f3cc   0x0800f3cc   0x0000003e   Code   RO          357    .text.tmr_interrupt_enable  lto-llvm-44c51f.o
    0x0800f40a   0x0800f40a   0x00000002   PAD
    0x0800f40c   0x0800f40c   0x00000042   Code   RO          359    .text.tmr_interrupt_flag_get  lto-llvm-44c51f.o
    0x0800f44e   0x0800f44e   0x00000002   PAD
    0x0800f450   0x0800f450   0x00000090   Code   RO          349    .text.tmr_output_channel_buffer_enable  lto-llvm-44c51f.o
    0x0800f4e0   0x0800f4e0   0x0000021a   Code   RO          343    .text.tmr_output_channel_config  lto-llvm-44c51f.o
    0x0800f6fa   0x0800f6fa   0x00000002   PAD
    0x0800f6fc   0x0800f6fc   0x0000008e   Code   RO          351    .text.tmr_output_channel_immediately_set  lto-llvm-44c51f.o
    0x0800f78a   0x0800f78a   0x00000002   PAD
    0x0800f78c   0x0800f78c   0x00000024   Code   RO          347    .text.tmr_period_buffer_enable  lto-llvm-44c51f.o
    0x0800f7b0   0x0800f7b0   0x00000024   Code   RO          353    .text.tmr_primary_mode_select  lto-llvm-44c51f.o
    0x0800f7d4   0x0800f7d4   0x00000024   Code   RO          355    .text.tmr_sub_sync_mode_set  lto-llvm-44c51f.o
    0x0800f7f8   0x0800f7f8   0x00000088   Code   RO          435    .text.tmt_create    lto-llvm-44c51f.o
    0x0800f880   0x0800f880   0x0000012a   Code   RO          437    .text.tmt_delete    lto-llvm-44c51f.o
    0x0800f9aa   0x0800f9aa   0x00000002   PAD
    0x0800f9ac   0x0800f9ac   0x00000076   Code   RO          429    .text.tmt_init      lto-llvm-44c51f.o
    0x0800fa22   0x0800fa22   0x00000002   PAD
    0x0800fa24   0x0800fa24   0x000000b2   Code   RO          431    .text.tmt_run       lto-llvm-44c51f.o
    0x0800fad6   0x0800fad6   0x00000002   PAD
    0x0800fad8   0x0800fad8   0x00000086   Code   RO          441    .text.tmt_run_ctrl  lto-llvm-44c51f.o
    0x0800fb5e   0x0800fb5e   0x00000002   PAD
    0x0800fb60   0x0800fb60   0x00000098   Code   RO          439    .text.tmt_time_ctrl  lto-llvm-44c51f.o
    0x0800fbf8   0x0800fbf8   0x0000006a   Code   RO          433    .text.tmt_update_tick  lto-llvm-44c51f.o
    0x0800fc62   0x0800fc62   0x00000002   PAD
    0x0800fc64   0x0800fc64   0x00000020   Code   RO          499    .text.two           lto-llvm-44c51f.o
    0x0800fc84   0x0800fc84   0x0000009a   Code   RO          689    .text.update_perf_counter  lto-llvm-44c51f.o
    0x0800fd1e   0x0800fd1e   0x00000002   PAD
    0x0800fd20   0x0800fd20   0x00000016   Code   RO          327    .text.usart_data_receive  lto-llvm-44c51f.o
    0x0800fd36   0x0800fd36   0x00000002   PAD
    0x0800fd38   0x0800fd38   0x00000018   Code   RO          325    .text.usart_data_transmit  lto-llvm-44c51f.o
    0x0800fd50   0x0800fd50   0x0000002c   Code   RO          317    .text.usart_enable  lto-llvm-44c51f.o
    0x0800fd7c   0x0800fd7c   0x00000032   Code   RO          333    .text.usart_flag_clear  lto-llvm-44c51f.o
    0x0800fdae   0x0800fdae   0x00000002   PAD
    0x0800fdb0   0x0800fdb0   0x00000032   Code   RO          331    .text.usart_flag_get  lto-llvm-44c51f.o
    0x0800fde2   0x0800fde2   0x00000002   PAD
    0x0800fde4   0x0800fde4   0x0000009a   Code   RO          329    .text.usart_hardware_flow_control_set  lto-llvm-44c51f.o
    0x0800fe7e   0x0800fe7e   0x00000002   PAD
    0x0800fe80   0x0800fe80   0x000000d4   Code   RO          313    .text.usart_init    lto-llvm-44c51f.o
    0x0800ff54   0x0800ff54   0x00000054   Code   RO          323    .text.usart_interrupt_enable  lto-llvm-44c51f.o
    0x0800ffa8   0x0800ffa8   0x00000078   Code   RO          315    .text.usart_parity_selection_config  lto-llvm-44c51f.o
    0x08010020   0x08010020   0x000000e4   Code   RO          605    .text.usart_receiveData  lto-llvm-44c51f.o
    0x08010104   0x08010104   0x0000002c   Code   RO          321    .text.usart_receiver_enable  lto-llvm-44c51f.o
    0x08010130   0x08010130   0x00000110   Code   RO          603    .text.usart_sendData  lto-llvm-44c51f.o
    0x08010240   0x08010240   0x0000002c   Code   RO          319    .text.usart_transmitter_enable  lto-llvm-44c51f.o
    0x0801026c   0x0801026c   0x00000010   Code   RO          403    .text.wdt_counter_reload  lto-llvm-44c51f.o
    0x0801027c   0x0801027c   0x00000020   Code   RO          407    .text.wdt_divider_set  lto-llvm-44c51f.o
    0x0801029c   0x0801029c   0x00000010   Code   RO          401    .text.wdt_enable    lto-llvm-44c51f.o
    0x080102ac   0x080102ac   0x00000032   Code   RO          409    .text.wdt_register_write_enable  lto-llvm-44c51f.o
    0x080102de   0x080102de   0x00000002   PAD
    0x080102e0   0x080102e0   0x0000001c   Code   RO          405    .text.wdt_reload_value_set  lto-llvm-44c51f.o
    0x080102fc   0x080102fc   0x000000a6   Code   RO          225    .text.wk_adc1_init  lto-llvm-44c51f.o
    0x080103a2   0x080103a2   0x00000002   PAD
    0x080103a4   0x080103a4   0x0000001c   Code   RO          223    .text.wk_crc_init   lto-llvm-44c51f.o
    0x080103c0   0x080103c0   0x00000010   Code   RO          211    .text.wk_debug_config  lto-llvm-44c51f.o
    0x080103d0   0x080103d0   0x0000003e   Code   RO          233    .text.wk_dma1_channel1_init  lto-llvm-44c51f.o
    0x0801040e   0x0801040e   0x00000002   PAD
    0x08010410   0x08010410   0x0000002c   Code   RO          235    .text.wk_dma_channel_config  lto-llvm-44c51f.o
    0x0801043c   0x0801043c   0x000001c4   Code   RO          219    .text.wk_gpio_config  lto-llvm-44c51f.o
    0x08010600   0x08010600   0x000000a6   Code   RO          175    .text.wk_nvic_config  lto-llvm-44c51f.o
    0x080106a6   0x080106a6   0x00000002   PAD
    0x080106a8   0x080106a8   0x00000080   Code   RO          173    .text.wk_periph_clock_config  lto-llvm-44c51f.o
    0x08010728   0x08010728   0x0000009e   Code   RO          171    .text.wk_system_clock_config  lto-llvm-44c51f.o
    0x080107c6   0x080107c6   0x00000002   PAD
    0x080107c8   0x080107c8   0x00000008   Code   RO          209    .text.wk_timebase_handler  lto-llvm-44c51f.o
    0x080107d0   0x080107d0   0x00000010   Code   RO          205    .text.wk_timebase_increase  lto-llvm-44c51f.o
    0x080107e0   0x080107e0   0x00000056   Code   RO          207    .text.wk_timebase_init  lto-llvm-44c51f.o
    0x08010836   0x08010836   0x00000002   PAD
    0x08010838   0x08010838   0x000000e0   Code   RO          227    .text.wk_tmr2_init  lto-llvm-44c51f.o
    0x08010918   0x08010918   0x000000c4   Code   RO          229    .text.wk_tmr3_init  lto-llvm-44c51f.o
    0x080109dc   0x080109dc   0x000000d2   Code   RO          231    .text.wk_tmr5_init  lto-llvm-44c51f.o
    0x08010aae   0x08010aae   0x00000002   PAD
    0x08010ab0   0x08010ab0   0x0000008e   Code   RO          213    .text.wk_usart1_init  lto-llvm-44c51f.o
    0x08010b3e   0x08010b3e   0x00000002   PAD
    0x08010b40   0x08010b40   0x00000014   Code   RO          221    .text.wk_wdt_init   lto-llvm-44c51f.o
    0x08010b54   0x08010b54   0x00000020   Code   RO          495    .text.zero_0        lto-llvm-44c51f.o
    0x08010b74   0x08010b74   0x0000000e   Code   RO          933    i.__scatterload_copy  mc_w.l(handlers.o)
    0x08010b82   0x08010b82   0x00000002   Code   RO          934    i.__scatterload_null  mc_w.l(handlers.o)
    0x08010b84   0x08010b84   0x0000000e   Code   RO          935    i.__scatterload_zeroinit  mc_w.l(handlers.o)
    0x08010b92   0x08010b92   0x00000002   PAD
    0x08010b94   0x08010b94   0x00000018   Data   RO          859    .rodata.EventRecorderInfo  lto-llvm-44c51f.o
    0x08010bac   0x08010bac   0x00000054   Data   RO          799    .rodata.TAST        lto-llvm-44c51f.o
    0x08010c00   0x08010c00   0x00000010   Data   RO          734    .rodata.cst16       lto-llvm-44c51f.o
    0x08010c10   0x08010c10   0x00000010   Data   RO          733    .rodata.cst8        lto-llvm-44c51f.o
    0x08010c20   0x08010c20   0x00000029   Data   RO          805    .rodata.off_set_buff  lto-llvm-44c51f.o
    0x08010c49   0x08010c49   0x00000005   Data   RO          846    .rodata.str1.1      lto-llvm-44c51f.o
    0x08010c4e   0x08010c4e   0x00000029   Data   RO          806    .rodata.wind_set_20_buff  lto-llvm-44c51f.o
    0x08010c77   0x08010c77   0x00000001   PAD
    0x08010c78   0x08010c78   0x00000020   Data   RO          932    Region$$Table       anon$$obj.o
    0x08010c98   0x08010c98   0x00000004   Data   RO          860    .init_array         lto-llvm-44c51f.o
    0x08010c9c   0x08010c98   0x00000000   Data   RO          889    .init_array         mc_w.l(cpp_init.o)


    Execution Region RW_IRAM1 (Exec base: 0x20000000, Load base: 0x08010cc0, Size: 0x00001908, Max: 0x00008000, ABSOLUTE, COMPRESSED[0x000000c0])

    Exec Addr    Load Addr    Size         Type   Attr      Idx    E Section Name        Object

    0x20000000   COMPRESSED   0x00000001   Data   RW          793    .data.Display_Handle.disp_times  lto-llvm-44c51f.o
    0x20000001   COMPRESSED   0x00000001   Data   RW          794    .data.Display_Handle.disp_times2  lto-llvm-44c51f.o
    0x20000002   COMPRESSED   0x00000002   PAD
    0x20000004   COMPRESSED   0x00000004   Data   RW          731    .data.SysTick_Handler.dp_time  lto-llvm-44c51f.o
    0x20000008   COMPRESSED   0x00000002   Data   RW          728    .data.SysTick_Handler.get_fan_speed_time  lto-llvm-44c51f.o
    0x2000000a   COMPRESSED   0x00000001   Data   RW          730    .data.SysTick_Handler.sol_pid_run_time  lto-llvm-44c51f.o
    0x2000000b   COMPRESSED   0x00000001   PAD
    0x2000000c   COMPRESSED   0x00000004   Data   RW          873    .data.SystemCoreClock  lto-llvm-44c51f.o
    0x20000010   COMPRESSED   0x00000038   Data   RW          851    .data.air_ec11      lto-llvm-44c51f.o
    0x20000048   COMPRESSED   0x00000038   Data   RW          849    .data.air_temp_ec11  lto-llvm-44c51f.o
    0x20000080   COMPRESSED   0x00000001   Data   RW          749    .data.air_temp_ec11_event  lto-llvm-44c51f.o
    0x20000081   COMPRESSED   0x00000003   PAD
    0x20000084   COMPRESSED   0x00000004   Data   RW          748    .data.air_temp_ec11_get_event.reset_time  lto-llvm-44c51f.o
    0x20000088   COMPRESSED   0x00000004   Data   RW          747    .data.air_temp_ec11_get_event.set_time  lto-llvm-44c51f.o
    0x2000008c   COMPRESSED   0x00000004   Data   RW          807    .data.display_temp_air_handle.save_time  lto-llvm-44c51f.o
    0x20000090   COMPRESSED   0x00000004   Data   RW          808    .data.display_temp_sol_handle.save_time  lto-llvm-44c51f.o
    0x20000094   COMPRESSED   0x00000001   Data   RW          742    .data.ec11_handle.ec_times  lto-llvm-44c51f.o
    0x20000095   COMPRESSED   0x00000001   Data   RW          746    .data.g_air_ec11_event  lto-llvm-44c51f.o
    0x20000096   COMPRESSED   0x00000006   Data   RW          780    .data.key_event     lto-llvm-44c51f.o
    0x2000009c   COMPRESSED   0x00000001   Data   RW          855    .data.key_event_check.key_event  lto-llvm-44c51f.o
    0x2000009d   COMPRESSED   0x00000001   Data   RW          779    .data.key_handle.key_times  lto-llvm-44c51f.o
    0x2000009e   COMPRESSED   0x00000002   PAD
    0x200000a0   COMPRESSED   0x00000060   Data   RW          782    .data.keys          lto-llvm-44c51f.o
    0x20000100   COMPRESSED   0x00000001   Data   RW          737    .data.pc_event      lto-llvm-44c51f.o
    0x20000101   COMPRESSED   0x00000001   PAD
    0x20000102   COMPRESSED   0x00000002   Data   RW          829    .data.relay_control.open_relay_delay_time  lto-llvm-44c51f.o
    0x20000104   COMPRESSED   0x00000004   Data   RW          865    .data.s_wMSUnit     lto-llvm-44c51f.o
    0x20000108   COMPRESSED   0x00000004   Data   RW          868    .data.s_wUSUnit     lto-llvm-44c51f.o
    0x2000010c   COMPRESSED   0x00000010   Data   RW          847    .data.sbeep         lto-llvm-44c51f.o
    0x2000011c   COMPRESSED   0x00000038   Data   RW          850    .data.sol_temp_ec11  lto-llvm-44c51f.o
    0x20000154   COMPRESSED   0x00000001   Data   RW          751    .data.sol_temp_ec11_event  lto-llvm-44c51f.o
    0x20000155   COMPRESSED   0x0000002b   PAD
    0x20000180        -       0x00000001   Zero   RW          848    .bss.BeepProc.s_BeepStartTime  lto-llvm-44c51f.o
    0x20000181   COMPRESSED   0x00000001   PAD
    0x20000182        -       0x00000002   Zero   RW          804    .bss.Disp_Set_Handle.sleep_time  lto-llvm-44c51f.o
    0x20000184        -       0x00000002   Zero   RW          803    .bss.Disp_Set_Handle.temp_val  lto-llvm-44c51f.o
    0x20000186        -       0x00000002   Zero   RW          796    .bss.Display_Handle.show_air  lto-llvm-44c51f.o
    0x20000188        -       0x00000002   Zero   RW          795    .bss.Display_Handle.show_air_temp  lto-llvm-44c51f.o
    0x2000018a        -       0x00000002   Zero   RW          797    .bss.Display_Handle.show_sol_temp  lto-llvm-44c51f.o
    0x2000018c        -       0x00000001   Zero   RW          852    .bss.EC11_Scan.a_now  lto-llvm-44c51f.o
    0x2000018d        -       0x00000001   Zero   RW          853    .bss.EC11_Scan.b_now  lto-llvm-44c51f.o
    0x2000018e        -       0x00000001   Zero   RW          854    .bss.EC11_Scan.key_now  lto-llvm-44c51f.o
    0x2000018f   COMPRESSED   0x00000001   PAD
    0x20000190        -       0x00000002   Zero   RW          775    .bss.FlashProc.a_ver  lto-llvm-44c51f.o
    0x20000192        -       0x00000002   Zero   RW          754    .bss.FlashProc.air_last_set_temp  lto-llvm-44c51f.o
    0x20000194        -       0x00000002   Zero   RW          776    .bss.FlashProc.b_ver  lto-llvm-44c51f.o
    0x20000196        -       0x00000002   Zero   RW          777    .bss.FlashProc.data_change_delay  lto-llvm-44c51f.o
    0x20000198        -       0x00000001   Zero   RW          774    .bss.FlashProc.flash_count  lto-llvm-44c51f.o
    0x20000199   COMPRESSED   0x00000001   PAD
    0x2000019a        -       0x00000002   Zero   RW          773    .bss.FlashProc.flash_version  lto-llvm-44c51f.o
    0x2000019c        -       0x00000002   Zero   RW          768    .bss.FlashProc.last_air_cal_data  lto-llvm-44c51f.o
    0x2000019e        -       0x00000001   Zero   RW          771    .bss.FlashProc.last_air_sleep_mode  lto-llvm-44c51f.o
    0x2000019f   COMPRESSED   0x00000001   PAD
    0x200001a0        -       0x00000002   Zero   RW          756    .bss.FlashProc.last_ch1_air_set_temp  lto-llvm-44c51f.o
    0x200001a2        -       0x00000002   Zero   RW          757    .bss.FlashProc.last_ch1_set_wind  lto-llvm-44c51f.o
    0x200001a4        -       0x00000002   Zero   RW          763    .bss.FlashProc.last_ch1_sol_set_temp  lto-llvm-44c51f.o
    0x200001a6        -       0x00000002   Zero   RW          758    .bss.FlashProc.last_ch2_air_set_temp  lto-llvm-44c51f.o
    0x200001a8        -       0x00000002   Zero   RW          759    .bss.FlashProc.last_ch2_set_wind  lto-llvm-44c51f.o
    0x200001aa        -       0x00000002   Zero   RW          764    .bss.FlashProc.last_ch2_sol_set_temp  lto-llvm-44c51f.o
    0x200001ac        -       0x00000002   Zero   RW          760    .bss.FlashProc.last_ch3_air_set_temp  lto-llvm-44c51f.o
    0x200001ae        -       0x00000002   Zero   RW          761    .bss.FlashProc.last_ch3_set_wind  lto-llvm-44c51f.o
    0x200001b0        -       0x00000002   Zero   RW          765    .bss.FlashProc.last_ch3_sol_set_temp  lto-llvm-44c51f.o
    0x200001b2        -       0x00000001   Zero   RW          770    .bss.FlashProc.last_display_lock_mode  lto-llvm-44c51f.o
    0x200001b3   COMPRESSED   0x00000001   PAD
    0x200001b4        -       0x00000002   Zero   RW          755    .bss.FlashProc.last_set_wind  lto-llvm-44c51f.o
    0x200001b6        -       0x00000002   Zero   RW          769    .bss.FlashProc.last_sol_cal_data  lto-llvm-44c51f.o
    0x200001b8        -       0x00000001   Zero   RW          772    .bss.FlashProc.last_sol_sleep_time  lto-llvm-44c51f.o
    0x200001b9        -       0x00000001   Zero   RW          767    .bss.FlashProc.last_speak_mode  lto-llvm-44c51f.o
    0x200001ba        -       0x00000001   Zero   RW          766    .bss.FlashProc.last_temp_unit_mode  lto-llvm-44c51f.o
    0x200001bb        -       0x00000001   Zero   RW          778    .bss.FlashProc.need_save_flash  lto-llvm-44c51f.o
    0x200001bc        -       0x00000001   Zero   RW          753    .bss.FlashProc.sflash.0  lto-llvm-44c51f.o
    0x200001bd   COMPRESSED   0x00000001   PAD
    0x200001be        -       0x00000002   Zero   RW          762    .bss.FlashProc.sol_last_set_temp  lto-llvm-44c51f.o
    0x200001c0        -       0x00000001   Zero   RW          729    .bss.SysTick_Handler.first_in  lto-llvm-44c51f.o
    0x200001c1   COMPRESSED   0x00000003   PAD
    0x200001c4        -       0x00000004   Zero   RW          741    .bss.WriteDataToPC.crc_value  lto-llvm-44c51f.o
    0x200001c8        -       0x00000002   Zero   RW          727    .bss.adc1_ordinary_value  lto-llvm-44c51f.o
    0x200001ca   COMPRESSED   0x00000002   PAD
    0x200001cc        -       0x0000002c   Zero   RW          832    .bss.air_handle_pid  lto-llvm-44c51f.o
    0x200001f8        -       0x00000004   Zero   RW          813    .bss.air_pwm_control.air_last_set_temp  lto-llvm-44c51f.o
    0x200001fc        -       0x00000004   Zero   RW          812    .bss.air_pwm_control.air_set_temp  lto-llvm-44c51f.o
    0x20000200        -       0x00000001   Zero   RW          815    .bss.air_pwm_control.change_flag  lto-llvm-44c51f.o
    0x20000201   COMPRESSED   0x00000001   PAD
    0x20000202        -       0x00000002   Zero   RW          814    .bss.air_pwm_control.delay_time  lto-llvm-44c51f.o
    0x20000204        -       0x00000004   Zero   RW          811    .bss.air_pwm_control.temp  lto-llvm-44c51f.o
    0x20000208        -       0x00000030   Zero   RW          843    .bss.air_temp       lto-llvm-44c51f.o
    0x20000238        -       0x00000001   Zero   RW          743    .bss.air_temp_ec11_analyze_result  lto-llvm-44c51f.o
    0x20000239        -       0x00000001   Zero   RW          750    .bss.air_temp_long_press_handled  lto-llvm-44c51f.o
    0x2000023a        -       0x00000001   Zero   RW          724    .bss.beep_task.warning_time  lto-llvm-44c51f.o
    0x2000023b        -       0x00000001   Zero   RW          787    .bss.buffer_disp_air.0  lto-llvm-44c51f.o
    0x2000023c        -       0x00000001   Zero   RW          788    .bss.buffer_disp_air.1  lto-llvm-44c51f.o
    0x2000023d        -       0x00000001   Zero   RW          789    .bss.buffer_disp_air.2  lto-llvm-44c51f.o
    0x2000023e        -       0x00000001   Zero   RW          790    .bss.buffer_disp_air_temp.0  lto-llvm-44c51f.o
    0x2000023f        -       0x00000001   Zero   RW          791    .bss.buffer_disp_air_temp.1  lto-llvm-44c51f.o
    0x20000240        -       0x00000001   Zero   RW          792    .bss.buffer_disp_air_temp.2  lto-llvm-44c51f.o
    0x20000241        -       0x00000001   Zero   RW          800    .bss.buffer_disp_set.0  lto-llvm-44c51f.o
    0x20000242        -       0x00000001   Zero   RW          801    .bss.buffer_disp_set.1  lto-llvm-44c51f.o
    0x20000243        -       0x00000001   Zero   RW          802    .bss.buffer_disp_set.2  lto-llvm-44c51f.o
    0x20000244        -       0x00000001   Zero   RW          784    .bss.buffer_disp_sol_temp.0  lto-llvm-44c51f.o
    0x20000245        -       0x00000001   Zero   RW          785    .bss.buffer_disp_sol_temp.1  lto-llvm-44c51f.o
    0x20000246        -       0x00000001   Zero   RW          786    .bss.buffer_disp_sol_temp.2  lto-llvm-44c51f.o
    0x20000247        -       0x00000400   Zero   RW          837    .bss.chUsart1RxBuffer  lto-llvm-44c51f.o
    0x20000647        -       0x00000400   Zero   RW          838    .bss.chUsart1TxBuffer  lto-llvm-44c51f.o
    0x20000a47        -       0x00000001   Zero   RW          783    .bss.disp_digit_all.step_n  lto-llvm-44c51f.o
    0x20000a48        -       0x00000001   Zero   RW          798    .bss.dispmenu_pageoption.step_n  lto-llvm-44c51f.o
    0x20000a49        -       0x00000001   Zero   RW          809    .bss.fan_control.control_step  lto-llvm-44c51f.o
    0x20000a4a        -       0x00000001   Zero   RW          810    .bss.fan_control.fan_run_flag  lto-llvm-44c51f.o
    0x20000a4b        -       0x00000001   Zero   RW          723    .bss.feed_dog_task.first_in  lto-llvm-44c51f.o
    0x20000a4c        -       0x00000001   Zero   RW          745    .bss.g_air_ec11_analyze_result  lto-llvm-44c51f.o
    0x20000a4d   COMPRESSED   0x00000003   PAD
    0x20000a50        -       0x00000008   Zero   RW          862    .bss.g_lLastTimeStamp  lto-llvm-44c51f.o
    0x20000a58        -       0x00000004   Zero   RW          861    .bss.g_nOffset      lto-llvm-44c51f.o
    0x20000a5c        -       0x00000001   Zero   RW          828    .bss.get_air_handle_error_state.get_step  lto-llvm-44c51f.o
    0x20000a5d        -       0x00000001   Zero   RW          825    .bss.get_air_handle_position.test_time  lto-llvm-44c51f.o
    0x20000a5e        -       0x00000001   Zero   RW          826    .bss.get_air_handle_position.test_time1  lto-llvm-44c51f.o
    0x20000a5f        -       0x00000001   Zero   RW          827    .bss.get_air_handle_work_state.first_state  lto-llvm-44c51f.o
    0x20000a60        -       0x00000001   Zero   RW          781    .bss.get_key.set_done  lto-llvm-44c51f.o
    0x20000a61        -       0x00000001   Zero   RW          831    .bss.get_sol_handle_state.no_sleep_times  lto-llvm-44c51f.o
    0x20000a62        -       0x00000001   Zero   RW          830    .bss.get_sol_handle_state.sleep_times  lto-llvm-44c51f.o
    0x20000a63        -       0x00000001   Zero   RW          740    .bss.iap_flag       lto-llvm-44c51f.o
    0x20000a64   COMPRESSED   0x0000001c   PAD
    0x20000a80        -       0x000004a4   Zero   RW          858    .bss.noinit         lto-llvm-44c51f.o
    0x20000f24        -       0x000000c4   Zero   RW          735    .bss.object         lto-llvm-44c51f.o
    0x20000fe8        -       0x00000030   Zero   RW          845    .bss.over_load      lto-llvm-44c51f.o
    0x20001018        -       0x00000001   Zero   RW          738    .bss.pc_comm_handle.time  lto-llvm-44c51f.o
    0x20001019   COMPRESSED   0x00000003   PAD
    0x2000101c        -       0x00000214   Zero   RW          739    .bss.pc_data        lto-llvm-44c51f.o
    0x20001230        -       0x00000124   Zero   RW          835    .bss.sFWDS201_t     lto-llvm-44c51f.o
    0x20001354   COMPRESSED   0x00000004   PAD
    0x20001358        -       0x00000008   Zero   RW          870    .bss.s_lOldTimestamp  lto-llvm-44c51f.o
    0x20001360        -       0x00000008   Zero   RW          872    .bss.s_lOldTimestampMS  lto-llvm-44c51f.o
    0x20001368        -       0x00000008   Zero   RW          871    .bss.s_lOldTimestampUS  lto-llvm-44c51f.o
    0x20001370        -       0x00000008   Zero   RW          863    .bss.s_lSystemClockCounts  lto-llvm-44c51f.o
    0x20001378        -       0x00000008   Zero   RW          866    .bss.s_lSystemMS    lto-llvm-44c51f.o
    0x20001380        -       0x00000008   Zero   RW          869    .bss.s_lSystemUS    lto-llvm-44c51f.o
    0x20001388        -       0x00000004   Zero   RW          864    .bss.s_wMSResidule  lto-llvm-44c51f.o
    0x2000138c        -       0x00000004   Zero   RW          867    .bss.s_wUSResidule  lto-llvm-44c51f.o
    0x20001390        -       0x0000002c   Zero   RW          833    .bss.sol_115_handle_pid  lto-llvm-44c51f.o
    0x200013bc        -       0x0000002c   Zero   RW          834    .bss.sol_210_handle_pid  lto-llvm-44c51f.o
    0x200013e8        -       0x00000001   Zero   RW          818    .bss.sol_pwm_control.constant_temp_flag  lto-llvm-44c51f.o
    0x200013e9   COMPRESSED   0x00000003   PAD
    0x200013ec        -       0x00000004   Zero   RW          816    .bss.sol_pwm_control.last_set_temp  lto-llvm-44c51f.o
    0x200013f0        -       0x00000004   Zero   RW          817    .bss.sol_pwm_control.temp  lto-llvm-44c51f.o
    0x200013f4        -       0x00000001   Zero   RW          824    .bss.sol_rpc_control.rpc_times  lto-llvm-44c51f.o
    0x200013f5        -       0x00000001   Zero   RW          820    .bss.sol_sleep_control.first_in  lto-llvm-44c51f.o
    0x200013f6        -       0x00000001   Zero   RW          821    .bss.sol_sleep_control.first_sleep  lto-llvm-44c51f.o
    0x200013f7   COMPRESSED   0x00000001   PAD
    0x200013f8        -       0x00000002   Zero   RW          822    .bss.sol_sleep_control.time_count_ms  lto-llvm-44c51f.o
    0x200013fa        -       0x00000001   Zero   RW          823    .bss.sol_sleep_control.time_count_s  lto-llvm-44c51f.o
    0x200013fb        -       0x00000001   Zero   RW          819    .bss.sol_sleep_control.wake_up_flag  lto-llvm-44c51f.o
    0x200013fc        -       0x00000030   Zero   RW          844    .bss.sol_temp       lto-llvm-44c51f.o
    0x2000142c        -       0x00000001   Zero   RW          744    .bss.sol_temp_ec11_analyze_result  lto-llvm-44c51f.o
    0x2000142d        -       0x00000001   Zero   RW          752    .bss.sol_temp_ec11_event_handle.delay_time  lto-llvm-44c51f.o
    0x2000142e   COMPRESSED   0x00000002   PAD
    0x20001430        -       0x00000024   Zero   RW          841    .bss.tUart4Buffer   lto-llvm-44c51f.o
    0x20001454        -       0x00000024   Zero   RW          842    .bss.tUart5Buffer   lto-llvm-44c51f.o
    0x20001478        -       0x00000024   Zero   RW          836    .bss.tUsart1Buffer  lto-llvm-44c51f.o
    0x2000149c        -       0x00000024   Zero   RW          839    .bss.tUsart2Buffer  lto-llvm-44c51f.o
    0x200014c0        -       0x00000024   Zero   RW          840    .bss.tUsart3Buffer  lto-llvm-44c51f.o
    0x200014e4        -       0x00000004   Zero   RW          732    .bss.timebase_ticks  lto-llvm-44c51f.o
    0x200014e8        -       0x00000004   Zero   RW          726    .bss.tmr2_ch1_readvalue  lto-llvm-44c51f.o
    0x200014ec        -       0x00000018   Zero   RW          736    .bss.tmt            lto-llvm-44c51f.o
    0x20001504   COMPRESSED   0x00000004   PAD
    0x20001508        -       0x00000400   Zero   RW           29    STACK               startup_at32f415.o


==============================================================================

Image component sizes


      Code (inc. data)   RO Data    RW Data    ZI Data      Debug   Object Name

     48964        284        231        332       4940     185218   lto-llvm-44c51f.o
        36          8        368          0       1024        776   startup_at32f415.o
        28          8          0          0          0        464   systick_wrapper_gnu.o

    ----------------------------------------------------------------------
     49276        300        632        344       6064     186458   Object Totals
         0          0         32          0          0          0   (incl. Generated)
       248          0          1         12        100          0   (incl. Padding)

    ----------------------------------------------------------------------

      Code (inc. data)   RO Data    RW Data    ZI Data      Debug   Library Member Name

        86          0          0          0          0          0   __dczerorl2.o
        40          8          0          0          0         80   cpp_init.o
         0          0          0          0          0          0   entry.o
         0          0          0          0          0          0   entry10a.o
         0          0          0          0          0          0   entry11a.o
         8          4          0          0          0          0   entry2.o
         4          0          0          0          0          0   entry5.o
         0          0          0          0          0          0   entry7b.o
         4          0          0          0          0          0   entry8a.o
         0          0          0          0          0          0   entry8b.o
         8          4          0          0          0          0   entry9a.o
        30          0          0          0          0          0   handlers.o
        48         10          0          0          0         68   init.o
         0          0          0          0          0          0   iusefp.o
        98          0          0          0          0         84   ldiv.o
        30          0          0          0          0         68   llshl.o
        36          0          0          0          0         68   llsshr.o
        32          0          0          0          0         68   llushr.o
        36          0          0          0          0        108   memseta.o
        98          0          0          0          0         92   uldiv.o
        56          0          0          0          0         88   d2f.o
       334          0          0          0          0        148   dadd.o
       222          0          0          0          0        100   ddiv.o
       186          0          0          0          0        176   depilogue.o
        50          0          0          0          0         76   dfixui.o
        26          0          0          0          0         76   dfltui.o
       228          0          0          0          0         96   dmul.o
        38          0          0          0          0         68   f2d.o
       176          0          0          0          0        140   fadd.o
        28          0          0          0          0         68   fcmpeq.o
        28          0          0          0          0         68   fcmpge.o
        28          0          0          0          0         68   fcmpgt.o
        28          0          0          0          0         68   fcmple.o
        28          0          0          0          0         68   fcmplt.o
       124          0          0          0          0         88   fdiv.o
       110          0          0          0          0        168   fepilogue.o
        50          0          0          0          0         68   ffixi.o
        40          0          0          0          0         68   ffixui.o
        18          0          0          0          0         68   fflti.o
        10          0          0          0          0         68   ffltui.o
       100          0          0          0          0         76   fmul.o

    ----------------------------------------------------------------------
      2472         26          0          0          0       2548   Library Totals
         6          0          0          0          0          0   (incl. Padding)

    ----------------------------------------------------------------------

      Code (inc. data)   RO Data    RW Data    ZI Data      Debug   Library Name

       558         26          0          0          0        636   mc_w.l
      1908          0          0          0          0       1912   mf_w.l

    ----------------------------------------------------------------------
      2472         26          0          0          0       2548   Library Totals

    ----------------------------------------------------------------------

==============================================================================


      Code (inc. data)   RO Data    RW Data    ZI Data      Debug   

     51748        326        632        344       6064     187886   Grand Totals
     51748        326        632        192       6064     187886   ELF Image Totals (compressed)
     51748        326        632        192          0          0   ROM Totals

==============================================================================

    Total RO  Size (Code + RO Data)                52380 (  51.15kB)
    Total RW  Size (RW Data + ZI Data)              6408 (   6.26kB)
    Total ROM Size (Code + RO Data + RW Data)      52572 (  51.34kB)

==============================================================================

