Component: Arm Compiler for Embedded 6.23 Tool: armlink [5f102400]

==============================================================================

Section Cross References

    main.o(.text) refers (Special) to systick_wrapper_gnu.o(.text) for __ensure_systick_wrapper
    main.o(.text.main) refers (Special) to systick_wrapper_gnu.o(.text) for __ensure_systick_wrapper
    main.o(.text.main) refers to at32f415_misc.o(.text.nvic_vector_table_set) for nvic_vector_table_set
    main.o(.text.main) refers to at32f415_wk_config.o(.text.wk_system_clock_config) for wk_system_clock_config
    main.o(.text.main) refers to at32f415_wk_config.o(.text.wk_periph_clock_config) for wk_periph_clock_config
    main.o(.text.main) refers to wk_debug.o(.text.wk_debug_config) for wk_debug_config
    main.o(.text.main) refers to at32f415_wk_config.o(.text.wk_nvic_config) for wk_nvic_config
    main.o(.text.main) refers to wk_system.o(.text.wk_timebase_init) for wk_timebase_init
    main.o(.text.main) refers to wk_gpio.o(.text.wk_gpio_config) for wk_gpio_config
    main.o(.text.main) refers to wk_dma.o(.text.wk_dma1_channel1_init) for wk_dma1_channel1_init
    main.o(.text.main) refers to wk_dma.o(.text.wk_dma_channel_config) for wk_dma_channel_config
    main.o(.text.main) refers to at32f415_dma.o(.text.dma_channel_enable) for dma_channel_enable
    main.o(.text.main) refers to wk_usart.o(.text.wk_usart1_init) for wk_usart1_init
    main.o(.text.main) refers to wk_adc.o(.text.wk_adc1_init) for wk_adc1_init
    main.o(.text.main) refers to wk_tmr.o(.text.wk_tmr2_init) for wk_tmr2_init
    main.o(.text.main) refers to wk_tmr.o(.text.wk_tmr3_init) for wk_tmr3_init
    main.o(.text.main) refers to wk_tmr.o(.text.wk_tmr5_init) for wk_tmr5_init
    main.o(.text.main) refers to wk_crc.o(.text.wk_crc_init) for wk_crc_init
    main.o(.text.main) refers to wk_wdt.o(.text.wk_wdt_init) for wk_wdt_init
    main.o(.text.main) refers to tmt.o(.text.tmt_init) for tmt_init
    main.o(.text.main) refers to tmt.o(.bss.tmt) for tmt
    main.o(.text.main) refers to main.o(.text.iap_task) for iap_task
    main.o(.text.main) refers to main.o(.text.feed_dog_task) for feed_dog_task
    main.o(.text.main) refers to main.o(.text.pc_comm_task) for pc_comm_task
    main.o(.text.main) refers to main.o(.text.beep_task) for beep_task
    main.o(.text.main) refers to main.o(.text.ec11_task) for ec11_task
    main.o(.text.main) refers to main.o(.text.flash_task) for flash_task
    main.o(.text.main) refers to main.o(.text.key_task) for key_task
    main.o(.text.main) refers to main.o(.text.led_task) for led_task
    main.o(.text.main) refers to main.o(.text.output_task) for output_task
    main.o(.text.main) refers to iap.o(.text.iap_init) for iap_init
    main.o(.text.main) refers to at32_usart.o(.text.BSP_UsartInit) for BSP_UsartInit
    main.o(.text.main) refers to adc_filter.o(.bss.air_temp) for air_temp
    main.o(.text.main) refers to adc_filter.o(.text.filter_init) for filter_init
    main.o(.text.main) refers to adc_filter.o(.bss.sol_temp) for sol_temp
    main.o(.text.main) refers to adc_filter.o(.bss.over_load) for over_load
    main.o(.text.main) refers to pid_handle.o(.bss.air_handle_pid) for air_handle_pid
    main.o(.text.main) refers to pid_handle.o(.text.PID_Init) for PID_Init
    main.o(.text.main) refers to pid_handle.o(.bss.sol_115_handle_pid) for sol_115_handle_pid
    main.o(.text.main) refers to pid_handle.o(.bss.sol_210_handle_pid) for sol_210_handle_pid
    main.o(.text.main) refers to ds201_handle.o(.bss.sFWDS201_t) for sFWDS201_t
    main.o(.text.main) refers to ds201_handle.o(.text.FWDS201_Init) for FWDS201_Init
    main.o(.text.main) refers to perf_counter.o(.text.init_cycle_counter) for init_cycle_counter
    main.o(.text.main) refers to eventrecorder.o(.text.EventRecorderInitialize) for EventRecorderInitialize
    main.o(.ARM.exidx.text.main) refers (Special) to systick_wrapper_gnu.o(.text) for __ensure_systick_wrapper
    main.o(.ARM.exidx.text.main) refers to main.o(.text.main) for [Anonymous Symbol]
    main.o(.text.iap_task) refers (Special) to systick_wrapper_gnu.o(.text) for __ensure_systick_wrapper
    main.o(.text.iap_task) refers to iap.o(.text.iap_command_handle) for iap_command_handle
    main.o(.ARM.exidx.text.iap_task) refers (Special) to systick_wrapper_gnu.o(.text) for __ensure_systick_wrapper
    main.o(.ARM.exidx.text.iap_task) refers to main.o(.text.iap_task) for [Anonymous Symbol]
    main.o(.text.feed_dog_task) refers (Special) to systick_wrapper_gnu.o(.text) for __ensure_systick_wrapper
    main.o(.text.feed_dog_task) refers to main.o(.bss.feed_dog_task.first_in) for feed_dog_task.first_in
    main.o(.text.feed_dog_task) refers to at32f415_wdt.o(.text.wdt_counter_reload) for wdt_counter_reload
    main.o(.ARM.exidx.text.feed_dog_task) refers (Special) to systick_wrapper_gnu.o(.text) for __ensure_systick_wrapper
    main.o(.ARM.exidx.text.feed_dog_task) refers to main.o(.text.feed_dog_task) for [Anonymous Symbol]
[...]
    _printf_x                                0x00000000   Number         0  printfstubs.o ABSOLUTE
    __cxa_finalize                            - Undefined Weak Reference
    _clock_init                               - Undefined Weak Reference
    _microlib_exit                            - Undefined Weak Reference
    __Vectors_Size                           0x00000170   Number         0  startup_at32f415.o ABSOLUTE
    __Vectors                                0x08004000   Data           4  startup_at32f415.o(RESET)
    __Vectors_End                            0x08004170   Data           0  startup_at32f415.o(RESET)
    __main                                   0x08004171   Thumb Code     0  entry.o(.ARM.Collect$$$$00000000)
    _main_stk                                0x08004171   Thumb Code     0  entry2.o(.ARM.Collect$$$$00000001)
    _main_scatterload                        0x08004175   Thumb Code     0  entry5.o(.ARM.Collect$$$$00000004)
    __main_after_scatterload                 0x08004179   Thumb Code     0  entry5.o(.ARM.Collect$$$$00000004)
    _main_clock                              0x08004179   Thumb Code     0  entry7b.o(.ARM.Collect$$$$00000008)
    _main_cpp_init$empty                     0x08004179   Thumb Code     0  entry8a.o(.ARM.Collect$$$$00000009)
    _main_cpp_init                           0x0800417d   Thumb Code     0  entry8b.o(.ARM.Collect$$$$0000000A)
    _main_init                               0x0800417d   Thumb Code     0  entry9a.o(.ARM.Collect$$$$0000000B)
    __rt_final_cpp                           0x08004185   Thumb Code     0  entry10a.o(.ARM.Collect$$$$0000000D)
    __rt_final_exit                          0x08004185   Thumb Code     0  entry11a.o(.ARM.Collect$$$$0000000F)
    Reset_Handler                            0x08004189   Thumb Code     8  startup_at32f415.o(.text)
    ADC1_IRQHandler                          0x080041a3   Thumb Code     0  startup_at32f415.o(.text)
    CAN1_RX0_IRQHandler                      0x080041a3   Thumb Code     0  startup_at32f415.o(.text)
    CAN1_RX1_IRQHandler                      0x080041a3   Thumb Code     0  startup_at32f415.o(.text)
    CAN1_SE_IRQHandler                       0x080041a3   Thumb Code     0  startup_at32f415.o(.text)
    CAN1_TX_IRQHandler                       0x080041a3   Thumb Code     0  startup_at32f415.o(.text)
    CMP1_IRQHandler                          0x080041a3   Thumb Code     0  startup_at32f415.o(.text)
    CMP2_IRQHandler                          0x080041a3   Thumb Code     0  startup_at32f415.o(.text)
    CRM_IRQHandler                           0x080041a3   Thumb Code     0  startup_at32f415.o(.text)
    DMA1_Channel1_IRQHandler                 0x080041a3   Thumb Code     0  startup_at32f415.o(.text)
    DMA1_Channel2_IRQHandler                 0x080041a3   Thumb Code     0  startup_at32f415.o(.text)
    DMA1_Channel3_IRQHandler                 0x080041a3   Thumb Code     0  startup_at32f415.o(.text)
    DMA1_Channel4_IRQHandler                 0x080041a3   Thumb Code     0  startup_at32f415.o(.text)
    DMA1_Channel5_IRQHandler                 0x080041a3   Thumb Code     0  startup_at32f415.o(.text)
    DMA1_Channel6_IRQHandler                 0x080041a3   Thumb Code     0  startup_at32f415.o(.text)
    DMA1_Channel7_IRQHandler                 0x080041a3   Thumb Code     0  startup_at32f415.o(.text)
    DMA2_Channel1_IRQHandler                 0x080041a3   Thumb Code     0  startup_at32f415.o(.text)
    DMA2_Channel2_IRQHandler                 0x080041a3   Thumb Code     0  startup_at32f415.o(.text)
    DMA2_Channel3_IRQHandler                 0x080041a3   Thumb Code     0  startup_at32f415.o(.text)
    DMA2_Channel4_5_IRQHandler               0x080041a3   Thumb Code     0  startup_at32f415.o(.text)
    DMA2_Channel6_7_IRQHandler               0x080041a3   Thumb Code     0  startup_at32f415.o(.text)
    ERTCAlarm_IRQHandler                     0x080041a3   Thumb Code     0  startup_at32f415.o(.text)
    ERTC_WKUP_IRQHandler                     0x080041a3   Thumb Code     0  startup_at32f415.o(.text)
    EXINT0_IRQHandler                        0x080041a3   Thumb Code     0  startup_at32f415.o(.text)
    EXINT15_10_IRQHandler                    0x080041a3   Thumb Code     0  startup_at32f415.o(.text)
    EXINT1_IRQHandler                        0x080041a3   Thumb Code     0  startup_at32f415.o(.text)
    EXINT2_IRQHandler                        0x080041a3   Thumb Code     0  startup_at32f415.o(.text)
    EXINT3_IRQHandler                        0x080041a3   Thumb Code     0  startup_at32f415.o(.text)
    EXINT4_IRQHandler                        0x080041a3   Thumb Code     0  startup_at32f415.o(.text)
    EXINT9_5_IRQHandler                      0x080041a3   Thumb Code     0  startup_at32f415.o(.text)
    FLASH_IRQHandler                         0x080041a3   Thumb Code     0  startup_at32f415.o(.text)
    I2C1_ERR_IRQHandler                      0x080041a3   Thumb Code     0  startup_at32f415.o(.text)
    I2C1_EVT_IRQHandler                      0x080041a3   Thumb Code     0  startup_at32f415.o(.text)
    I2C2_ERR_IRQHandler                      0x080041a3   Thumb Code     0  startup_at32f415.o(.text)
    I2C2_EVT_IRQHandler                      0x080041a3   Thumb Code     0  startup_at32f415.o(.text)
    OTGFS1_IRQHandler                        0x080041a3   Thumb Code     0  startup_at32f415.o(.text)
    OTGFS1_WKUP_IRQHandler                   0x080041a3   Thumb Code     0  startup_at32f415.o(.text)
    PVM_IRQHandler                           0x080041a3   Thumb Code     0  startup_at32f415.o(.text)
    SDIO1_IRQHandler                         0x080041a3   Thumb Code     0  startup_at32f415.o(.text)
    SPI1_IRQHandler                          0x080041a3   Thumb Code     0  startup_at32f415.o(.text)
    SPI2_IRQHandler                          0x080041a3   Thumb Code     0  startup_at32f415.o(.text)
    TAMP_STAMP_IRQHandler                    0x080041a3   Thumb Code     0  startup_at32f415.o(.text)
    TMR1_BRK_TMR9_IRQHandler                 0x080041a3   Thumb Code     0  startup_at32f415.o(.text)
    TMR1_CH_IRQHandler                       0x080041a3   Thumb Code     0  startup_at32f415.o(.text)
    TMR1_OVF_TMR10_IRQHandler                0x080041a3   Thumb Code     0  startup_at32f415.o(.text)
    TMR1_TRG_HALL_TMR11_IRQHandler           0x080041a3   Thumb Code     0  startup_at32f415.o(.text)
    TMR4_GLOBAL_IRQHandler                   0x080041a3   Thumb Code     0  startup_at32f415.o(.text)
    TMR5_GLOBAL_IRQHandler                   0x080041a3   Thumb Code     0  startup_at32f415.o(.text)
    UART4_IRQHandler                         0x080041a3   Thumb Code     0  startup_at32f415.o(.text)
    UART5_IRQHandler                         0x080041a3   Thumb Code     0  startup_at32f415.o(.text)
    USART2_IRQHandler                        0x080041a3   Thumb Code     0  startup_at32f415.o(.text)
    USART3_IRQHandler                        0x080041a3   Thumb Code     0  startup_at32f415.o(.text)
    WWDT_IRQHandler                          0x080041a3   Thumb Code     0  startup_at32f415.o(.text)
    SysTick_Handler                          0x080041ad   Thumb Code     0  systick_wrapper_gnu.o(.text)
    __ensure_systick_wrapper                 0x080041bf   Thumb Code     0  systick_wrapper_gnu.o(.text)
    __aeabi_ldivmod                          0x080041c9   Thumb Code    98  ldiv.o(.text)
    __aeabi_memset                           0x0800422b   Thumb Code    14  memseta.o(.text)
    __aeabi_memset4                          0x0800422b   Thumb Code     0  memseta.o(.text)
    __aeabi_memset8                          0x0800422b   Thumb Code     0  memseta.o(.text)
    __aeabi_memclr                           0x08004239   Thumb Code     4  memseta.o(.text)
    __aeabi_memclr4                          0x08004239   Thumb Code     0  memseta.o(.text)
    __aeabi_memclr8                          0x08004239   Thumb Code     0  memseta.o(.text)
    _memset$wrapper                          0x0800423d   Thumb Code    18  memseta.o(.text)
    __cpp_initialize__aeabi_                 0x08004251   Thumb Code    32  cpp_init.o(.text)
    __aeabi_fadd                             0x08004279   Thumb Code   164  fadd.o(.text)
    __aeabi_fsub                             0x0800431d   Thumb Code     6  fadd.o(.text)
    __aeabi_frsub                            0x08004323   Thumb Code     6  fadd.o(.text)
    __aeabi_fmul                             0x08004329   Thumb Code   100  fmul.o(.text)
    __aeabi_fdiv                             0x0800438d   Thumb Code   124  fdiv.o(.text)
    __aeabi_dadd                             0x08004409   Thumb Code   322  dadd.o(.text)
    __aeabi_dsub                             0x0800454b   Thumb Code     6  dadd.o(.text)
    __aeabi_drsub                            0x08004551   Thumb Code     6  dadd.o(.text)
    __aeabi_dmul                             0x08004557   Thumb Code   228  dmul.o(.text)
    __aeabi_ddiv                             0x0800463b   Thumb Code   222  ddiv.o(.text)
    __aeabi_fcmple                           0x08004719   Thumb Code    28  fcmple.o(.text)
    __aeabi_fcmplt                           0x08004735   Thumb Code    28  fcmplt.o(.text)
    __aeabi_fcmpge                           0x08004751   Thumb Code    28  fcmpge.o(.text)
    __aeabi_fcmpgt                           0x0800476d   Thumb Code    28  fcmpgt.o(.text)
    __aeabi_fcmpeq                           0x08004789   Thumb Code    28  fcmpeq.o(.text)
    __aeabi_i2f                              0x080047a5   Thumb Code    18  fflti.o(.text)
    __aeabi_ui2f                             0x080047b7   Thumb Code    10  ffltui.o(.text)
    __aeabi_ui2d                             0x080047c1   Thumb Code    26  dfltui.o(.text)
    __aeabi_f2iz                             0x080047db   Thumb Code    50  ffixi.o(.text)
    __aeabi_f2uiz                            0x0800480d   Thumb Code    40  ffixui.o(.text)
    __aeabi_d2uiz                            0x08004835   Thumb Code    50  dfixui.o(.text)
    __aeabi_f2d                              0x08004867   Thumb Code    38  f2d.o(.text)
    __aeabi_d2f                              0x0800488d   Thumb Code    56  d2f.o(.text)
    __aeabi_uldivmod                         0x080048c5   Thumb Code    98  uldiv.o(.text)
    __aeabi_llsl                             0x08004927   Thumb Code    30  llshl.o(.text)
    _ll_shift_l                              0x08004927   Thumb Code     0  llshl.o(.text)
    __aeabi_llsr                             0x08004945   Thumb Code    32  llushr.o(.text)
    _ll_ushift_r                             0x08004945   Thumb Code     0  llushr.o(.text)
    __aeabi_lasr                             0x08004965   Thumb Code    36  llsshr.o(.text)
    _ll_sshift_r                             0x08004965   Thumb Code     0  llsshr.o(.text)
    __I$use$fp                               0x08004989   Thumb Code     0  iusefp.o(.text)
    _float_round                             0x08004989   Thumb Code    18  fepilogue.o(.text)
    _float_epilogue                          0x0800499b   Thumb Code    92  fepilogue.o(.text)
    _double_round                            0x080049f7   Thumb Code    30  depilogue.o(.text)
    _double_epilogue                         0x08004a15   Thumb Code   156  depilogue.o(.text)
    __scatterload                            0x08004ab1   Thumb Code    38  init.o(.text)
    __scatterload_rt2                        0x08004ab1   Thumb Code     0  init.o(.text)
    __decompress                             0x08004ae1   Thumb Code     0  __dczerorl2.o(.text)
    __decompress1                            0x08004ae1   Thumb Code    86  __dczerorl2.o(.text)
    BSP_UsartInit                            0x08004b39   Thumb Code    60  at32_usart.o(.text.BSP_UsartInit)
    BeepProc                                 0x08004b75   Thumb Code   154  beep.o(.text.BeepProc)
    BusFault_Handler                         0x08004c11   Thumb Code     2  at32f415_int.o(.text.BusFault_Handler)
    C                                        0x08004c15   Thumb Code    34  led_handle.o(.text.C)
    DebugMon_Handler                         0x08004c39   Thumb Code     2  at32f415_int.o(.text.DebugMon_Handler)
    Disp_Set_Handle                          0x08004c3d   Thumb Code   338  led_handle.o(.text.Disp_Set_Handle)
    Display_Handle                           0x08004d91   Thumb Code   812  led_handle.o(.text.Display_Handle)
    E                                        0x080050bd   Thumb Code    34  led_handle.o(.text.E)
    EC11_Analyze                             0x080050e1   Thumb Code   396  encoderec11.o(.text.EC11_Analyze)
    EC11_Scan                                0x0800526d   Thumb Code   290  encoderec11.o(.text.EC11_Scan)
    EventRecorderInitialize                  0x08005b09   Thumb Code  2746  eventrecorder.o(.text.EventRecorderInitialize)
    EventRecorderTimerGetCount               0x080065c5   Thumb Code     8  perf_counter.o(.text.EventRecorderTimerGetCount)
    EventRecorderTimerGetFreq                0x080065cd   Thumb Code     4  perf_counter.o(.text.EventRecorderTimerGetFreq)
    EventRecorderTimerSetup                  0x080065d1   Thumb Code     4  perf_counter.o(.text.EventRecorderTimerSetup)
    F                                        0x080065d5   Thumb Code    34  led_handle.o(.text.F)
    FWDS201_Init                             0x080065f9   Thumb Code   216  ds201_handle.o(.text.FWDS201_Init)
    FlashProc                                0x080066d1   Thumb Code  2274  flash_handle.o(.text.FlashProc)
    H                                        0x08006fb5   Thumb Code    34  led_handle.o(.text.H)
    HardFault_Handler                        0x08006fd9   Thumb Code     2  at32f415_int.o(.text.HardFault_Handler)
    MemManage_Handler                        0x08006fdd   Thumb Code     2  at32f415_int.o(.text.MemManage_Handler)
    NMI_Handler                              0x08006fe1   Thumb Code     2  at32f415_int.o(.text.NMI_Handler)
    P                                        0x08006fe5   Thumb Code    34  led_handle.o(.text.P)
    PID_Clear                                0x08007009   Thumb Code    14  pid_handle.o(.text.PID_Clear)
    PID_Clear_I                              0x08007019   Thumb Code     6  pid_handle.o(.text.PID_Clear_I)
    PID_Init                                 0x08007021   Thumb Code    30  pid_handle.o(.text.PID_Init)
    PID_Position_Calc                        0x08007041   Thumb Code   246  pid_handle.o(.text.PID_Position_Calc)
    PendSV_Handler                           0x08007139   Thumb Code     2  at32f415_int.o(.text.PendSV_Handler)
    SVC_Handler                              0x0800713d   Thumb Code     2  at32f415_int.o(.text.SVC_Handler)
    $Super$$SysTick_Handler                  0x08007141   Thumb Code   360  at32f415_int.o(.text.SysTick_Handler)
    SystemInit                               0x080072a9   Thumb Code   168  system_at32f415.o(.text.SystemInit)
    TMR2_GLOBAL_IRQHandler                   0x08007351   Thumb Code    54  at32f415_int.o(.text.TMR2_GLOBAL_IRQHandler)
    TMR3_GLOBAL_IRQHandler                   0x08007389   Thumb Code    98  at32f415_int.o(.text.TMR3_GLOBAL_IRQHandler)
    USART1_IRQHandler                        0x080073ed   Thumb Code   126  at32_usart.o(.text.USART1_IRQHandler)
    USART1_TimeOutCounter                    0x0800746d   Thumb Code    40  at32_usart.o(.text.USART1_TimeOutCounter)
    UsageFault_Handler                       0x08007495   Thumb Code     2  at32f415_int.o(.text.UsageFault_Handler)
    __perf_counter_init                      0x080074c5   Thumb Code   150  perf_counter.o(.text.__perf_counter_init)
    __perf_os_patch_init                     0x0800755d   Thumb Code     2  perf_counter.o(.text.__perf_os_patch_init)
    adc_base_config                          0x08007561   Thumb Code    68  at32f415_adc.o(.text.adc_base_config)
    adc_base_default_para_init               0x080075a5   Thumb Code     8  at32f415_adc.o(.text.adc_base_default_para_init)
    adc_calibration_init                     0x080075ad   Thumb Code    10  at32f415_adc.o(.text.adc_calibration_init)
    adc_calibration_init_status_get          0x080075b9   Thumb Code     8  at32f415_adc.o(.text.adc_calibration_init_status_get)
    adc_calibration_start                    0x080075c1   Thumb Code    10  at32f415_adc.o(.text.adc_calibration_start)
    adc_calibration_status_get               0x080075cd   Thumb Code     8  at32f415_adc.o(.text.adc_calibration_status_get)
    adc_enable                               0x080075d5   Thumb Code    10  at32f415_adc.o(.text.adc_enable)
    adc_flag_get                             0x080075e1   Thumb Code    10  at32f415_adc.o(.text.adc_flag_get)
    adc_ordinary_channel_set                 0x080075ed   Thumb Code    96  at32f415_adc.o(.text.adc_ordinary_channel_set)
    adc_ordinary_conversion_data_get         0x0800764d   Thumb Code     6  at32f415_adc.o(.text.adc_ordinary_conversion_data_get)
    adc_ordinary_conversion_trigger_set      0x08007655   Thumb Code    58  at32f415_adc.o(.text.adc_ordinary_conversion_trigger_set)
    adc_ordinary_part_mode_enable            0x08007691   Thumb Code    18  at32f415_adc.o(.text.adc_ordinary_part_mode_enable)
    adc_ordinary_software_trigger_enable     0x080076a5   Thumb Code    18  at32f415_adc.o(.text.adc_ordinary_software_trigger_enable)
    adc_tempersensor_vintrv_enable           0x080076b9   Thumb Code    26  at32f415_adc.o(.text.adc_tempersensor_vintrv_enable)
    air_ec11_event_handle                    0x080076d5   Thumb Code   228  ec11_handle.o(.text.air_ec11_event_handle)
    air_pwm_control                          0x080077b9   Thumb Code   582  output_handle.o(.text.air_pwm_control)
    air_temp_ec11_event_handle               0x08007a01   Thumb Code   960  ec11_handle.o(.text.air_temp_ec11_event_handle)
    air_temp_ec11_get_event                  0x08007dc1   Thumb Code   410  ec11_handle.o(.text.air_temp_ec11_get_event)
    beep_handle                              0x08007f5d   Thumb Code    44  beep_handle.o(.text.beep_handle)
    beep_task                                0x08007fa9   Thumb Code    92  main.o(.text.beep_task)
    celsius                                  0x08008005   Thumb Code    34  led_handle.o(.text.celsius)
    check_data_all                           0x08008029   Thumb Code   720  flash_handle.o(.text.check_data_all)
    check_sol_over_current                   0x080082f9   Thumb Code    54  output_handle.o(.text.check_sol_over_current)
    convert_data                             0x08008331   Thumb Code   246  at32_usart.o(.text.convert_data)
    crc_block_calculate                      0x08008429   Thumb Code   102  at32f415_crc.o(.text.crc_block_calculate)
    crc_data_reset                           0x08008491   Thumb Code    18  at32f415_crc.o(.text.crc_data_reset)
    crc_init_data_set                        0x080084a5   Thumb Code    12  at32f415_crc.o(.text.crc_init_data_set)
    crc_poly_size_set                        0x080084b1   Thumb Code    26  at32f415_crc.o(.text.crc_poly_size_set)
    crc_poly_value_set                       0x080084cd   Thumb Code    12  at32f415_crc.o(.text.crc_poly_value_set)
    crc_reverse_input_data_set               0x080084d9   Thumb Code    26  at32f415_crc.o(.text.crc_reverse_input_data_set)
    crc_reverse_output_data_set              0x080084f5   Thumb Code    26  at32f415_crc.o(.text.crc_reverse_output_data_set)
    crm_adc_clock_div_set                    0x08008511   Thumb Code    28  at32f415_crm.o(.text.crm_adc_clock_div_set)
    crm_ahb_div_set                          0x0800852d   Thumb Code    26  at32f415_crm.o(.text.crm_ahb_div_set)
    crm_apb1_div_set                         0x08008549   Thumb Code    26  at32f415_crm.o(.text.crm_apb1_div_set)
    crm_apb2_div_set                         0x08008565   Thumb Code    26  at32f415_crm.o(.text.crm_apb2_div_set)
    crm_auto_step_mode_enable                0x08008581   Thumb Code    24  at32f415_crm.o(.text.crm_auto_step_mode_enable)
    crm_clock_source_enable                  0x08008599   Thumb Code   130  at32f415_crm.o(.text.crm_clock_source_enable)
    crm_clocks_freq_get                      0x0800861d   Thumb Code   260  at32f415_crm.o(.text.crm_clocks_freq_get)
    crm_flag_get                             0x08008739   Thumb Code    26  at32f415_crm.o(.text.crm_flag_get)
    crm_hext_stable_wait                     0x08008755   Thumb Code    52  at32f415_crm.o(.text.crm_hext_stable_wait)
    crm_periph_clock_enable                  0x08008789   Thumb Code    40  at32f415_crm.o(.text.crm_periph_clock_enable)
    crm_pll_config2                          0x080087b1   Thumb Code   134  at32f415_crm.o(.text.crm_pll_config2)
    crm_reset                                0x08008839   Thumb Code   122  at32f415_crm.o(.text.crm_reset)
    crm_sysclk_switch                        0x080088b5   Thumb Code    58  at32f415_crm.o(.text.crm_sysclk_switch)
    crm_sysclk_switch_status_get             0x080088f1   Thumb Code    16  at32f415_crm.o(.text.crm_sysclk_switch_status_get)
    data_check_len                           0x08008901   Thumb Code    50  flash_handle.o(.text.data_check_len)
    delay_us                                 0x08008935   Thumb Code    74  perf_counter.o(.text.delay_us)
    disp_digit_all                           0x08008981   Thumb Code   494  led_handle.o(.text.disp_digit_all)
    dispmenu_pageoption                      0x08008b71   Thumb Code   472  led_handle.o(.text.dispmenu_pageoption)
    dma_channel_enable                       0x08008d49   Thumb Code    10  at32f415_dma.o(.text.dma_channel_enable)
    dma_default_para_init                    0x08008d55   Thumb Code    14  at32f415_dma.o(.text.dma_default_para_init)
    dma_init                                 0x08008d65   Thumb Code   124  at32f415_dma.o(.text.dma_init)
    dma_reset                                0x08008de1   Thumb Code    90  at32f415_dma.o(.text.dma_reset)
    ec11_handle                              0x08008e3d   Thumb Code   226  ec11_handle.o(.text.ec11_handle)
    ec11_task                                0x08008f21   Thumb Code     4  main.o(.text.ec11_task)
    eight                                    0x08008f25   Thumb Code    34  led_handle.o(.text.eight)
    fahrenheit                               0x08008f49   Thumb Code    32  led_handle.o(.text.fahrenheit)
    fan_control                              0x08008f69   Thumb Code   488  output_handle.o(.text.fan_control)
    feed_dog_task                            0x08009151   Thumb Code    22  main.o(.text.feed_dog_task)
    filter_init                              0x08009169   Thumb Code    30  adc_filter.o(.text.filter_init)
    five                                     0x08009189   Thumb Code    34  led_handle.o(.text.five)
    flash_halfword_program                   0x080091ad   Thumb Code   390  at32f415_flash.o(.text.flash_halfword_program)
    flash_lock                               0x08009335   Thumb Code    18  at32f415_flash.o(.text.flash_lock)
    flash_sector_erase                       0x08009349   Thumb Code   398  at32f415_flash.o(.text.flash_sector_erase)
    flash_task                               0x080094d9   Thumb Code     4  main.o(.text.flash_task)
    flash_unlock                             0x080094dd   Thumb Code    30  at32f415_flash.o(.text.flash_unlock)
    flash_word_program                       0x080094fd   Thumb Code   390  at32f415_flash.o(.text.flash_word_program)
    flash_wred_halfword                      0x08009685   Thumb Code    40  flash.o(.text.flash_wred_halfword)
    four                                     0x080096ad   Thumb Code    34  led_handle.o(.text.four)
    get_adcval                               0x080096d1   Thumb Code    54  adc_filter.o(.text.get_adcval)
    get_data_from_a                          0x08009751   Thumb Code   292  flash_handle.o(.text.get_data_from_a)
    get_data_from_b                          0x08009875   Thumb Code   292  flash_handle.o(.text.get_data_from_b)
    get_reset_data                           0x08009999   Thumb Code   108  flash_handle.o(.text.get_reset_data)
    get_system_ticks                         0x08009a4d   Thumb Code    94  perf_counter.o(.text.get_system_ticks)
    gpio_bits_reset                          0x08009aad   Thumb Code     4  at32f415_gpio.o(.text.gpio_bits_reset)
    gpio_bits_set                            0x08009ab1   Thumb Code     4  at32f415_gpio.o(.text.gpio_bits_set)
    gpio_default_para_init                   0x08009ab5   Thumb Code    18  at32f415_gpio.o(.text.gpio_default_para_init)
    gpio_init                                0x08009ac9   Thumb Code   498  at32f415_gpio.o(.text.gpio_init)
    gpio_input_data_bit_read                 0x08009cbd   Thumb Code    14  at32f415_gpio.o(.text.gpio_input_data_bit_read)
    gpio_pin_remap_config                    0x08009ccd   Thumb Code    64  at32f415_gpio.o(.text.gpio_pin_remap_config)
    iap_command_handle                       0x08009d0d   Thumb Code    62  iap.o(.text.iap_command_handle)
    iap_init                                 0x08009d4d   Thumb Code    44  iap.o(.text.iap_init)
    iap_task                                 0x08009d79   Thumb Code     4  main.o(.text.iap_task)
    init_cycle_counter                       0x08009d7d   Thumb Code   150  perf_counter.o(.text.init_cycle_counter)
    key_event_check                          0x08009e15   Thumb Code   160  key.o(.text.key_event_check)
    key_handle                               0x08009eb5   Thumb Code   658  key_handle.o(.text.key_handle)
    key_task                                 0x0800a149   Thumb Code     4  main.o(.text.key_task)
    led_handle                               0x0800a14d   Thumb Code    98  led_handle.o(.text.led_handle)
    led_task                                 0x0800a1b1   Thumb Code     2  main.o(.text.led_task)
    linear_correction                        0x0800a1b5   Thumb Code   432  output_handle.o(.text.linear_correction)
    main                                     0x0800a365   Thumb Code   434  main.o(.text.main)
    move_average_filter                      0x0800a519   Thumb Code   176  adc_filter.o(.text.move_average_filter)
    n                                        0x0800a5c9   Thumb Code    34  led_handle.o(.text.n)
    nine                                     0x0800a5ed   Thumb Code    34  led_handle.o(.text.nine)
    nothing                                  0x0800a611   Thumb Code    16  led_handle.o(.text.nothing)
    nvic_irq_enable                          0x0800a621   Thumb Code   114  at32f415_misc.o(.text.nvic_irq_enable)
    nvic_priority_group_config               0x0800a695   Thumb Code    32  at32f415_misc.o(.text.nvic_priority_group_config)
    nvic_system_reset                        0x0800a6b5   Thumb Code     4  at32f415_misc.o(.text.nvic_system_reset)
    nvic_vector_table_set                    0x0800a6b9   Thumb Code    24  at32f415_misc.o(.text.nvic_vector_table_set)
    one                                      0x0800a6d1   Thumb Code    32  led_handle.o(.text.one)
    output_handle                            0x0800a6f1   Thumb Code   542  output_handle.o(.text.output_handle)
    output_task                              0x0800a911   Thumb Code     4  main.o(.text.output_task)
    pc_comm_handle                           0x0800a915   Thumb Code   220  pc_comm_handle.o(.text.pc_comm_handle)
    pc_comm_task                             0x0800a9f1   Thumb Code     4  main.o(.text.pc_comm_task)
    pc_event_handle                          0x0800a9f5   Thumb Code   186  pc_comm_handle.o(.text.pc_event_handle)
    perfc_port_clear_system_timer_ovf_pending 0x0800aab1   Thumb Code    16  perfc_port_default.o(.text.perfc_port_clear_system_timer_ovf_pending)
    perfc_port_get_system_timer_elapsed      0x0800aac1   Thumb Code    24  perfc_port_default.o(.text.perfc_port_get_system_timer_elapsed)
    perfc_port_get_system_timer_freq         0x0800aad9   Thumb Code    12  perfc_port_default.o(.text.perfc_port_get_system_timer_freq)
    perfc_port_get_system_timer_top          0x0800aae5   Thumb Code    14  perfc_port_default.o(.text.perfc_port_get_system_timer_top)
    perfc_port_init_system_timer             0x0800aaf5   Thumb Code    40  perfc_port_default.o(.text.perfc_port_init_system_timer)
    perfc_port_insert_to_system_timer_insert_ovf_handler 0x0800ab1d   Thumb Code   156  perf_counter.o(.text.perfc_port_insert_to_system_timer_insert_ovf_handler)
    perfc_port_is_system_timer_ovf_pending   0x0800abb9   Thumb Code    16  perfc_port_default.o(.text.perfc_port_is_system_timer_ovf_pending)
    queue_init                               0x0800abc9   Thumb Code    82  util_queue.o(.text.queue_init)
    queue_read                               0x0800ac1d   Thumb Code    38  util_queue.o(.text.queue_read)
    queue_write                              0x0800ac45   Thumb Code    58  util_queue.o(.text.queue_write)
    r                                        0x0800ac81   Thumb Code    34  led_handle.o(.text.r)
    seven                                    0x0800aca5   Thumb Code    32  led_handle.o(.text.seven)
    six                                      0x0800acc5   Thumb Code    34  led_handle.o(.text.six)
    sleep_G                                  0x0800ace9   Thumb Code    34  led_handle.o(.text.sleep_G)
    sol_pwm_control                          0x0800ad0d   Thumb Code   342  output_handle.o(.text.sol_pwm_control)
    sol_rpc_control                          0x0800ae65   Thumb Code   118  output_handle.o(.text.sol_rpc_control)
    sol_sleep_control                        0x0800aedd   Thumb Code   388  output_handle.o(.text.sol_sleep_control)
    sol_temp_ec11_event_handle               0x0800b061   Thumb Code  2606  ec11_handle.o(.text.sol_temp_ec11_event_handle)
    sol_temp_ec11_get_event                  0x0800ba91   Thumb Code   228  ec11_handle.o(.text.sol_temp_ec11_get_event)
    system_core_clock_update                 0x0800bb95   Thumb Code   212  system_at32f415.o(.text.system_core_clock_update)
    systick_clock_source_config              0x0800bc79   Thumb Code    24  at32f415_misc.o(.text.systick_clock_source_config)
    three                                    0x0800bc91   Thumb Code    34  led_handle.o(.text.three)
    tmr_base_init                            0x0800bcb5   Thumb Code    14  at32f415_tmr.o(.text.tmr_base_init)
    tmr_channel_value_set                    0x0800bcc5   Thumb Code    36  at32f415_tmr.o(.text.tmr_channel_value_set)
    tmr_clock_source_div_set                 0x0800bce9   Thumb Code    18  at32f415_tmr.o(.text.tmr_clock_source_div_set)
    tmr_cnt_dir_set                          0x0800bcfd   Thumb Code    18  at32f415_tmr.o(.text.tmr_cnt_dir_set)
    tmr_counter_enable                       0x0800bd11   Thumb Code    10  at32f415_tmr.o(.text.tmr_counter_enable)
    tmr_flag_clear                           0x0800bd1d   Thumb Code     6  at32f415_tmr.o(.text.tmr_flag_clear)
    tmr_flag_get                             0x0800bd25   Thumb Code    10  at32f415_tmr.o(.text.tmr_flag_get)
    tmr_interrupt_enable                     0x0800bd31   Thumb Code    26  at32f415_tmr.o(.text.tmr_interrupt_enable)
    tmr_interrupt_flag_get                   0x0800bd4d   Thumb Code    20  at32f415_tmr.o(.text.tmr_interrupt_flag_get)
    tmr_output_channel_buffer_enable         0x0800bd61   Thumb Code    94  at32f415_tmr.o(.text.tmr_output_channel_buffer_enable)
    tmr_output_channel_config                0x0800bdc1   Thumb Code   264  at32f415_tmr.o(.text.tmr_output_channel_config)
    tmr_output_channel_immediately_set       0x0800bec9   Thumb Code    94  at32f415_tmr.o(.text.tmr_output_channel_immediately_set)
    tmr_period_buffer_enable                 0x0800bf29   Thumb Code    18  at32f415_tmr.o(.text.tmr_period_buffer_enable)
    tmr_primary_mode_select                  0x0800bf3d   Thumb Code    18  at32f415_tmr.o(.text.tmr_primary_mode_select)
    tmr_sub_sync_mode_set                    0x0800bf51   Thumb Code    18  at32f415_tmr.o(.text.tmr_sub_sync_mode_set)
    tmt_init                                 0x0800c031   Thumb Code    98  tmt.o(.text.tmt_init)
    two                                      0x0800c285   Thumb Code    34  led_handle.o(.text.two)
    usart_data_receive                       0x0800c2a9   Thumb Code     6  at32f415_usart.o(.text.usart_data_receive)
    usart_data_transmit                      0x0800c2b1   Thumb Code     8  at32f415_usart.o(.text.usart_data_transmit)
    usart_enable                             0x0800c2b9   Thumb Code    18  at32f415_usart.o(.text.usart_enable)
    usart_flag_clear                         0x0800c2cd   Thumb Code    18  at32f415_usart.o(.text.usart_flag_clear)
    usart_flag_get                           0x0800c2e1   Thumb Code    10  at32f415_usart.o(.text.usart_flag_get)
    usart_hardware_flow_control_set          0x0800c2ed   Thumb Code    70  at32f415_usart.o(.text.usart_hardware_flow_control_set)
    usart_init                               0x0800c335   Thumb Code   134  at32f415_usart.o(.text.usart_init)
    usart_interrupt_enable                   0x0800c3bd   Thumb Code    32  at32f415_usart.o(.text.usart_interrupt_enable)
    usart_parity_selection_config            0x0800c3dd   Thumb Code    58  at32f415_usart.o(.text.usart_parity_selection_config)
    usart_receiveData                        0x0800c419   Thumb Code    80  at32_usart.o(.text.usart_receiveData)
    usart_receiver_enable                    0x0800c469   Thumb Code    18  at32f415_usart.o(.text.usart_receiver_enable)
    usart_sendData                           0x0800c47d   Thumb Code   126  at32_usart.o(.text.usart_sendData)
    usart_transmitter_enable                 0x0800c4fd   Thumb Code    18  at32f415_usart.o(.text.usart_transmitter_enable)
    wdt_counter_reload                       0x0800c511   Thumb Code    16  at32f415_wdt.o(.text.wdt_counter_reload)
    wdt_divider_set                          0x0800c521   Thumb Code    18  at32f415_wdt.o(.text.wdt_divider_set)
    wdt_register_write_enable                0x0800c535   Thumb Code    20  at32f415_wdt.o(.text.wdt_register_write_enable)
    wdt_reload_value_set                     0x0800c549   Thumb Code    12  at32f415_wdt.o(.text.wdt_reload_value_set)
    wk_adc1_init                             0x0800c555   Thumb Code   182  wk_adc.o(.text.wk_adc1_init)
    wk_crc_init                              0x0800c60d   Thumb Code    48  wk_crc.o(.text.wk_crc_init)
    wk_debug_config                          0x0800c63d   Thumb Code    14  wk_debug.o(.text.wk_debug_config)
    wk_dma1_channel1_init                    0x0800c64d   Thumb Code    56  wk_dma.o(.text.wk_dma1_channel1_init)
    wk_dma_channel_config                    0x0800c685   Thumb Code     8  wk_dma.o(.text.wk_dma_channel_config)
    wk_gpio_config                           0x0800c68d   Thumb Code   330  wk_gpio.o(.text.wk_gpio_config)
    wk_nvic_config                           0x0800c7d9   Thumb Code   112  at32f415_wk_config.o(.text.wk_nvic_config)
    wk_periph_clock_config                   0x0800c849   Thumb Code   134  at32f415_wk_config.o(.text.wk_periph_clock_config)
    wk_system_clock_config                   0x0800c8d1   Thumb Code   162  at32f415_wk_config.o(.text.wk_system_clock_config)
    wk_timebase_handler                      0x0800c975   Thumb Code     4  wk_system.o(.text.wk_timebase_handler)
    wk_timebase_increase                     0x0800c979   Thumb Code    16  wk_system.o(.text.wk_timebase_increase)
    wk_timebase_init                         0x0800c989   Thumb Code    64  wk_system.o(.text.wk_timebase_init)
    wk_tmr2_init                             0x0800c9c9   Thumb Code   212  wk_tmr.o(.text.wk_tmr2_init)
    wk_tmr3_init                             0x0800ca9d   Thumb Code   178  wk_tmr.o(.text.wk_tmr3_init)
    wk_tmr5_init                             0x0800cb51   Thumb Code   194  wk_tmr.o(.text.wk_tmr5_init)
    wk_usart1_init                           0x0800cc15   Thumb Code   156  wk_usart.o(.text.wk_usart1_init)
    wk_wdt_init                              0x0800ccb1   Thumb Code    28  wk_wdt.o(.text.wk_wdt_init)
    zero_0                                   0x0800cccd   Thumb Code    34  led_handle.o(.text.zero_0)
    __scatterload_copy                       0x0800ccef   Thumb Code    14  handlers.o(i.__scatterload_copy)
    __scatterload_null                       0x0800ccfd   Thumb Code     2  handlers.o(i.__scatterload_null)
    __scatterload_zeroinit                   0x0800ccff   Thumb Code    14  handlers.o(i.__scatterload_zeroinit)
    EventRecorderInfo                        0x0800cd1c   Data          24  eventrecorder.o(.rodata.EventRecorderInfo)
    Region$$Table$$Base                      0x0800cd98   Number         0  anon$$obj.o(Region$$Table)
    Region$$Table$$Limit                     0x0800cdb8   Number         0  anon$$obj.o(Region$$Table)
    SHT$$INIT_ARRAY$$Base                    0x0800cdb8   Number         0  perf_counter.o(.init_array)
    SHT$$INIT_ARRAY$$Limit                   0x0800cdbc   Number         0  cpp_init.o(.init_array)
    key_event                                0x20000010   Data           6  key_handle.o(.data..L_MergedGlobals)
    off_set_buff                             0x2000007a   Data          41  output_handle.o(.data..L_MergedGlobals)
    wind_set_20_buff                         0x200000a3   Data          41  output_handle.o(.data..L_MergedGlobals)
    SystemCoreClock                          0x200000d4   Data           4  system_at32f415.o(.data.SystemCoreClock)
    air_ec11                                 0x200000d8   Data          56  encoderec11.o(.data.air_ec11)
    air_temp_ec11                            0x20000110   Data          56  encoderec11.o(.data.air_temp_ec11)
    pc_event                                 0x2000014a   Data           1  pc_comm_handle.o(.data.pc_event)
    sbeep                                    0x20000150   Data          16  beep.o(.data.sbeep)
    sol_temp_ec11                            0x20000160   Data          56  encoderec11.o(.data.sol_temp_ec11)
    flash_busy_flag                          0x200001c0   Data           1  flash_handle.o(.bss..L_MergedGlobals)
    adc1_ordinary_value                      0x200001ee   Data           2  at32f415_int.o(.bss..L_MergedGlobals.1)
    tmr2_ch1_readvalue                       0x200001f0   Data           4  at32f415_int.o(.bss..L_MergedGlobals.1)
    g_nOffset                                0x20000208   Data           4  perf_counter.o(.bss..L_MergedGlobals.1)
    g_lLastTimeStamp                         0x20000218   Data           8  perf_counter.o(.bss..L_MergedGlobals.1)
    air_temp_ec11_analyze_result             0x20000250   Data           1  ec11_handle.o(.bss..L_MergedGlobals.4)
    sol_temp_ec11_analyze_result             0x20000251   Data           1  ec11_handle.o(.bss..L_MergedGlobals.4)
    g_air_ec11_analyze_result                0x20000252   Data           1  ec11_handle.o(.bss..L_MergedGlobals.4)
    air_handle_pid                           0x2000027c   Data          44  pid_handle.o(.bss.air_handle_pid)
    air_temp                                 0x200002a8   Data          48  adc_filter.o(.bss.air_temp)
    chUsart1RxBuffer                         0x200002da   Data        1024  at32_usart.o(.bss.chUsart1RxBuffer)
    chUsart1TxBuffer                         0x200006da   Data        1024  at32_usart.o(.bss.chUsart1TxBuffer)
    iap_flag                                 0x20000adc   Data           1  iap.o(.bss.iap_flag)
    over_load                                0x20001068   Data          48  adc_filter.o(.bss.over_load)
    pc_data                                  0x2000109c   Data         532  pc_comm_handle.o(.bss.pc_data)
    sFWDS201_t                               0x200012b0   Data         284  ds201_handle.o(.bss.sFWDS201_t)
    sol_115_handle_pid                       0x200013cc   Data          44  pid_handle.o(.bss.sol_115_handle_pid)
    sol_210_handle_pid                       0x200013f8   Data          44  pid_handle.o(.bss.sol_210_handle_pid)
    sol_temp                                 0x20001428   Data          48  adc_filter.o(.bss.sol_temp)
    tUart4Buffer                             0x2000145c   Data          36  at32_usart.o(.bss.tUart4Buffer)
    tUart5Buffer                             0x20001480   Data          36  at32_usart.o(.bss.tUart5Buffer)
    tUsart1Buffer                            0x200014a4   Data          36  at32_usart.o(.bss.tUsart1Buffer)
    tUsart2Buffer                            0x200014c8   Data          36  at32_usart.o(.bss.tUsart2Buffer)
    tUsart3Buffer                            0x200014ec   Data          36  at32_usart.o(.bss.tUsart3Buffer)
    timebase_ticks                           0x20001510   Data           4  wk_system.o(.bss.timebase_ticks)
    tmt                                      0x20001514   Data          24  tmt.o(.bss.tmt)
    __initial_sp                             0x20001930   Data           0  startup_at32f415.o(STACK)



==============================================================================

Memory Map of the image

  Image Entry point : 0x08004171

  Load Region LR_IROM1 (Base: 0x08004000, Size: 0x00008f80, Max: 0x00020000, ABSOLUTE, COMPRESSED[0x00008ec0])

    Execution Region ER_IROM1 (Exec base: 0x08004000, Load base: 0x08004000, Size: 0x00008dbc, Max: 0x00020000, ABSOLUTE)

    Exec Addr    Load Addr    Size         Type   Attr      Idx    E Section Name        Object

    0x08004000   0x08004000   0x00000170   Data   RO          811    RESET               startup_at32f415.o
    0x08004170   0x08004170   0x00000000   Code   RO         1359  * .ARM.Collect$$$$00000000  mc_w.l(entry.o)
    0x08004170   0x08004170   0x00000004   Code   RO         1686    .ARM.Collect$$$$00000001  mc_w.l(entry2.o)
    0x08004174   0x08004174   0x00000004   Code   RO         1689    .ARM.Collect$$$$00000004  mc_w.l(entry5.o)
    0x08004178   0x08004178   0x00000000   Code   RO         1691    .ARM.Collect$$$$00000008  mc_w.l(entry7b.o)
    0x08004178   0x08004178   0x00000004   Code   RO         1692    .ARM.Collect$$$$00000009  mc_w.l(entry8a.o)
    0x0800417c   0x0800417c   0x00000000   Code   RO         1693    .ARM.Collect$$$$0000000A  mc_w.l(entry8b.o)
    0x0800417c   0x0800417c   0x00000008   Code   RO         1694    .ARM.Collect$$$$0000000B  mc_w.l(entry9a.o)
    0x08004184   0x08004184   0x00000000   Code   RO         1696    .ARM.Collect$$$$0000000D  mc_w.l(entry10a.o)
    0x08004184   0x08004184   0x00000000   Code   RO         1698    .ARM.Collect$$$$0000000F  mc_w.l(entry11a.o)
    0x08004184   0x08004184   0x00000004   Code   RO         1687    .ARM.Collect$$$$00002712  mc_w.l(entry2.o)
    0x08004188   0x08004188   0x00000024   Code   RO          812    .text               startup_at32f415.o
    0x080041ac   0x080041ac   0x0000001c   Code   RO         1354    .text               systick_wrapper_gnu.o
    0x080041c8   0x080041c8   0x00000062   Code   RO         1374    .text               mc_w.l(ldiv.o)
    0x0800422a   0x0800422a   0x00000024   Code   RO         1378    .text               mc_w.l(memseta.o)
    0x0800424e   0x0800424e   0x00000002   PAD
    0x08004250   0x08004250   0x00000028   Code   RO         1646    .text               mc_w.l(cpp_init.o)
    0x08004278   0x08004278   0x000000b0   Code   RO         1648    .text               mf_w.l(fadd.o)
    0x08004328   0x08004328   0x00000064   Code   RO         1650    .text               mf_w.l(fmul.o)
    0x0800438c   0x0800438c   0x0000007c   Code   RO         1652    .text               mf_w.l(fdiv.o)
    0x08004408   0x08004408   0x0000014e   Code   RO         1654    .text               mf_w.l(dadd.o)
    0x08004556   0x08004556   0x000000e4   Code   RO         1656    .text               mf_w.l(dmul.o)
    0x0800463a   0x0800463a   0x000000de   Code   RO         1658    .text               mf_w.l(ddiv.o)
    0x08004718   0x08004718   0x0000001c   Code   RO         1660    .text               mf_w.l(fcmple.o)
    0x08004734   0x08004734   0x0000001c   Code   RO         1662    .text               mf_w.l(fcmplt.o)
    0x08004750   0x08004750   0x0000001c   Code   RO         1664    .text               mf_w.l(fcmpge.o)
    0x0800476c   0x0800476c   0x0000001c   Code   RO         1666    .text               mf_w.l(fcmpgt.o)
    0x08004788   0x08004788   0x0000001c   Code   RO         1668    .text               mf_w.l(fcmpeq.o)
    0x080047a4   0x080047a4   0x00000012   Code   RO         1670    .text               mf_w.l(fflti.o)
    0x080047b6   0x080047b6   0x0000000a   Code   RO         1672    .text               mf_w.l(ffltui.o)
    0x080047c0   0x080047c0   0x0000001a   Code   RO         1674    .text               mf_w.l(dfltui.o)
    0x080047da   0x080047da   0x00000032   Code   RO         1676    .text               mf_w.l(ffixi.o)
    0x0800480c   0x0800480c   0x00000028   Code   RO         1678    .text               mf_w.l(ffixui.o)
    0x08004834   0x08004834   0x00000032   Code   RO         1680    .text               mf_w.l(dfixui.o)
    0x08004866   0x08004866   0x00000026   Code   RO         1682    .text               mf_w.l(f2d.o)
    0x0800488c   0x0800488c   0x00000038   Code   RO         1684    .text               mf_w.l(d2f.o)
    0x080048c4   0x080048c4   0x00000062   Code   RO         1711    .text               mc_w.l(uldiv.o)
    0x08004926   0x08004926   0x0000001e   Code   RO         1713    .text               mc_w.l(llshl.o)
    0x08004944   0x08004944   0x00000020   Code   RO         1715    .text               mc_w.l(llushr.o)
    0x08004964   0x08004964   0x00000024   Code   RO         1717    .text               mc_w.l(llsshr.o)
    0x08004988   0x08004988   0x00000000   Code   RO         1719    .text               mc_w.l(iusefp.o)
    0x08004988   0x08004988   0x0000006e   Code   RO         1724    .text               mf_w.l(fepilogue.o)
    0x080049f6   0x080049f6   0x000000ba   Code   RO         1726    .text               mf_w.l(depilogue.o)
    0x08004ab0   0x08004ab0   0x00000030   Code   RO         1732    .text               mc_w.l(init.o)
    0x08004ae0   0x08004ae0   0x00000056   Code   RO         1742    .text               mc_w.l(__dczerorl2.o)
    0x08004b36   0x08004b36   0x00000002   PAD
    0x08004b38   0x08004b38   0x0000003c   Code   RO         1088    .text.BSP_UsartInit  at32_usart.o
    0x08004b74   0x08004b74   0x0000009a   Code   RO         1139    .text.BeepProc      beep.o
    0x08004c0e   0x08004c0e   0x00000002   PAD
    0x08004c10   0x08004c10   0x00000002   Code   RO           52    .text.BusFault_Handler  at32f415_int.o
    0x08004c12   0x08004c12   0x00000002   PAD
    0x08004c14   0x08004c14   0x00000022   Code   RO          964    .text.C             led_handle.o
    0x08004c36   0x08004c36   0x00000002   PAD
    0x08004c38   0x08004c38   0x00000002   Code   RO           58    .text.DebugMon_Handler  at32f415_int.o
    0x08004c3a   0x08004c3a   0x00000002   PAD
    0x08004c3c   0x08004c3c   0x00000152   Code   RO          992    .text.Disp_Set_Handle  led_handle.o
    0x08004d8e   0x08004d8e   0x00000002   PAD
    0x08004d90   0x08004d90   0x0000032c   Code   RO          988    .text.Display_Handle  led_handle.o
    0x080050bc   0x080050bc   0x00000022   Code   RO          966    .text.E             led_handle.o
    0x080050de   0x080050de   0x00000002   PAD
    0x080050e0   0x080050e0   0x0000018c   Code   RO         1154    .text.EC11_Analyze  encoderec11.o
    0x0800526c   0x0800526c   0x00000122   Code   RO         1152    .text.EC11_Scan     encoderec11.o
    0x0800538e   0x0800538e   0x00000002   PAD
    0x08005390   0x08005390   0x00000778   Code   RO         1226    .text.EventRecordItem  eventrecorder.o
    0x08005b08   0x08005b08   0x00000aba   Code   RO         1222    .text.EventRecorderInitialize  eventrecorder.o
    0x080065c2   0x080065c2   0x00000002   PAD
    0x080065c4   0x080065c4   0x00000008   Code   RO         1292    .text.EventRecorderTimerGetCount  perf_counter.o
    0x080065cc   0x080065cc   0x00000004   Code   RO         1290    .text.EventRecorderTimerGetFreq  perf_counter.o
    0x080065d0   0x080065d0   0x00000004   Code   RO         1288    .text.EventRecorderTimerSetup  perf_counter.o
    0x080065d4   0x080065d4   0x00000022   Code   RO          968    .text.F             led_handle.o
    0x080065f6   0x080065f6   0x00000002   PAD
    0x080065f8   0x080065f8   0x000000d8   Code   RO         1056    .text.FWDS201_Init  ds201_handle.o
    0x080066d0   0x080066d0   0x000008e2   Code   RO          899    .text.FlashProc     flash_handle.o
    0x08006fb2   0x08006fb2   0x00000002   PAD
    0x08006fb4   0x08006fb4   0x00000022   Code   RO          970    .text.H             led_handle.o
    0x08006fd6   0x08006fd6   0x00000002   PAD
    0x08006fd8   0x08006fd8   0x00000002   Code   RO           48    .text.HardFault_Handler  at32f415_int.o
    0x08006fda   0x08006fda   0x00000002   PAD
    0x08006fdc   0x08006fdc   0x00000002   Code   RO           50    .text.MemManage_Handler  at32f415_int.o
    0x08006fde   0x08006fde   0x00000002   PAD
    0x08006fe0   0x08006fe0   0x00000002   Code   RO           46    .text.NMI_Handler   at32f415_int.o
    0x08006fe2   0x08006fe2   0x00000002   PAD
    0x08006fe4   0x08006fe4   0x00000022   Code   RO          978    .text.P             led_handle.o
    0x08007006   0x08007006   0x00000002   PAD
    0x08007008   0x08007008   0x0000000e   Code   RO         1041    .text.PID_Clear     pid_handle.o
    0x08007016   0x08007016   0x00000002   PAD
    0x08007018   0x08007018   0x00000006   Code   RO         1043    .text.PID_Clear_I   pid_handle.o
    0x0800701e   0x0800701e   0x00000002   PAD
    0x08007020   0x08007020   0x0000001e   Code   RO         1039    .text.PID_Init      pid_handle.o
    0x0800703e   0x0800703e   0x00000002   PAD
    0x08007040   0x08007040   0x000000f6   Code   RO         1037    .text.PID_Position_Calc  pid_handle.o
    0x08007136   0x08007136   0x00000002   PAD
    0x08007138   0x08007138   0x00000002   Code   RO           60    .text.PendSV_Handler  at32f415_int.o
    0x0800713a   0x0800713a   0x00000002   PAD
    0x0800713c   0x0800713c   0x00000002   Code   RO           56    .text.SVC_Handler   at32f415_int.o
    0x0800713e   0x0800713e   0x00000002   PAD
    0x08007140   0x08007140   0x00000168   Code   RO           62    .text.SysTick_Handler  at32f415_int.o
    0x080072a8   0x080072a8   0x000000a8   Code   RO          797    .text.SystemInit    system_at32f415.o
    0x08007350   0x08007350   0x00000036   Code   RO           64    .text.TMR2_GLOBAL_IRQHandler  at32f415_int.o
    0x08007386   0x08007386   0x00000002   PAD
    0x08007388   0x08007388   0x00000062   Code   RO           66    .text.TMR3_GLOBAL_IRQHandler  at32f415_int.o
    0x080073ea   0x080073ea   0x00000002   PAD
    0x080073ec   0x080073ec   0x0000007e   Code   RO         1096    .text.USART1_IRQHandler  at32_usart.o
    0x0800746a   0x0800746a   0x00000002   PAD
    0x0800746c   0x0800746c   0x00000028   Code   RO         1094    .text.USART1_TimeOutCounter  at32_usart.o
    0x08007494   0x08007494   0x00000002   Code   RO           54    .text.UsageFault_Handler  at32f415_int.o
    0x08007496   0x08007496   0x00000002   PAD
    0x08007498   0x08007498   0x0000002a   Code   RO          395    .text.__NVIC_SystemReset  at32f415_misc.o
    0x080074c2   0x080074c2   0x00000002   PAD
    0x080074c4   0x080074c4   0x00000096   Code   RO         1266    .text.__perf_counter_init  perf_counter.o
    0x0800755a   0x0800755a   0x00000002   PAD
    0x0800755c   0x0800755c   0x00000002   Code   RO         1256    .text.__perf_os_patch_init  perf_counter.o
    0x0800755e   0x0800755e   0x00000002   PAD
    0x08007560   0x08007560   0x00000044   Code   RO          643    .text.adc_base_config  at32f415_adc.o
    0x080075a4   0x080075a4   0x00000008   Code   RO          641    .text.adc_base_default_para_init  at32f415_adc.o
    0x080075ac   0x080075ac   0x0000000a   Code   RO          649    .text.adc_calibration_init  at32f415_adc.o
    0x080075b6   0x080075b6   0x00000002   PAD
    0x080075b8   0x080075b8   0x00000008   Code   RO          651    .text.adc_calibration_init_status_get  at32f415_adc.o
    0x080075c0   0x080075c0   0x0000000a   Code   RO          653    .text.adc_calibration_start  at32f415_adc.o
    0x080075ca   0x080075ca   0x00000002   PAD
    0x080075cc   0x080075cc   0x00000008   Code   RO          655    .text.adc_calibration_status_get  at32f415_adc.o
    0x080075d4   0x080075d4   0x0000000a   Code   RO          639    .text.adc_enable    at32f415_adc.o
    0x080075de   0x080075de   0x00000002   PAD
    0x080075e0   0x080075e0   0x0000000a   Code   RO          697    .text.adc_flag_get  at32f415_adc.o
    0x080075ea   0x080075ea   0x00000002   PAD
    0x080075ec   0x080075ec   0x00000060   Code   RO          663    .text.adc_ordinary_channel_set  at32f415_adc.o
    0x0800764c   0x0800764c   0x00000006   Code   RO          693    .text.adc_ordinary_conversion_data_get  at32f415_adc.o
    0x08007652   0x08007652   0x00000002   PAD
    0x08007654   0x08007654   0x0000003a   Code   RO          669    .text.adc_ordinary_conversion_trigger_set  at32f415_adc.o
    0x0800768e   0x0800768e   0x00000002   PAD
    0x08007690   0x08007690   0x00000012   Code   RO          677    .text.adc_ordinary_part_mode_enable  at32f415_adc.o
    0x080076a2   0x080076a2   0x00000002   PAD
    0x080076a4   0x080076a4   0x00000012   Code   RO          685    .text.adc_ordinary_software_trigger_enable  at32f415_adc.o
    0x080076b6   0x080076b6   0x00000002   PAD
    0x080076b8   0x080076b8   0x0000001a   Code   RO          683    .text.adc_tempersensor_vintrv_enable  at32f415_adc.o
    0x080076d2   0x080076d2   0x00000002   PAD
    0x080076d4   0x080076d4   0x000000e4   Code   RO          879    .text.air_ec11_event_handle  ec11_handle.o
    0x080077b8   0x080077b8   0x00000246   Code   RO         1013    .text.air_pwm_control  output_handle.o
    0x080079fe   0x080079fe   0x00000002   PAD
    0x08007a00   0x08007a00   0x000003c0   Code   RO          871    .text.air_temp_ec11_event_handle  ec11_handle.o
    0x08007dc0   0x08007dc0   0x0000019a   Code   RO          869    .text.air_temp_ec11_get_event  ec11_handle.o
    0x08007f5a   0x08007f5a   0x00000002   PAD
    0x08007f5c   0x08007f5c   0x0000002c   Code   RO          859    .text.beep_handle   beep_handle.o
    0x08007f88   0x08007f88   0x0000000e   Code   RO         1137    .text.beep_off      beep.o
    0x08007f96   0x08007f96   0x00000002   PAD
    0x08007f98   0x08007f98   0x0000000e   Code   RO         1135    .text.beep_on       beep.o
    0x08007fa6   0x08007fa6   0x00000002   PAD
    0x08007fa8   0x08007fa8   0x0000005c   Code   RO           10    .text.beep_task     main.o
    0x08008004   0x08008004   0x00000022   Code   RO          980    .text.celsius       led_handle.o
    0x08008026   0x08008026   0x00000002   PAD
    0x08008028   0x08008028   0x000002d0   Code   RO          907    .text.check_data_all  flash_handle.o
    0x080082f8   0x080082f8   0x00000036   Code   RO         1021    .text.check_sol_over_current  output_handle.o
    0x0800832e   0x0800832e   0x00000002   PAD
    0x08008330   0x08008330   0x000000f6   Code   RO         1098    .text.convert_data  at32_usart.o
    0x08008426   0x08008426   0x00000002   PAD
    0x08008428   0x08008428   0x00000066   Code   RO          767    .text.crc_block_calculate  at32f415_crc.o
    0x0800848e   0x0800848e   0x00000002   PAD
    0x08008490   0x08008490   0x00000012   Code   RO          763    .text.crc_data_reset  at32f415_crc.o
    0x080084a2   0x080084a2   0x00000002   PAD
    0x080084a4   0x080084a4   0x0000000c   Code   RO          775    .text.crc_init_data_set  at32f415_crc.o
    0x080084b0   0x080084b0   0x0000001a   Code   RO          785    .text.crc_poly_size_set  at32f415_crc.o
    0x080084ca   0x080084ca   0x00000002   PAD
    0x080084cc   0x080084cc   0x0000000c   Code   RO          781    .text.crc_poly_value_set  at32f415_crc.o
    0x080084d8   0x080084d8   0x0000001a   Code   RO          777    .text.crc_reverse_input_data_set  at32f415_crc.o
    0x080084f2   0x080084f2   0x00000002   PAD
    0x080084f4   0x080084f4   0x0000001a   Code   RO          779    .text.crc_reverse_output_data_set  at32f415_crc.o
    0x0800850e   0x0800850e   0x00000002   PAD
    0x08008510   0x08008510   0x0000001c   Code   RO          218    .text.crm_adc_clock_div_set  at32f415_crm.o
    0x0800852c   0x0800852c   0x0000001a   Code   RO          212    .text.crm_ahb_div_set  at32f415_crm.o
    0x08008546   0x08008546   0x00000002   PAD
    0x08008548   0x08008548   0x0000001a   Code   RO          214    .text.crm_apb1_div_set  at32f415_crm.o
    0x08008562   0x08008562   0x00000002   PAD
    0x08008564   0x08008564   0x0000001a   Code   RO          216    .text.crm_apb2_div_set  at32f415_crm.o
    0x0800857e   0x0800857e   0x00000002   PAD
    0x08008580   0x08008580   0x00000018   Code   RO          240    .text.crm_auto_step_mode_enable  at32f415_crm.o
    0x08008598   0x08008598   0x00000082   Code   RO          204    .text.crm_clock_source_enable  at32f415_crm.o
    0x0800861a   0x0800861a   0x00000002   PAD
    0x0800861c   0x0800861c   0x0000011c   Code   RO          234    .text.crm_clocks_freq_get  at32f415_crm.o
    0x08008738   0x08008738   0x0000001a   Code   RO          188    .text.crm_flag_get  at32f415_crm.o
    0x08008752   0x08008752   0x00000002   PAD
    0x08008754   0x08008754   0x00000034   Code   RO          192    .text.crm_hext_stable_wait  at32f415_crm.o
    0x08008788   0x08008788   0x00000028   Code   RO          198    .text.crm_periph_clock_enable  at32f415_crm.o
    0x080087b0   0x080087b0   0x00000086   Code   RO          228    .text.crm_pll_config2  at32f415_crm.o
    0x08008836   0x08008836   0x00000002   PAD
    0x08008838   0x08008838   0x0000007a   Code   RO          182    .text.crm_reset     at32f415_crm.o
    0x080088b2   0x080088b2   0x00000002   PAD
    0x080088b4   0x080088b4   0x0000003a   Code   RO          230    .text.crm_sysclk_switch  at32f415_crm.o
    0x080088ee   0x080088ee   0x00000002   PAD
    0x080088f0   0x080088f0   0x00000010   Code   RO          232    .text.crm_sysclk_switch_status_get  at32f415_crm.o
    0x08008900   0x08008900   0x00000032   Code   RO          897    .text.data_check_len  flash_handle.o
    0x08008932   0x08008932   0x00000002   PAD
    0x08008934   0x08008934   0x0000004a   Code   RO         1268    .text.delay_us      perf_counter.o
    0x0800897e   0x0800897e   0x00000002   PAD
    0x08008980   0x08008980   0x000001ee   Code   RO          986    .text.disp_digit_all  led_handle.o
    0x08008b6e   0x08008b6e   0x00000002   PAD
    0x08008b70   0x08008b70   0x000001d8   Code   RO          990    .text.dispmenu_pageoption  led_handle.o
    0x08008d48   0x08008d48   0x0000000a   Code   RO          720    .text.dma_channel_enable  at32f415_dma.o
    0x08008d52   0x08008d52   0x00000002   PAD
    0x08008d54   0x08008d54   0x0000000e   Code   RO          730    .text.dma_default_para_init  at32f415_dma.o
    0x08008d62   0x08008d62   0x00000002   PAD
    0x08008d64   0x08008d64   0x0000007c   Code   RO          732    .text.dma_init      at32f415_dma.o
    0x08008de0   0x08008de0   0x0000005a   Code   RO          712    .text.dma_reset     at32f415_dma.o
    0x08008e3a   0x08008e3a   0x00000002   PAD
    0x08008e3c   0x08008e3c   0x000000e2   Code   RO          867    .text.ec11_handle   ec11_handle.o
    0x08008f1e   0x08008f1e   0x00000002   PAD
    0x08008f20   0x08008f20   0x00000004   Code   RO           12    .text.ec11_task     main.o
    0x08008f24   0x08008f24   0x00000022   Code   RO          958    .text.eight         led_handle.o
    0x08008f46   0x08008f46   0x00000002   PAD
    0x08008f48   0x08008f48   0x00000020   Code   RO          982    .text.fahrenheit    led_handle.o
    0x08008f68   0x08008f68   0x000001e8   Code   RO         1009    .text.fan_control   output_handle.o
    0x08009150   0x08009150   0x00000016   Code   RO            6    .text.feed_dog_task  main.o
    0x08009166   0x08009166   0x00000002   PAD
    0x08009168   0x08009168   0x0000001e   Code   RO         1116    .text.filter_init   adc_filter.o
    0x08009186   0x08009186   0x00000002   PAD
    0x08009188   0x08009188   0x00000022   Code   RO          952    .text.five          led_handle.o
    0x080091aa   0x080091aa   0x00000002   PAD
    0x080091ac   0x080091ac   0x00000186   Code   RO          297    .text.flash_halfword_program  at32f415_flash.o
    0x08009332   0x08009332   0x00000002   PAD
    0x08009334   0x08009334   0x00000012   Code   RO          285    .text.flash_lock    at32f415_flash.o
    0x08009346   0x08009346   0x00000002   PAD
    0x08009348   0x08009348   0x0000018e   Code   RO          287    .text.flash_sector_erase  at32f415_flash.o
    0x080094d6   0x080094d6   0x00000002   PAD
    0x080094d8   0x080094d8   0x00000004   Code   RO           14    .text.flash_task    main.o
    0x080094dc   0x080094dc   0x0000001e   Code   RO          283    .text.flash_unlock  at32f415_flash.o
    0x080094fa   0x080094fa   0x00000002   PAD
    0x080094fc   0x080094fc   0x00000186   Code   RO          295    .text.flash_word_program  at32f415_flash.o
    0x08009682   0x08009682   0x00000002   PAD
    0x08009684   0x08009684   0x00000028   Code   RO         1174    .text.flash_wred_halfword  flash.o
    0x080096ac   0x080096ac   0x00000022   Code   RO          950    .text.four          led_handle.o
    0x080096ce   0x080096ce   0x00000002   PAD
    0x080096d0   0x080096d0   0x00000036   Code   RO         1118    .text.get_adcval    adc_filter.o
    0x08009706   0x08009706   0x00000002   PAD
    0x08009708   0x08009708   0x00000018   Code   RO          920    .text.get_air_ch1   key_handle.o
    0x08009720   0x08009720   0x00000018   Code   RO          922    .text.get_air_ch2   key_handle.o
    0x08009738   0x08009738   0x00000018   Code   RO          924    .text.get_air_ch3   key_handle.o
    0x08009750   0x08009750   0x00000124   Code   RO          901    .text.get_data_from_a  flash_handle.o
    0x08009874   0x08009874   0x00000124   Code   RO          903    .text.get_data_from_b  flash_handle.o
    0x08009998   0x08009998   0x0000006c   Code   RO          905    .text.get_reset_data  flash_handle.o
    0x08009a04   0x08009a04   0x00000018   Code   RO          926    .text.get_sol_ch1   key_handle.o
    0x08009a1c   0x08009a1c   0x00000018   Code   RO          928    .text.get_sol_ch2   key_handle.o
    0x08009a34   0x08009a34   0x00000018   Code   RO          930    .text.get_sol_ch3   key_handle.o
    0x08009a4c   0x08009a4c   0x0000005e   Code   RO         1260    .text.get_system_ticks  perf_counter.o
    0x08009aaa   0x08009aaa   0x00000002   PAD
    0x08009aac   0x08009aac   0x00000004   Code   RO          367    .text.gpio_bits_reset  at32f415_gpio.o
    0x08009ab0   0x08009ab0   0x00000004   Code   RO          365    .text.gpio_bits_set  at32f415_gpio.o
    0x08009ab4   0x08009ab4   0x00000012   Code   RO          355    .text.gpio_default_para_init  at32f415_gpio.o
    0x08009ac6   0x08009ac6   0x00000002   PAD
    0x08009ac8   0x08009ac8   0x000001f2   Code   RO          353    .text.gpio_init     at32f415_gpio.o
    0x08009cba   0x08009cba   0x00000002   PAD
    0x08009cbc   0x08009cbc   0x0000000e   Code   RO          357    .text.gpio_input_data_bit_read  at32f415_gpio.o
    0x08009cca   0x08009cca   0x00000002   PAD
    0x08009ccc   0x08009ccc   0x00000040   Code   RO          381    .text.gpio_pin_remap_config  at32f415_gpio.o
    0x08009d0c   0x08009d0c   0x0000003e   Code   RO          113    .text.iap_command_handle  iap.o
    0x08009d4a   0x08009d4a   0x00000002   PAD
    0x08009d4c   0x08009d4c   0x0000002c   Code   RO          115    .text.iap_init      iap.o
    0x08009d78   0x08009d78   0x00000004   Code   RO            4    .text.iap_task      main.o
    0x08009d7c   0x08009d7c   0x00000096   Code   RO         1262    .text.init_cycle_counter  perf_counter.o
    0x08009e12   0x08009e12   0x00000002   PAD
    0x08009e14   0x08009e14   0x000000a0   Code   RO         1184    .text.key_event_check  key.o
    0x08009eb4   0x08009eb4   0x00000292   Code   RO          918    .text.key_handle    key_handle.o
    0x0800a146   0x0800a146   0x00000002   PAD
    0x0800a148   0x0800a148   0x00000004   Code   RO           16    .text.key_task      main.o
    0x0800a14c   0x0800a14c   0x00000062   Code   RO          994    .text.led_handle    led_handle.o
    0x0800a1ae   0x0800a1ae   0x00000002   PAD
    0x0800a1b0   0x0800a1b0   0x00000002   Code   RO           18    .text.led_task      main.o
    0x0800a1b2   0x0800a1b2   0x00000002   PAD
    0x0800a1b4   0x0800a1b4   0x000001b0   Code   RO         1011    .text.linear_correction  output_handle.o
    0x0800a364   0x0800a364   0x000001b2   Code   RO            2    .text.main          main.o
    0x0800a516   0x0800a516   0x00000002   PAD
    0x0800a518   0x0800a518   0x000000b0   Code   RO         1122    .text.move_average_filter  adc_filter.o
    0x0800a5c8   0x0800a5c8   0x00000022   Code   RO          972    .text.n             led_handle.o
    0x0800a5ea   0x0800a5ea   0x00000002   PAD
    0x0800a5ec   0x0800a5ec   0x00000022   Code   RO          960    .text.nine          led_handle.o
    0x0800a60e   0x0800a60e   0x00000002   PAD
    0x0800a610   0x0800a610   0x00000010   Code   RO          984    .text.nothing       led_handle.o
    0x0800a620   0x0800a620   0x00000072   Code   RO          397    .text.nvic_irq_enable  at32f415_misc.o
    0x0800a692   0x0800a692   0x00000002   PAD
    0x0800a694   0x0800a694   0x00000020   Code   RO          401    .text.nvic_priority_group_config  at32f415_misc.o
    0x0800a6b4   0x0800a6b4   0x00000004   Code   RO          393    .text.nvic_system_reset  at32f415_misc.o
    0x0800a6b8   0x0800a6b8   0x00000018   Code   RO          403    .text.nvic_vector_table_set  at32f415_misc.o
    0x0800a6d0   0x0800a6d0   0x00000020   Code   RO          944    .text.one           led_handle.o
    0x0800a6f0   0x0800a6f0   0x0000021e   Code   RO         1007    .text.output_handle  output_handle.o
    0x0800a90e   0x0800a90e   0x00000002   PAD
    0x0800a910   0x0800a910   0x00000004   Code   RO           20    .text.output_task   main.o
    0x0800a914   0x0800a914   0x000000dc   Code   RO          843    .text.pc_comm_handle  pc_comm_handle.o
    0x0800a9f0   0x0800a9f0   0x00000004   Code   RO            8    .text.pc_comm_task  main.o
    0x0800a9f4   0x0800a9f4   0x000000ba   Code   RO          845    .text.pc_event_handle  pc_comm_handle.o
    0x0800aaae   0x0800aaae   0x00000002   PAD
    0x0800aab0   0x0800aab0   0x00000010   Code   RO         1341    .text.perfc_port_clear_system_timer_ovf_pending  perfc_port_default.o
    0x0800aac0   0x0800aac0   0x00000018   Code   RO         1339    .text.perfc_port_get_system_timer_elapsed  perfc_port_default.o
    0x0800aad8   0x0800aad8   0x0000000c   Code   RO         1333    .text.perfc_port_get_system_timer_freq  perfc_port_default.o
    0x0800aae4   0x0800aae4   0x0000000e   Code   RO         1337    .text.perfc_port_get_system_timer_top  perfc_port_default.o
    0x0800aaf2   0x0800aaf2   0x00000002   PAD
    0x0800aaf4   0x0800aaf4   0x00000028   Code   RO         1331    .text.perfc_port_init_system_timer  perfc_port_default.o
    0x0800ab1c   0x0800ab1c   0x0000009c   Code   RO         1252    .text.perfc_port_insert_to_system_timer_insert_ovf_handler  perf_counter.o
    0x0800abb8   0x0800abb8   0x00000010   Code   RO         1335    .text.perfc_port_is_system_timer_ovf_pending  perfc_port_default.o
    0x0800abc8   0x0800abc8   0x00000052   Code   RO         1065    .text.queue_init    util_queue.o
    0x0800ac1a   0x0800ac1a   0x00000002   PAD
    0x0800ac1c   0x0800ac1c   0x00000026   Code   RO         1071    .text.queue_read    util_queue.o
    0x0800ac42   0x0800ac42   0x00000002   PAD
    0x0800ac44   0x0800ac44   0x0000003a   Code   RO         1067    .text.queue_write   util_queue.o
    0x0800ac7e   0x0800ac7e   0x00000002   PAD
    0x0800ac80   0x0800ac80   0x00000022   Code   RO          962    .text.r             led_handle.o
    0x0800aca2   0x0800aca2   0x00000002   PAD
    0x0800aca4   0x0800aca4   0x00000020   Code   RO          956    .text.seven         led_handle.o
    0x0800acc4   0x0800acc4   0x00000022   Code   RO          954    .text.six           led_handle.o
    0x0800ace6   0x0800ace6   0x00000002   PAD
    0x0800ace8   0x0800ace8   0x00000022   Code   RO          974    .text.sleep_G       led_handle.o
    0x0800ad0a   0x0800ad0a   0x00000002   PAD
    0x0800ad0c   0x0800ad0c   0x00000156   Code   RO         1015    .text.sol_pwm_control  output_handle.o
    0x0800ae62   0x0800ae62   0x00000002   PAD
    0x0800ae64   0x0800ae64   0x00000076   Code   RO         1019    .text.sol_rpc_control  output_handle.o
    0x0800aeda   0x0800aeda   0x00000002   PAD
    0x0800aedc   0x0800aedc   0x00000184   Code   RO         1017    .text.sol_sleep_control  output_handle.o
    0x0800b060   0x0800b060   0x00000a2e   Code   RO          875    .text.sol_temp_ec11_event_handle  ec11_handle.o
    0x0800ba8e   0x0800ba8e   0x00000002   PAD
    0x0800ba90   0x0800ba90   0x00000104   Code   RO          873    .text.sol_temp_ec11_get_event  ec11_handle.o
    0x0800bb94   0x0800bb94   0x000000e4   Code   RO          799    .text.system_core_clock_update  system_at32f415.o
    0x0800bc78   0x0800bc78   0x00000018   Code   RO          407    .text.systick_clock_source_config  at32f415_misc.o
    0x0800bc90   0x0800bc90   0x00000022   Code   RO          948    .text.three         led_handle.o
    0x0800bcb2   0x0800bcb2   0x00000002   PAD
    0x0800bcb4   0x0800bcb4   0x0000000e   Code   RO          525    .text.tmr_base_init  at32f415_tmr.o
    0x0800bcc2   0x0800bcc2   0x00000002   PAD
    0x0800bcc4   0x0800bcc4   0x00000024   Code   RO          549    .text.tmr_channel_value_set  at32f415_tmr.o
    0x0800bce8   0x0800bce8   0x00000012   Code   RO          527    .text.tmr_clock_source_div_set  at32f415_tmr.o
    0x0800bcfa   0x0800bcfa   0x00000002   PAD
    0x0800bcfc   0x0800bcfc   0x00000012   Code   RO          529    .text.tmr_cnt_dir_set  at32f415_tmr.o
    0x0800bd0e   0x0800bd0e   0x00000002   PAD
    0x0800bd10   0x0800bd10   0x0000000a   Code   RO          517    .text.tmr_counter_enable  at32f415_tmr.o
    0x0800bd1a   0x0800bd1a   0x00000002   PAD
    0x0800bd1c   0x0800bd1c   0x00000006   Code   RO          605    .text.tmr_flag_clear  at32f415_tmr.o
    0x0800bd22   0x0800bd22   0x00000002   PAD
    0x0800bd24   0x0800bd24   0x0000000a   Code   RO          603    .text.tmr_flag_get  at32f415_tmr.o
    0x0800bd2e   0x0800bd2e   0x00000002   PAD
    0x0800bd30   0x0800bd30   0x0000001a   Code   RO          599    .text.tmr_interrupt_enable  at32f415_tmr.o
    0x0800bd4a   0x0800bd4a   0x00000002   PAD
    0x0800bd4c   0x0800bd4c   0x00000014   Code   RO          601    .text.tmr_interrupt_flag_get  at32f415_tmr.o
    0x0800bd60   0x0800bd60   0x0000005e   Code   RO          555    .text.tmr_output_channel_buffer_enable  at32f415_tmr.o
    0x0800bdbe   0x0800bdbe   0x00000002   PAD
    0x0800bdc0   0x0800bdc0   0x00000108   Code   RO          541    .text.tmr_output_channel_config  at32f415_tmr.o
    0x0800bec8   0x0800bec8   0x0000005e   Code   RO          557    .text.tmr_output_channel_immediately_set  at32f415_tmr.o
    0x0800bf26   0x0800bf26   0x00000002   PAD
    0x0800bf28   0x0800bf28   0x00000012   Code   RO          553    .text.tmr_period_buffer_enable  at32f415_tmr.o
    0x0800bf3a   0x0800bf3a   0x00000002   PAD
    0x0800bf3c   0x0800bf3c   0x00000012   Code   RO          583    .text.tmr_primary_mode_select  at32f415_tmr.o
    0x0800bf4e   0x0800bf4e   0x00000002   PAD
    0x0800bf50   0x0800bf50   0x00000012   Code   RO          595    .text.tmr_sub_sync_mode_set  at32f415_tmr.o
    0x0800bf62   0x0800bf62   0x00000002   PAD
    0x0800bf64   0x0800bf64   0x00000030   Code   RO          825    .text.tmt_create    tmt.o
    0x0800bf94   0x0800bf94   0x0000009a   Code   RO          827    .text.tmt_delete    tmt.o
    0x0800c02e   0x0800c02e   0x00000002   PAD
    0x0800c030   0x0800c030   0x00000062   Code   RO          819    .text.tmt_init      tmt.o
    0x0800c092   0x0800c092   0x00000002   PAD
    0x0800c094   0x0800c094   0x0000004e   Code   RO          821    .text.tmt_run       tmt.o
    0x0800c0e2   0x0800c0e2   0x00000002   PAD
    0x0800c0e4   0x0800c0e4   0x00000070   Code   RO          831    .text.tmt_run_ctrl  tmt.o
    0x0800c154   0x0800c154   0x0000007c   Code   RO          829    .text.tmt_time_ctrl  tmt.o
    0x0800c1d0   0x0800c1d0   0x000000b2   Code   RO          823    .text.tmt_update_tick  tmt.o
    0x0800c282   0x0800c282   0x00000002   PAD
    0x0800c284   0x0800c284   0x00000022   Code   RO          946    .text.two           led_handle.o
    0x0800c2a6   0x0800c2a6   0x00000002   PAD
    0x0800c2a8   0x0800c2a8   0x00000006   Code   RO          481    .text.usart_data_receive  at32f415_usart.o
    0x0800c2ae   0x0800c2ae   0x00000002   PAD
    0x0800c2b0   0x0800c2b0   0x00000008   Code   RO          479    .text.usart_data_transmit  at32f415_usart.o
    0x0800c2b8   0x0800c2b8   0x00000012   Code   RO          453    .text.usart_enable  at32f415_usart.o
    0x0800c2ca   0x0800c2ca   0x00000002   PAD
    0x0800c2cc   0x0800c2cc   0x00000012   Code   RO          505    .text.usart_flag_clear  at32f415_usart.o
    0x0800c2de   0x0800c2de   0x00000002   PAD
    0x0800c2e0   0x0800c2e0   0x0000000a   Code   RO          501    .text.usart_flag_get  at32f415_usart.o
    0x0800c2ea   0x0800c2ea   0x00000002   PAD
    0x0800c2ec   0x0800c2ec   0x00000046   Code   RO          499    .text.usart_hardware_flow_control_set  at32f415_usart.o
    0x0800c332   0x0800c332   0x00000002   PAD
    0x0800c334   0x0800c334   0x00000086   Code   RO          449    .text.usart_init    at32f415_usart.o
    0x0800c3ba   0x0800c3ba   0x00000002   PAD
    0x0800c3bc   0x0800c3bc   0x00000020   Code   RO          463    .text.usart_interrupt_enable  at32f415_usart.o
    0x0800c3dc   0x0800c3dc   0x0000003a   Code   RO          451    .text.usart_parity_selection_config  at32f415_usart.o
    0x0800c416   0x0800c416   0x00000002   PAD
    0x0800c418   0x0800c418   0x00000050   Code   RO         1092    .text.usart_receiveData  at32_usart.o
    0x0800c468   0x0800c468   0x00000012   Code   RO          457    .text.usart_receiver_enable  at32f415_usart.o
    0x0800c47a   0x0800c47a   0x00000002   PAD
    0x0800c47c   0x0800c47c   0x0000007e   Code   RO         1090    .text.usart_sendData  at32_usart.o
    0x0800c4fa   0x0800c4fa   0x00000002   PAD
    0x0800c4fc   0x0800c4fc   0x00000012   Code   RO          455    .text.usart_transmitter_enable  at32f415_usart.o
    0x0800c50e   0x0800c50e   0x00000002   PAD
    0x0800c510   0x0800c510   0x00000010   Code   RO          745    .text.wdt_counter_reload  at32f415_wdt.o
    0x0800c520   0x0800c520   0x00000012   Code   RO          749    .text.wdt_divider_set  at32f415_wdt.o
    0x0800c532   0x0800c532   0x00000002   PAD
    0x0800c534   0x0800c534   0x00000014   Code   RO          751    .text.wdt_register_write_enable  at32f415_wdt.o
    0x0800c548   0x0800c548   0x0000000c   Code   RO          747    .text.wdt_reload_value_set  at32f415_wdt.o
    0x0800c554   0x0800c554   0x000000b6   Code   RO          149    .text.wk_adc1_init  wk_adc.o
    0x0800c60a   0x0800c60a   0x00000002   PAD
    0x0800c60c   0x0800c60c   0x00000030   Code   RO          141    .text.wk_crc_init   wk_crc.o
    0x0800c63c   0x0800c63c   0x0000000e   Code   RO           97    .text.wk_debug_config  wk_debug.o
    0x0800c64a   0x0800c64a   0x00000002   PAD
    0x0800c64c   0x0800c64c   0x00000038   Code   RO          171    .text.wk_dma1_channel1_init  wk_dma.o
    0x0800c684   0x0800c684   0x00000008   Code   RO          173    .text.wk_dma_channel_config  wk_dma.o
    0x0800c68c   0x0800c68c   0x0000014a   Code   RO          125    .text.wk_gpio_config  wk_gpio.o
    0x0800c7d6   0x0800c7d6   0x00000002   PAD
    0x0800c7d8   0x0800c7d8   0x00000070   Code   RO           36    .text.wk_nvic_config  at32f415_wk_config.o
    0x0800c848   0x0800c848   0x00000086   Code   RO           34    .text.wk_periph_clock_config  at32f415_wk_config.o
    0x0800c8ce   0x0800c8ce   0x00000002   PAD
    0x0800c8d0   0x0800c8d0   0x000000a2   Code   RO           32    .text.wk_system_clock_config  at32f415_wk_config.o
    0x0800c972   0x0800c972   0x00000002   PAD
    0x0800c974   0x0800c974   0x00000004   Code   RO           86    .text.wk_timebase_handler  wk_system.o
    0x0800c978   0x0800c978   0x00000010   Code   RO           78    .text.wk_timebase_increase  wk_system.o
    0x0800c988   0x0800c988   0x00000040   Code   RO           84    .text.wk_timebase_init  wk_system.o
    0x0800c9c8   0x0800c9c8   0x000000d4   Code   RO          157    .text.wk_tmr2_init  wk_tmr.o
    0x0800ca9c   0x0800ca9c   0x000000b2   Code   RO          159    .text.wk_tmr3_init  wk_tmr.o
    0x0800cb4e   0x0800cb4e   0x00000002   PAD
    0x0800cb50   0x0800cb50   0x000000c2   Code   RO          161    .text.wk_tmr5_init  wk_tmr.o
    0x0800cc12   0x0800cc12   0x00000002   PAD
    0x0800cc14   0x0800cc14   0x0000009c   Code   RO          105    .text.wk_usart1_init  wk_usart.o
    0x0800ccb0   0x0800ccb0   0x0000001c   Code   RO          133    .text.wk_wdt_init   wk_wdt.o
    0x0800cccc   0x0800cccc   0x00000022   Code   RO          942    .text.zero_0        led_handle.o
    0x0800ccee   0x0800ccee   0x0000000e   Code   RO         1736    i.__scatterload_copy  mc_w.l(handlers.o)
    0x0800ccfc   0x0800ccfc   0x00000002   Code   RO         1737    i.__scatterload_null  mc_w.l(handlers.o)
    0x0800ccfe   0x0800ccfe   0x0000000e   Code   RO         1738    i.__scatterload_zeroinit  mc_w.l(handlers.o)
    0x0800cd0c   0x0800cd0c   0x00000010   Data   RO         1107    .rodata..Lswitch.table.usart_receiveData  at32_usart.o
    0x0800cd1c   0x0800cd1c   0x00000018   Data   RO         1243    .rodata.EventRecorderInfo  eventrecorder.o
    0x0800cd34   0x0800cd34   0x00000054   Data   RO          996    .rodata.TAST        led_handle.o
    0x0800cd88   0x0800cd88   0x00000008   Data   RO          254    .rodata.cst8        at32f415_crm.o
    0x0800cd90   0x0800cd90   0x00000005   Data   RO         1141    .rodata.str1.1      beep.o
    0x0800cd95   0x0800cd95   0x00000003   PAD
    0x0800cd98   0x0800cd98   0x00000020   Data   RO         1735    Region$$Table       anon$$obj.o
    0x0800cdb8   0x0800cdb8   0x00000004   Data   RO         1320    .init_array         perf_counter.o
    0x0800cdbc   0x0800cdb8   0x00000000   Data   RO         1644    .init_array         mc_w.l(cpp_init.o)


    Execution Region RW_IRAM1 (Exec base: 0x20000000, Load base: 0x0800cdc0, Size: 0x00001930, Max: 0x00008000, ABSOLUTE, COMPRESSED[0x00000100])

    Exec Addr    Load Addr    Size         Type   Attr      Idx    E Section Name        Object

    0x20000000   COMPRESSED   0x00000004   Data   RW           69    .data..L_MergedGlobals  at32f415_int.o
    0x20000004   COMPRESSED   0x0000000c   Data   RW          885    .data..L_MergedGlobals  ec11_handle.o
    0x20000010   COMPRESSED   0x00000068   Data   RW          933    .data..L_MergedGlobals  key_handle.o
    0x20000078   COMPRESSED   0x00000002   Data   RW          997    .data..L_MergedGlobals  led_handle.o
    0x2000007a   COMPRESSED   0x00000052   Data   RW         1025    .data..L_MergedGlobals  output_handle.o
    0x200000cc   COMPRESSED   0x00000008   Data   RW         1321    .data..L_MergedGlobals  perf_counter.o
    0x200000d4   COMPRESSED   0x00000004   Data   RW          801    .data.SystemCoreClock  system_at32f415.o
    0x200000d8   COMPRESSED   0x00000038   Data   RW         1158    .data.air_ec11      encoderec11.o
    0x20000110   COMPRESSED   0x00000038   Data   RW         1156    .data.air_temp_ec11  encoderec11.o
    0x20000148   COMPRESSED   0x00000001   Data   RW          881    .data.g_air_ec11_event  ec11_handle.o
    0x20000149   COMPRESSED   0x00000001   Data   RW         1186    .data.key_event_check.key_event  key.o
    0x2000014a   COMPRESSED   0x00000001   Data   RW          847    .data.pc_event      pc_comm_handle.o
    0x2000014b   COMPRESSED   0x00000001   PAD
    0x2000014c   COMPRESSED   0x00000002   Data   RW         1024    .data.relay_control.open_relay_delay_time  output_handle.o
    0x2000014e   COMPRESSED   0x00000002   PAD
    0x20000150   COMPRESSED   0x00000010   Data   RW         1142    .data.sbeep         beep.o
    0x20000160   COMPRESSED   0x00000038   Data   RW         1157    .data.sol_temp_ec11  encoderec11.o
    0x20000198   COMPRESSED   0x00000001   Data   RW          883    .data.sol_temp_ec11_event  ec11_handle.o
    0x20000199   COMPRESSED   0x00000027   PAD
    0x200001c0        -       0x0000002a   Zero   RW          909    .bss..L_MergedGlobals  flash_handle.o
    0x200001ea        -       0x00000002   Zero   RW         1159    .bss..L_MergedGlobals  encoderec11.o
    0x200001ec        -       0x00000008   Zero   RW           70    .bss..L_MergedGlobals.1  at32f415_int.o
    0x200001f4        -       0x00000014   Zero   RW          998    .bss..L_MergedGlobals.1  led_handle.o
    0x20000208        -       0x00000048   Zero   RW         1322    .bss..L_MergedGlobals.1  perf_counter.o
    0x20000250        -       0x00000003   Zero   RW          886    .bss..L_MergedGlobals.4  ec11_handle.o
    0x20000253   COMPRESSED   0x00000001   PAD
    0x20000254        -       0x00000020   Zero   RW         1026    .bss..L_MergedGlobals.4  output_handle.o
    0x20000274        -       0x00000001   Zero   RW         1143    .bss.BeepProc.s_BeepStartTime  beep.o
    0x20000275   COMPRESSED   0x00000003   PAD
    0x20000278        -       0x00000004   Zero   RW          850    .bss.WriteDataToPC.crc_value  pc_comm_handle.o
    0x2000027c        -       0x0000002c   Zero   RW         1045    .bss.air_handle_pid  pid_handle.o
    0x200002a8        -       0x00000030   Zero   RW         1124    .bss.air_temp       adc_filter.o
    0x200002d8        -       0x00000001   Zero   RW          882    .bss.air_temp_long_press_handled  ec11_handle.o
    0x200002d9        -       0x00000001   Zero   RW           23    .bss.beep_task.warning_time  main.o
    0x200002da        -       0x00000400   Zero   RW         1101    .bss.chUsart1RxBuffer  at32_usart.o
    0x200006da        -       0x00000400   Zero   RW         1102    .bss.chUsart1TxBuffer  at32_usart.o
    0x20000ada        -       0x00000001   Zero   RW           22    .bss.feed_dog_task.first_in  main.o
    0x20000adb        -       0x00000001   Zero   RW          932    .bss.get_key.set_done  key_handle.o
    0x20000adc        -       0x00000001   Zero   RW          117    .bss.iap_flag       iap.o
    0x20000add   COMPRESSED   0x00000023   PAD
    0x20000b00        -       0x000004a4   Zero   RW         1242    .bss.noinit         eventrecorder.o
    0x20000fa4        -       0x000000c4   Zero   RW          833    .bss.object         tmt.o
    0x20001068        -       0x00000030   Zero   RW         1126    .bss.over_load      adc_filter.o
    0x20001098        -       0x00000001   Zero   RW          848    .bss.pc_comm_handle.time  pc_comm_handle.o
    0x20001099   COMPRESSED   0x00000003   PAD
    0x2000109c        -       0x00000214   Zero   RW          849    .bss.pc_data        pc_comm_handle.o
    0x200012b0        -       0x0000011c   Zero   RW         1058    .bss.sFWDS201_t     ds201_handle.o
    0x200013cc        -       0x0000002c   Zero   RW         1046    .bss.sol_115_handle_pid  pid_handle.o
    0x200013f8        -       0x0000002c   Zero   RW         1047    .bss.sol_210_handle_pid  pid_handle.o
    0x20001424        -       0x00000001   Zero   RW         1023    .bss.sol_rpc_control.rpc_times  output_handle.o
    0x20001425   COMPRESSED   0x00000003   PAD
    0x20001428        -       0x00000030   Zero   RW         1125    .bss.sol_temp       adc_filter.o
    0x20001458        -       0x00000001   Zero   RW          884    .bss.sol_temp_ec11_event_handle.delay_time  ec11_handle.o
    0x20001459   COMPRESSED   0x00000003   PAD
    0x2000145c        -       0x00000024   Zero   RW         1105    .bss.tUart4Buffer   at32_usart.o
    0x20001480        -       0x00000024   Zero   RW         1106    .bss.tUart5Buffer   at32_usart.o
    0x200014a4        -       0x00000024   Zero   RW         1100    .bss.tUsart1Buffer  at32_usart.o
    0x200014c8        -       0x00000024   Zero   RW         1103    .bss.tUsart2Buffer  at32_usart.o
    0x200014ec        -       0x00000024   Zero   RW         1104    .bss.tUsart3Buffer  at32_usart.o
    0x20001510        -       0x00000004   Zero   RW           88    .bss.timebase_ticks  wk_system.o
    0x20001514        -       0x00000018   Zero   RW          834    .bss.tmt            tmt.o
    0x2000152c   COMPRESSED   0x00000004   PAD
    0x20001530        -       0x00000400   Zero   RW          809    STACK               startup_at32f415.o


==============================================================================

Image component sizes


      Code (inc. data)   RO Data    RW Data    ZI Data      Debug   Object Name

       260          0          0          0        144       6822   adc_filter.o
       678          0         16          0       2228       6116   at32_usart.o
       354          0          0          0          0      14677   at32f415_adc.o
       222          0          0          0          0       3614   at32f415_crc.o
       992         34          8          0          0      21842   at32f415_crm.o
       238          0          0          0          0       8165   at32f415_dma.o
      1226          0          0          0          0      40492   at32f415_flash.o
       602          0          0          0          0      13545   at32f415_gpio.o
       528          0          0          4          8       8198   at32f415_int.o
       240          0          0          0          0       6700   at32f415_misc.o
       664         38          0          0          0      29694   at32f415_tmr.o
       390          6          0          0          0      11424   at32f415_usart.o
        66          0          0          0          0       2381   at32f415_wdt.o
       408          0          0          0          0      10287   at32f415_wk_config.o
       182          0          5         16          1       4831   beep.o
        44          0          0          0          0       1115   beep_handle.o
       216          0          0          0        284       5397   ds201_handle.o
      4690        128          0         14          5       7811   ec11_handle.o
       686         10          0        168          2       7613   encoderec11.o
      4658          0         24          0       1188      21612   eventrecorder.o
        40          0          0          0          0       1697   flash.o
      3736         10          0          0         42       6439   flash_handle.o
       106          0          0          0          1       1041   iap.o
       160          6          0          1          0       1354   key.o
       802          0          0        104          1       6497   key_handle.o
      2904         58         84          2         20      10562   led_handle.o
       574          0          0          0          2       4226   main.o
      2946          0          0         84         33      19173   output_handle.o
       406          0          0          1        537       2646   pc_comm_handle.o
       642          0          4          8         72      18052   perf_counter.o
       122          0          0          0          0       3074   perfc_port_default.o
       296          0          0          0        132       2056   pid_handle.o
        36          8        368          0       1024        776   startup_at32f415.o
       396         16          0          4          0       7729   system_at32f415.o
        28          8          0          0          0        464   systick_wrapper_gnu.o
       792          0          0          0        220       3845   tmt.o
       178          0          0          0          0       3094   util_queue.o
       182          0          0          0          0       9284   wk_adc.o
        48          0          0          0          0        849   wk_crc.o
        14          0          0          0          0        773   wk_debug.o
        64          0          0          0          0       2644   wk_dma.o
       330          0          0          0          0       4586   wk_gpio.o
        84          0          0          0          4       1880   wk_system.o
       584          0          0          0          0      10772   wk_tmr.o
       156          0          0          0          0       6470   wk_usart.o
        28          0          0          0          0        779   wk_wdt.o

    ----------------------------------------------------------------------
     33270        322        544        412       6036     363098   Object Totals
         0          0         32          0          0          0   (incl. Generated)
       272          0          3          6         88          0   (incl. Padding)

    ----------------------------------------------------------------------

      Code (inc. data)   RO Data    RW Data    ZI Data      Debug   Library Member Name

        86          0          0          0          0          0   __dczerorl2.o
        40          8          0          0          0         80   cpp_init.o
         0          0          0          0          0          0   entry.o
         0          0          0          0          0          0   entry10a.o
         0          0          0          0          0          0   entry11a.o
         8          4          0          0          0          0   entry2.o
         4          0          0          0          0          0   entry5.o
         0          0          0          0          0          0   entry7b.o
         4          0          0          0          0          0   entry8a.o
         0          0          0          0          0          0   entry8b.o
         8          4          0          0          0          0   entry9a.o
        30          0          0          0          0          0   handlers.o
        48         10          0          0          0         68   init.o
         0          0          0          0          0          0   iusefp.o
        98          0          0          0          0         84   ldiv.o
        30          0          0          0          0         68   llshl.o
        36          0          0          0          0         68   llsshr.o
        32          0          0          0          0         68   llushr.o
        36          0          0          0          0        108   memseta.o
        98          0          0          0          0         92   uldiv.o
        56          0          0          0          0         88   d2f.o
       334          0          0          0          0        148   dadd.o
       222          0          0          0          0        100   ddiv.o
       186          0          0          0          0        176   depilogue.o
        50          0          0          0          0         76   dfixui.o
        26          0          0          0          0         76   dfltui.o
       228          0          0          0          0         96   dmul.o
        38          0          0          0          0         68   f2d.o
       176          0          0          0          0        140   fadd.o
        28          0          0          0          0         68   fcmpeq.o
        28          0          0          0          0         68   fcmpge.o
        28          0          0          0          0         68   fcmpgt.o
        28          0          0          0          0         68   fcmple.o
        28          0          0          0          0         68   fcmplt.o
       124          0          0          0          0         88   fdiv.o
       110          0          0          0          0        168   fepilogue.o
        50          0          0          0          0         68   ffixi.o
        40          0          0          0          0         68   ffixui.o
        18          0          0          0          0         68   fflti.o
        10          0          0          0          0         68   ffltui.o
       100          0          0          0          0         76   fmul.o

    ----------------------------------------------------------------------
      2470         26          0          0          0       2548   Library Totals
         4          0          0          0          0          0   (incl. Padding)

    ----------------------------------------------------------------------

      Code (inc. data)   RO Data    RW Data    ZI Data      Debug   Library Name

       558         26          0          0          0        636   mc_w.l
      1908          0          0          0          0       1912   mf_w.l

    ----------------------------------------------------------------------
      2470         26          0          0          0       2548   Library Totals

    ----------------------------------------------------------------------

==============================================================================


      Code (inc. data)   RO Data    RW Data    ZI Data      Debug   

     35740        348        544        412       6036     363666   Grand Totals
     35740        348        544        256       6036     363666   ELF Image Totals (compressed)
     35740        348        544        256          0          0   ROM Totals

==============================================================================

    Total RO  Size (Code + RO Data)                36284 (  35.43kB)
    Total RW  Size (RW Data + ZI Data)              6448 (   6.30kB)
    Total ROM Size (Code + RO Data + RW Data)      36540 (  35.68kB)

==============================================================================

