<!doctype html public "-//w3c//dtd html 4.0 transitional//en">
<html><head>
<title>Static Call Graph - [.\objects\AT32F415RBT7_WorkBench.axf]</title></head>
<body><HR>
<H1>Static Call Graph for image .\objects\AT32F415RBT7_WorkBench.axf</H1><HR>
<BR><P>#&#060CALLGRAPH&#062# ARM Linker, 6230001: Last Updated: Wed Jun 24 09:30:20 2026
<BR><P>
<H3>Maximum Stack Usage =        192 bytes + Unknown(Functions without stacksize, Cycles, Untraceable Function Pointers)</H3><H3>
Call chain for Maximum Stack Depth:</H3>
main &rArr; wk_usart1_init &rArr; usart_init &rArr; crm_clocks_freq_get &rArr; __aeabi_uldivmod
<P>
<H3>
Functions with no stack information
</H3><UL>
 <LI><a href="#[11]">SysTick_Handler</a>
 <LI><a href="#[17b]">__ensure_systick_wrapper</a>
</UL>
</UL>
<P>
<H3>
Mutually Recursive functions
</H3> <LI><a href="#[24]">ADC1_IRQHandler</a>&nbsp;&nbsp;&nbsp;&rArr;&nbsp;&nbsp;&nbsp;<a href="#[24]">ADC1_IRQHandler</a><BR>
</UL>
<P>
<H3>
Function Pointers
</H3><UL>
 <LI><a href="#[4d]">$Super$$SysTick_Handler</a> from lto-llvm-44c51f.o(.text.SysTick_Handler) referenced from systick_wrapper_gnu.o(.text)
 <LI><a href="#[24]">ADC1_IRQHandler</a> from startup_at32f415.o(.text) referenced from startup_at32f415.o(RESET)
 <LI><a href="#[c]">BusFault_Handler</a> from lto-llvm-44c51f.o(.text.BusFault_Handler) referenced from startup_at32f415.o(RESET)
 <LI><a href="#[67]">C</a> from lto-llvm-44c51f.o(.text.C) referenced from lto-llvm-44c51f.o(.rodata.TAST)
 <LI><a href="#[26]">CAN1_RX0_IRQHandler</a> from startup_at32f415.o(.text) referenced from startup_at32f415.o(RESET)
 <LI><a href="#[27]">CAN1_RX1_IRQHandler</a> from startup_at32f415.o(.text) referenced from startup_at32f415.o(RESET)
 <LI><a href="#[28]">CAN1_SE_IRQHandler</a> from startup_at32f415.o(.text) referenced from startup_at32f415.o(RESET)
 <LI><a href="#[25]">CAN1_TX_IRQHandler</a> from startup_at32f415.o(.text) referenced from startup_at32f415.o(RESET)
 <LI><a href="#[46]">CMP1_IRQHandler</a> from startup_at32f415.o(.text) referenced from startup_at32f415.o(RESET)
 <LI><a href="#[47]">CMP2_IRQHandler</a> from startup_at32f415.o(.text) referenced from startup_at32f415.o(RESET)
 <LI><a href="#[17]">CRM_IRQHandler</a> from startup_at32f415.o(.text) referenced from startup_at32f415.o(RESET)
 <LI><a href="#[1d]">DMA1_Channel1_IRQHandler</a> from startup_at32f415.o(.text) referenced from startup_at32f415.o(RESET)
 <LI><a href="#[1e]">DMA1_Channel2_IRQHandler</a> from startup_at32f415.o(.text) referenced from startup_at32f415.o(RESET)
 <LI><a href="#[1f]">DMA1_Channel3_IRQHandler</a> from startup_at32f415.o(.text) referenced from startup_at32f415.o(RESET)
 <LI><a href="#[20]">DMA1_Channel4_IRQHandler</a> from startup_at32f415.o(.text) referenced from startup_at32f415.o(RESET)
 <LI><a href="#[21]">DMA1_Channel5_IRQHandler</a> from startup_at32f415.o(.text) referenced from startup_at32f415.o(RESET)
 <LI><a href="#[22]">DMA1_Channel6_IRQHandler</a> from startup_at32f415.o(.text) referenced from startup_at32f415.o(RESET)
 <LI><a href="#[23]">DMA1_Channel7_IRQHandler</a> from startup_at32f415.o(.text) referenced from startup_at32f415.o(RESET)
 <LI><a href="#[41]">DMA2_Channel1_IRQHandler</a> from startup_at32f415.o(.text) referenced from startup_at32f415.o(RESET)
 <LI><a href="#[42]">DMA2_Channel2_IRQHandler</a> from startup_at32f415.o(.text) referenced from startup_at32f415.o(RESET)
 <LI><a href="#[43]">DMA2_Channel3_IRQHandler</a> from startup_at32f415.o(.text) referenced from startup_at32f415.o(RESET)
 <LI><a href="#[44]">DMA2_Channel4_5_IRQHandler</a> from startup_at32f415.o(.text) referenced from startup_at32f415.o(RESET)
 <LI><a href="#[48]">DMA2_Channel6_7_IRQHandler</a> from startup_at32f415.o(.text) referenced from startup_at32f415.o(RESET)
 <LI><a href="#[f]">DebugMon_Handler</a> from lto-llvm-44c51f.o(.text.DebugMon_Handler) referenced from startup_at32f415.o(RESET)
 <LI><a href="#[68]">E</a> from lto-llvm-44c51f.o(.text.E) referenced from lto-llvm-44c51f.o(.rodata.TAST)
 <LI><a href="#[3b]">ERTCAlarm_IRQHandler</a> from startup_at32f415.o(.text) referenced from startup_at32f415.o(RESET)
 <LI><a href="#[15]">ERTC_WKUP_IRQHandler</a> from startup_at32f415.o(.text) referenced from startup_at32f415.o(RESET)
 <LI><a href="#[18]">EXINT0_IRQHandler</a> from startup_at32f415.o(.text) referenced from startup_at32f415.o(RESET)
 <LI><a href="#[3a]">EXINT15_10_IRQHandler</a> from startup_at32f415.o(.text) referenced from startup_at32f415.o(RESET)
 <LI><a href="#[19]">EXINT1_IRQHandler</a> from startup_at32f415.o(.text) referenced from startup_at32f415.o(RESET)
 <LI><a href="#[1a]">EXINT2_IRQHandler</a> from startup_at32f415.o(.text) referenced from startup_at32f415.o(RESET)
 <LI><a href="#[1b]">EXINT3_IRQHandler</a> from startup_at32f415.o(.text) referenced from startup_at32f415.o(RESET)
 <LI><a href="#[1c]">EXINT4_IRQHandler</a> from startup_at32f415.o(.text) referenced from startup_at32f415.o(RESET)
 <LI><a href="#[29]">EXINT9_5_IRQHandler</a> from startup_at32f415.o(.text) referenced from startup_at32f415.o(RESET)
 <LI><a href="#[69]">F</a> from lto-llvm-44c51f.o(.text.F) referenced from lto-llvm-44c51f.o(.rodata.TAST)
 <LI><a href="#[16]">FLASH_IRQHandler</a> from startup_at32f415.o(.text) referenced from startup_at32f415.o(RESET)
 <LI><a href="#[6a]">H</a> from lto-llvm-44c51f.o(.text.H) referenced from lto-llvm-44c51f.o(.rodata.TAST)
 <LI><a href="#[a]">HardFault_Handler</a> from lto-llvm-44c51f.o(.text.HardFault_Handler) referenced from startup_at32f415.o(RESET)
 <LI><a href="#[32]">I2C1_ERR_IRQHandler</a> from startup_at32f415.o(.text) referenced from startup_at32f415.o(RESET)
 <LI><a href="#[31]">I2C1_EVT_IRQHandler</a> from startup_at32f415.o(.text) referenced from startup_at32f415.o(RESET)
 <LI><a href="#[34]">I2C2_ERR_IRQHandler</a> from startup_at32f415.o(.text) referenced from startup_at32f415.o(RESET)
 <LI><a href="#[33]">I2C2_EVT_IRQHandler</a> from startup_at32f415.o(.text) referenced from startup_at32f415.o(RESET)
 <LI><a href="#[b]">MemManage_Handler</a> from lto-llvm-44c51f.o(.text.MemManage_Handler) referenced from startup_at32f415.o(RESET)
 <LI><a href="#[9]">NMI_Handler</a> from lto-llvm-44c51f.o(.text.NMI_Handler) referenced from startup_at32f415.o(RESET)
 <LI><a href="#[45]">OTGFS1_IRQHandler</a> from startup_at32f415.o(.text) referenced from startup_at32f415.o(RESET)
 <LI><a href="#[3c]">OTGFS1_WKUP_IRQHandler</a> from startup_at32f415.o(.text) referenced from startup_at32f415.o(RESET)
 <LI><a href="#[6d]">P</a> from lto-llvm-44c51f.o(.text.P) referenced from lto-llvm-44c51f.o(.rodata.TAST)
 <LI><a href="#[13]">PVM_IRQHandler</a> from startup_at32f415.o(.text) referenced from startup_at32f415.o(RESET)
 <LI><a href="#[10]">PendSV_Handler</a> from lto-llvm-44c51f.o(.text.PendSV_Handler) referenced from startup_at32f415.o(RESET)
 <LI><a href="#[8]">Reset_Handler</a> from startup_at32f415.o(.text) referenced from startup_at32f415.o(RESET)
 <LI><a href="#[3d]">SDIO1_IRQHandler</a> from startup_at32f415.o(.text) referenced from startup_at32f415.o(RESET)
 <LI><a href="#[35]">SPI1_IRQHandler</a> from startup_at32f415.o(.text) referenced from startup_at32f415.o(RESET)
 <LI><a href="#[36]">SPI2_IRQHandler</a> from startup_at32f415.o(.text) referenced from startup_at32f415.o(RESET)
 <LI><a href="#[e]">SVC_Handler</a> from lto-llvm-44c51f.o(.text.SVC_Handler) referenced from startup_at32f415.o(RESET)
 <LI><a href="#[11]">SysTick_Handler</a> from systick_wrapper_gnu.o(.text) referenced from startup_at32f415.o(RESET)
 <LI><a href="#[4a]">SystemInit</a> from lto-llvm-44c51f.o(.text.SystemInit) referenced from startup_at32f415.o(.text)
 <LI><a href="#[14]">TAMP_STAMP_IRQHandler</a> from startup_at32f415.o(.text) referenced from startup_at32f415.o(RESET)
 <LI><a href="#[2a]">TMR1_BRK_TMR9_IRQHandler</a> from startup_at32f415.o(.text) referenced from startup_at32f415.o(RESET)
 <LI><a href="#[2d]">TMR1_CH_IRQHandler</a> from startup_at32f415.o(.text) referenced from startup_at32f415.o(RESET)
 <LI><a href="#[2b]">TMR1_OVF_TMR10_IRQHandler</a> from startup_at32f415.o(.text) referenced from startup_at32f415.o(RESET)
 <LI><a href="#[2c]">TMR1_TRG_HALL_TMR11_IRQHandler</a> from startup_at32f415.o(.text) referenced from startup_at32f415.o(RESET)
 <LI><a href="#[2e]">TMR2_GLOBAL_IRQHandler</a> from lto-llvm-44c51f.o(.text.TMR2_GLOBAL_IRQHandler) referenced from startup_at32f415.o(RESET)
 <LI><a href="#[2f]">TMR3_GLOBAL_IRQHandler</a> from lto-llvm-44c51f.o(.text.TMR3_GLOBAL_IRQHandler) referenced from startup_at32f415.o(RESET)
 <LI><a href="#[30]">TMR4_GLOBAL_IRQHandler</a> from startup_at32f415.o(.text) referenced from startup_at32f415.o(RESET)
 <LI><a href="#[3e]">TMR5_GLOBAL_IRQHandler</a> from startup_at32f415.o(.text) referenced from startup_at32f415.o(RESET)
 <LI><a href="#[3f]">UART4_IRQHandler</a> from startup_at32f415.o(.text) referenced from startup_at32f415.o(RESET)
 <LI><a href="#[40]">UART5_IRQHandler</a> from startup_at32f415.o(.text) referenced from startup_at32f415.o(RESET)
 <LI><a href="#[37]">USART1_IRQHandler</a> from lto-llvm-44c51f.o(.text.USART1_IRQHandler) referenced from startup_at32f415.o(RESET)
 <LI><a href="#[38]">USART2_IRQHandler</a> from startup_at32f415.o(.text) referenced from startup_at32f415.o(RESET)
 <LI><a href="#[39]">USART3_IRQHandler</a> from startup_at32f415.o(.text) referenced from startup_at32f415.o(RESET)
 <LI><a href="#[d]">UsageFault_Handler</a> from lto-llvm-44c51f.o(.text.UsageFault_Handler) referenced from startup_at32f415.o(RESET)
 <LI><a href="#[12]">WWDT_IRQHandler</a> from startup_at32f415.o(.text) referenced from startup_at32f415.o(RESET)
 <LI><a href="#[4b]">__main</a> from entry.o(.ARM.Collect$$$$00000000) referenced from startup_at32f415.o(.text)
 <LI><a href="#[72]">__perf_counter_init</a> from lto-llvm-44c51f.o(.text.__perf_counter_init) referenced from lto-llvm-44c51f.o(.init_array)
 <LI><a href="#[7]">beep_off</a> from lto-llvm-44c51f.o(.text.beep_off) referenced 2 times from lto-llvm-44c51f.o(.data.sbeep)
 <LI><a href="#[6]">beep_on</a> from lto-llvm-44c51f.o(.text.beep_on) referenced 2 times from lto-llvm-44c51f.o(.data.sbeep)
 <LI><a href="#[51]">beep_task</a> from lto-llvm-44c51f.o(.text.beep_task) referenced 2 times from lto-llvm-44c51f.o(.text.main)
 <LI><a href="#[6e]">celsius</a> from lto-llvm-44c51f.o(.text.celsius) referenced from lto-llvm-44c51f.o(.rodata.TAST)
 <LI><a href="#[52]">ec11_task</a> from lto-llvm-44c51f.o(.text.ec11_task) referenced 2 times from lto-llvm-44c51f.o(.text.main)
 <LI><a href="#[65]">eight</a> from lto-llvm-44c51f.o(.text.eight) referenced from lto-llvm-44c51f.o(.rodata.TAST)
 <LI><a href="#[6f]">fahrenheit</a> from lto-llvm-44c51f.o(.text.fahrenheit) referenced from lto-llvm-44c51f.o(.rodata.TAST)
 <LI><a href="#[4f]">feed_dog_task</a> from lto-llvm-44c51f.o(.text.feed_dog_task) referenced 2 times from lto-llvm-44c51f.o(.text.main)
 <LI><a href="#[62]">five</a> from lto-llvm-44c51f.o(.text.five) referenced from lto-llvm-44c51f.o(.rodata.TAST)
 <LI><a href="#[53]">flash_task</a> from lto-llvm-44c51f.o(.text.flash_task) referenced 2 times from lto-llvm-44c51f.o(.text.main)
 <LI><a href="#[61]">four</a> from lto-llvm-44c51f.o(.text.four) referenced from lto-llvm-44c51f.o(.rodata.TAST)
 <LI><a href="#[0]">get_air_ch1</a> from lto-llvm-44c51f.o(.text.get_air_ch1) referenced 2 times from lto-llvm-44c51f.o(.data.keys)
 <LI><a href="#[1]">get_air_ch2</a> from lto-llvm-44c51f.o(.text.get_air_ch2) referenced 2 times from lto-llvm-44c51f.o(.data.keys)
 <LI><a href="#[2]">get_air_ch3</a> from lto-llvm-44c51f.o(.text.get_air_ch3) referenced 2 times from lto-llvm-44c51f.o(.data.keys)
 <LI><a href="#[3]">get_sol_ch1</a> from lto-llvm-44c51f.o(.text.get_sol_ch1) referenced 2 times from lto-llvm-44c51f.o(.data.keys)
 <LI><a href="#[4]">get_sol_ch2</a> from lto-llvm-44c51f.o(.text.get_sol_ch2) referenced 2 times from lto-llvm-44c51f.o(.data.keys)
 <LI><a href="#[5]">get_sol_ch3</a> from lto-llvm-44c51f.o(.text.get_sol_ch3) referenced 2 times from lto-llvm-44c51f.o(.data.keys)
 <LI><a href="#[4e]">iap_task</a> from lto-llvm-44c51f.o(.text.iap_task) referenced 2 times from lto-llvm-44c51f.o(.text.main)
 <LI><a href="#[54]">key_task</a> from lto-llvm-44c51f.o(.text.key_task) referenced 2 times from lto-llvm-44c51f.o(.text.main)
 <LI><a href="#[55]">led_task</a> from lto-llvm-44c51f.o(.text.led_task) referenced 2 times from lto-llvm-44c51f.o(.text.main)
 <LI><a href="#[49]">main</a> from lto-llvm-44c51f.o(.text.main) referenced from entry9a.o(.ARM.Collect$$$$0000000B)
 <LI><a href="#[6b]">n</a> from lto-llvm-44c51f.o(.text.n) referenced from lto-llvm-44c51f.o(.rodata.TAST)
 <LI><a href="#[66]">nine</a> from lto-llvm-44c51f.o(.text.nine) referenced from lto-llvm-44c51f.o(.rodata.TAST)
 <LI><a href="#[70]">nothing</a> from lto-llvm-44c51f.o(.text.nothing) referenced from lto-llvm-44c51f.o(.rodata.TAST)
 <LI><a href="#[5e]">one</a> from lto-llvm-44c51f.o(.text.one) referenced from lto-llvm-44c51f.o(.rodata.TAST)
 <LI><a href="#[56]">output_task</a> from lto-llvm-44c51f.o(.text.output_task) referenced 2 times from lto-llvm-44c51f.o(.text.main)
 <LI><a href="#[50]">pc_comm_task</a> from lto-llvm-44c51f.o(.text.pc_comm_task) referenced 2 times from lto-llvm-44c51f.o(.text.main)
 <LI><a href="#[4c]">perfc_port_insert_to_system_timer_insert_ovf_handler</a> from lto-llvm-44c51f.o(.text.perfc_port_insert_to_system_timer_insert_ovf_handler) referenced from systick_wrapper_gnu.o(.text)
 <LI><a href="#[71]">r</a> from lto-llvm-44c51f.o(.text.r) referenced from lto-llvm-44c51f.o(.rodata.TAST)
 <LI><a href="#[64]">seven</a> from lto-llvm-44c51f.o(.text.seven) referenced from lto-llvm-44c51f.o(.rodata.TAST)
 <LI><a href="#[63]">six</a> from lto-llvm-44c51f.o(.text.six) referenced from lto-llvm-44c51f.o(.rodata.TAST)
 <LI><a href="#[6c]">sleep_G</a> from lto-llvm-44c51f.o(.text.sleep_G) referenced from lto-llvm-44c51f.o(.rodata.TAST)
 <LI><a href="#[60]">three</a> from lto-llvm-44c51f.o(.text.three) referenced from lto-llvm-44c51f.o(.rodata.TAST)
 <LI><a href="#[59]">tmt_create</a> from lto-llvm-44c51f.o(.text.tmt_create) referenced 2 times from lto-llvm-44c51f.o(.text.tmt_init)
 <LI><a href="#[5a]">tmt_delete</a> from lto-llvm-44c51f.o(.text.tmt_delete) referenced 2 times from lto-llvm-44c51f.o(.text.tmt_init)
 <LI><a href="#[57]">tmt_run</a> from lto-llvm-44c51f.o(.text.tmt_run) referenced 2 times from lto-llvm-44c51f.o(.text.tmt_init)
 <LI><a href="#[5c]">tmt_run_ctrl</a> from lto-llvm-44c51f.o(.text.tmt_run_ctrl) referenced 2 times from lto-llvm-44c51f.o(.text.tmt_init)
 <LI><a href="#[5b]">tmt_time_ctrl</a> from lto-llvm-44c51f.o(.text.tmt_time_ctrl) referenced 2 times from lto-llvm-44c51f.o(.text.tmt_init)
 <LI><a href="#[58]">tmt_update_tick</a> from lto-llvm-44c51f.o(.text.tmt_update_tick) referenced 2 times from lto-llvm-44c51f.o(.text.tmt_init)
 <LI><a href="#[5f]">two</a> from lto-llvm-44c51f.o(.text.two) referenced from lto-llvm-44c51f.o(.rodata.TAST)
 <LI><a href="#[5d]">zero_0</a> from lto-llvm-44c51f.o(.text.zero_0) referenced from lto-llvm-44c51f.o(.rodata.TAST)
</UL>
<P>
<H3>
Global Symbols
</H3>
<P><STRONG><a name="[4b]"></a>__main</STRONG> (Thumb, 0 bytes, Stack size unknown bytes, entry.o(.ARM.Collect$$$$00000000))
<BR>[Address Reference Count : 1]<UL><LI> startup_at32f415.o(.text)
</UL>
<P><STRONG><a name="[175]"></a>_main_stk</STRONG> (Thumb, 0 bytes, Stack size unknown bytes, entry2.o(.ARM.Collect$$$$00000001))

<P><STRONG><a name="[74]"></a>_main_scatterload</STRONG> (Thumb, 0 bytes, Stack size unknown bytes, entry5.o(.ARM.Collect$$$$00000004))
<BR><BR>[Calls]<UL><LI><a href="#[75]">&gt;&gt;</a>&nbsp;&nbsp;&nbsp;__scatterload
</UL>

<P><STRONG><a name="[82]"></a>__main_after_scatterload</STRONG> (Thumb, 0 bytes, Stack size unknown bytes, entry5.o(.ARM.Collect$$$$00000004))
<BR><BR>[Called By]<UL><LI><a href="#[75]">&gt;&gt;</a>&nbsp;&nbsp;&nbsp;__scatterload
</UL>

<P><STRONG><a name="[176]"></a>_main_clock</STRONG> (Thumb, 0 bytes, Stack size unknown bytes, entry7b.o(.ARM.Collect$$$$00000008))

<P><STRONG><a name="[76]"></a>_main_cpp_init$empty</STRONG> (Thumb, 0 bytes, Stack size unknown bytes, entry8a.o(.ARM.Collect$$$$00000009))
<BR><BR>[Stack]<UL><LI>Max Depth = 24 + Unknown Stack Size
<LI>Call Chain = _main_cpp_init$empty &rArr; __cpp_initialize__aeabi_
</UL>
<BR>[Calls]<UL><LI><a href="#[73]">&gt;&gt;</a>&nbsp;&nbsp;&nbsp;__cpp_initialize__aeabi_
</UL>

<P><STRONG><a name="[177]"></a>_main_cpp_init</STRONG> (Thumb, 0 bytes, Stack size unknown bytes, entry8b.o(.ARM.Collect$$$$0000000A))

<P><STRONG><a name="[178]"></a>_main_init</STRONG> (Thumb, 0 bytes, Stack size unknown bytes, entry9a.o(.ARM.Collect$$$$0000000B))

<P><STRONG><a name="[179]"></a>__rt_final_cpp</STRONG> (Thumb, 0 bytes, Stack size unknown bytes, entry10a.o(.ARM.Collect$$$$0000000D))

<P><STRONG><a name="[17a]"></a>__rt_final_exit</STRONG> (Thumb, 0 bytes, Stack size unknown bytes, entry11a.o(.ARM.Collect$$$$0000000F))

<P><STRONG><a name="[8]"></a>Reset_Handler</STRONG> (Thumb, 8 bytes, Stack size 0 bytes, startup_at32f415.o(.text))
<BR>[Address Reference Count : 1]<UL><LI> startup_at32f415.o(RESET)
</UL>
<P><STRONG><a name="[24]"></a>ADC1_IRQHandler</STRONG> (Thumb, 0 bytes, Stack size 0 bytes, startup_at32f415.o(.text))
<BR><BR>[Calls]<UL><LI><a href="#[24]">&gt;&gt;</a>&nbsp;&nbsp;&nbsp;ADC1_IRQHandler
</UL>
<BR>[Called By]<UL><LI><a href="#[24]">&gt;&gt;</a>&nbsp;&nbsp;&nbsp;ADC1_IRQHandler
</UL>
<BR>[Address Reference Count : 1]<UL><LI> startup_at32f415.o(RESET)
</UL>
<P><STRONG><a name="[26]"></a>CAN1_RX0_IRQHandler</STRONG> (Thumb, 0 bytes, Stack size 0 bytes, startup_at32f415.o(.text))
<BR>[Address Reference Count : 1]<UL><LI> startup_at32f415.o(RESET)
</UL>
<P><STRONG><a name="[27]"></a>CAN1_RX1_IRQHandler</STRONG> (Thumb, 0 bytes, Stack size 0 bytes, startup_at32f415.o(.text))
<BR>[Address Reference Count : 1]<UL><LI> startup_at32f415.o(RESET)
</UL>
<P><STRONG><a name="[28]"></a>CAN1_SE_IRQHandler</STRONG> (Thumb, 0 bytes, Stack size 0 bytes, startup_at32f415.o(.text))
<BR>[Address Reference Count : 1]<UL><LI> startup_at32f415.o(RESET)
</UL>
<P><STRONG><a name="[25]"></a>CAN1_TX_IRQHandler</STRONG> (Thumb, 0 bytes, Stack size 0 bytes, startup_at32f415.o(.text))
<BR>[Address Reference Count : 1]<UL><LI> startup_at32f415.o(RESET)
</UL>
<P><STRONG><a name="[46]"></a>CMP1_IRQHandler</STRONG> (Thumb, 0 bytes, Stack size 0 bytes, startup_at32f415.o(.text))
<BR>[Address Reference Count : 1]<UL><LI> startup_at32f415.o(RESET)
</UL>
<P><STRONG><a name="[47]"></a>CMP2_IRQHandler</STRONG> (Thumb, 0 bytes, Stack size 0 bytes, startup_at32f415.o(.text))
<BR>[Address Reference Count : 1]<UL><LI> startup_at32f415.o(RESET)
</UL>
<P><STRONG><a name="[17]"></a>CRM_IRQHandler</STRONG> (Thumb, 0 bytes, Stack size 0 bytes, startup_at32f415.o(.text))
<BR>[Address Reference Count : 1]<UL><LI> startup_at32f415.o(RESET)
</UL>
<P><STRONG><a name="[1d]"></a>DMA1_Channel1_IRQHandler</STRONG> (Thumb, 0 bytes, Stack size 0 bytes, startup_at32f415.o(.text))
<BR>[Address Reference Count : 1]<UL><LI> startup_at32f415.o(RESET)
</UL>
<P><STRONG><a name="[1e]"></a>DMA1_Channel2_IRQHandler</STRONG> (Thumb, 0 bytes, Stack size 0 bytes, startup_at32f415.o(.text))
<BR>[Address Reference Count : 1]<UL><LI> startup_at32f415.o(RESET)
</UL>
<P><STRONG><a name="[1f]"></a>DMA1_Channel3_IRQHandler</STRONG> (Thumb, 0 bytes, Stack size 0 bytes, startup_at32f415.o(.text))
<BR>[Address Reference Count : 1]<UL><LI> startup_at32f415.o(RESET)
</UL>
<P><STRONG><a name="[20]"></a>DMA1_Channel4_IRQHandler</STRONG> (Thumb, 0 bytes, Stack size 0 bytes, startup_at32f415.o(.text))
<BR>[Address Reference Count : 1]<UL><LI> startup_at32f415.o(RESET)
</UL>
<P><STRONG><a name="[21]"></a>DMA1_Channel5_IRQHandler</STRONG> (Thumb, 0 bytes, Stack size 0 bytes, startup_at32f415.o(.text))
<BR>[Address Reference Count : 1]<UL><LI> startup_at32f415.o(RESET)
</UL>
<P><STRONG><a name="[22]"></a>DMA1_Channel6_IRQHandler</STRONG> (Thumb, 0 bytes, Stack size 0 bytes, startup_at32f415.o(.text))
<BR>[Address Reference Count : 1]<UL><LI> startup_at32f415.o(RESET)
</UL>
<P><STRONG><a name="[23]"></a>DMA1_Channel7_IRQHandler</STRONG> (Thumb, 0 bytes, Stack size 0 bytes, startup_at32f415.o(.text))
<BR>[Address Reference Count : 1]<UL><LI> startup_at32f415.o(RESET)
</UL>
<P><STRONG><a name="[41]"></a>DMA2_Channel1_IRQHandler</STRONG> (Thumb, 0 bytes, Stack size 0 bytes, startup_at32f415.o(.text))
<BR>[Address Reference Count : 1]<UL><LI> startup_at32f415.o(RESET)
</UL>
<P><STRONG><a name="[42]"></a>DMA2_Channel2_IRQHandler</STRONG> (Thumb, 0 bytes, Stack size 0 bytes, startup_at32f415.o(.text))
<BR>[Address Reference Count : 1]<UL><LI> startup_at32f415.o(RESET)
</UL>
<P><STRONG><a name="[43]"></a>DMA2_Channel3_IRQHandler</STRONG> (Thumb, 0 bytes, Stack size 0 bytes, startup_at32f415.o(.text))
<BR>[Address Reference Count : 1]<UL><LI> startup_at32f415.o(RESET)
</UL>
<P><STRONG><a name="[44]"></a>DMA2_Channel4_5_IRQHandler</STRONG> (Thumb, 0 bytes, Stack size 0 bytes, startup_at32f415.o(.text))
<BR>[Address Reference Count : 1]<UL><LI> startup_at32f415.o(RESET)
</UL>
<P><STRONG><a name="[48]"></a>DMA2_Channel6_7_IRQHandler</STRONG> (Thumb, 0 bytes, Stack size 0 bytes, startup_at32f415.o(.text))
<BR>[Address Reference Count : 1]<UL><LI> startup_at32f415.o(RESET)
</UL>
<P><STRONG><a name="[3b]"></a>ERTCAlarm_IRQHandler</STRONG> (Thumb, 0 bytes, Stack size 0 bytes, startup_at32f415.o(.text))
<BR>[Address Reference Count : 1]<UL><LI> startup_at32f415.o(RESET)
</UL>
<P><STRONG><a name="[15]"></a>ERTC_WKUP_IRQHandler</STRONG> (Thumb, 0 bytes, Stack size 0 bytes, startup_at32f415.o(.text))
<BR>[Address Reference Count : 1]<UL><LI> startup_at32f415.o(RESET)
</UL>
<P><STRONG><a name="[18]"></a>EXINT0_IRQHandler</STRONG> (Thumb, 0 bytes, Stack size 0 bytes, startup_at32f415.o(.text))
<BR>[Address Reference Count : 1]<UL><LI> startup_at32f415.o(RESET)
</UL>
<P><STRONG><a name="[3a]"></a>EXINT15_10_IRQHandler</STRONG> (Thumb, 0 bytes, Stack size 0 bytes, startup_at32f415.o(.text))
<BR>[Address Reference Count : 1]<UL><LI> startup_at32f415.o(RESET)
</UL>
<P><STRONG><a name="[19]"></a>EXINT1_IRQHandler</STRONG> (Thumb, 0 bytes, Stack size 0 bytes, startup_at32f415.o(.text))
<BR>[Address Reference Count : 1]<UL><LI> startup_at32f415.o(RESET)
</UL>
<P><STRONG><a name="[1a]"></a>EXINT2_IRQHandler</STRONG> (Thumb, 0 bytes, Stack size 0 bytes, startup_at32f415.o(.text))
<BR>[Address Reference Count : 1]<UL><LI> startup_at32f415.o(RESET)
</UL>
<P><STRONG><a name="[1b]"></a>EXINT3_IRQHandler</STRONG> (Thumb, 0 bytes, Stack size 0 bytes, startup_at32f415.o(.text))
<BR>[Address Reference Count : 1]<UL><LI> startup_at32f415.o(RESET)
</UL>
<P><STRONG><a name="[1c]"></a>EXINT4_IRQHandler</STRONG> (Thumb, 0 bytes, Stack size 0 bytes, startup_at32f415.o(.text))
<BR>[Address Reference Count : 1]<UL><LI> startup_at32f415.o(RESET)
</UL>
<P><STRONG><a name="[29]"></a>EXINT9_5_IRQHandler</STRONG> (Thumb, 0 bytes, Stack size 0 bytes, startup_at32f415.o(.text))
<BR>[Address Reference Count : 1]<UL><LI> startup_at32f415.o(RESET)
</UL>
<P><STRONG><a name="[16]"></a>FLASH_IRQHandler</STRONG> (Thumb, 0 bytes, Stack size 0 bytes, startup_at32f415.o(.text))
<BR>[Address Reference Count : 1]<UL><LI> startup_at32f415.o(RESET)
</UL>
<P><STRONG><a name="[32]"></a>I2C1_ERR_IRQHandler</STRONG> (Thumb, 0 bytes, Stack size 0 bytes, startup_at32f415.o(.text))
<BR>[Address Reference Count : 1]<UL><LI> startup_at32f415.o(RESET)
</UL>
<P><STRONG><a name="[31]"></a>I2C1_EVT_IRQHandler</STRONG> (Thumb, 0 bytes, Stack size 0 bytes, startup_at32f415.o(.text))
<BR>[Address Reference Count : 1]<UL><LI> startup_at32f415.o(RESET)
</UL>
<P><STRONG><a name="[34]"></a>I2C2_ERR_IRQHandler</STRONG> (Thumb, 0 bytes, Stack size 0 bytes, startup_at32f415.o(.text))
<BR>[Address Reference Count : 1]<UL><LI> startup_at32f415.o(RESET)
</UL>
<P><STRONG><a name="[33]"></a>I2C2_EVT_IRQHandler</STRONG> (Thumb, 0 bytes, Stack size 0 bytes, startup_at32f415.o(.text))
<BR>[Address Reference Count : 1]<UL><LI> startup_at32f415.o(RESET)
</UL>
<P><STRONG><a name="[45]"></a>OTGFS1_IRQHandler</STRONG> (Thumb, 0 bytes, Stack size 0 bytes, startup_at32f415.o(.text))
<BR>[Address Reference Count : 1]<UL><LI> startup_at32f415.o(RESET)
</UL>
<P><STRONG><a name="[3c]"></a>OTGFS1_WKUP_IRQHandler</STRONG> (Thumb, 0 bytes, Stack size 0 bytes, startup_at32f415.o(.text))
<BR>[Address Reference Count : 1]<UL><LI> startup_at32f415.o(RESET)
</UL>
<P><STRONG><a name="[13]"></a>PVM_IRQHandler</STRONG> (Thumb, 0 bytes, Stack size 0 bytes, startup_at32f415.o(.text))
<BR>[Address Reference Count : 1]<UL><LI> startup_at32f415.o(RESET)
</UL>
<P><STRONG><a name="[3d]"></a>SDIO1_IRQHandler</STRONG> (Thumb, 0 bytes, Stack size 0 bytes, startup_at32f415.o(.text))
<BR>[Address Reference Count : 1]<UL><LI> startup_at32f415.o(RESET)
</UL>
<P><STRONG><a name="[35]"></a>SPI1_IRQHandler</STRONG> (Thumb, 0 bytes, Stack size 0 bytes, startup_at32f415.o(.text))
<BR>[Address Reference Count : 1]<UL><LI> startup_at32f415.o(RESET)
</UL>
<P><STRONG><a name="[36]"></a>SPI2_IRQHandler</STRONG> (Thumb, 0 bytes, Stack size 0 bytes, startup_at32f415.o(.text))
<BR>[Address Reference Count : 1]<UL><LI> startup_at32f415.o(RESET)
</UL>
<P><STRONG><a name="[14]"></a>TAMP_STAMP_IRQHandler</STRONG> (Thumb, 0 bytes, Stack size 0 bytes, startup_at32f415.o(.text))
<BR>[Address Reference Count : 1]<UL><LI> startup_at32f415.o(RESET)
</UL>
<P><STRONG><a name="[2a]"></a>TMR1_BRK_TMR9_IRQHandler</STRONG> (Thumb, 0 bytes, Stack size 0 bytes, startup_at32f415.o(.text))
<BR>[Address Reference Count : 1]<UL><LI> startup_at32f415.o(RESET)
</UL>
<P><STRONG><a name="[2d]"></a>TMR1_CH_IRQHandler</STRONG> (Thumb, 0 bytes, Stack size 0 bytes, startup_at32f415.o(.text))
<BR>[Address Reference Count : 1]<UL><LI> startup_at32f415.o(RESET)
</UL>
<P><STRONG><a name="[2b]"></a>TMR1_OVF_TMR10_IRQHandler</STRONG> (Thumb, 0 bytes, Stack size 0 bytes, startup_at32f415.o(.text))
<BR>[Address Reference Count : 1]<UL><LI> startup_at32f415.o(RESET)
</UL>
<P><STRONG><a name="[2c]"></a>TMR1_TRG_HALL_TMR11_IRQHandler</STRONG> (Thumb, 0 bytes, Stack size 0 bytes, startup_at32f415.o(.text))
<BR>[Address Reference Count : 1]<UL><LI> startup_at32f415.o(RESET)
</UL>
<P><STRONG><a name="[30]"></a>TMR4_GLOBAL_IRQHandler</STRONG> (Thumb, 0 bytes, Stack size 0 bytes, startup_at32f415.o(.text))
<BR>[Address Reference Count : 1]<UL><LI> startup_at32f415.o(RESET)
</UL>
<P><STRONG><a name="[3e]"></a>TMR5_GLOBAL_IRQHandler</STRONG> (Thumb, 0 bytes, Stack size 0 bytes, startup_at32f415.o(.text))
<BR>[Address Reference Count : 1]<UL><LI> startup_at32f415.o(RESET)
</UL>
<P><STRONG><a name="[3f]"></a>UART4_IRQHandler</STRONG> (Thumb, 0 bytes, Stack size 0 bytes, startup_at32f415.o(.text))
<BR>[Address Reference Count : 1]<UL><LI> startup_at32f415.o(RESET)
</UL>
<P><STRONG><a name="[40]"></a>UART5_IRQHandler</STRONG> (Thumb, 0 bytes, Stack size 0 bytes, startup_at32f415.o(.text))
<BR>[Address Reference Count : 1]<UL><LI> startup_at32f415.o(RESET)
</UL>
<P><STRONG><a name="[38]"></a>USART2_IRQHandler</STRONG> (Thumb, 0 bytes, Stack size 0 bytes, startup_at32f415.o(.text))
<BR>[Address Reference Count : 1]<UL><LI> startup_at32f415.o(RESET)
</UL>
<P><STRONG><a name="[39]"></a>USART3_IRQHandler</STRONG> (Thumb, 0 bytes, Stack size 0 bytes, startup_at32f415.o(.text))
<BR>[Address Reference Count : 1]<UL><LI> startup_at32f415.o(RESET)
</UL>
<P><STRONG><a name="[12]"></a>WWDT_IRQHandler</STRONG> (Thumb, 0 bytes, Stack size 0 bytes, startup_at32f415.o(.text))
<BR>[Address Reference Count : 1]<UL><LI> startup_at32f415.o(RESET)
</UL>
<P><STRONG><a name="[11]"></a>SysTick_Handler</STRONG> (Thumb, 0 bytes, Stack size unknown bytes, systick_wrapper_gnu.o(.text))
<BR>[Address Reference Count : 1]<UL><LI> startup_at32f415.o(RESET)
</UL>
<P><STRONG><a name="[17b]"></a>__ensure_systick_wrapper</STRONG> (Thumb, 0 bytes, Stack size unknown bytes, systick_wrapper_gnu.o(.text), UNUSED)

<P><STRONG><a name="[77]"></a>__aeabi_uldivmod</STRONG> (Thumb, 98 bytes, Stack size 40 bytes, uldiv.o(.text))
<BR><BR>[Stack]<UL><LI>Max Depth = 40<LI>Call Chain = __aeabi_uldivmod
</UL>
<BR>[Calls]<UL><LI><a href="#[78]">&gt;&gt;</a>&nbsp;&nbsp;&nbsp;__aeabi_llsr
<LI><a href="#[79]">&gt;&gt;</a>&nbsp;&nbsp;&nbsp;__aeabi_llsl
</UL>
<BR>[Called By]<UL><LI><a href="#[f0]">&gt;&gt;</a>&nbsp;&nbsp;&nbsp;crm_clocks_freq_get
<LI><a href="#[13c]">&gt;&gt;</a>&nbsp;&nbsp;&nbsp;system_core_clock_update
<LI><a href="#[83]">&gt;&gt;</a>&nbsp;&nbsp;&nbsp;__aeabi_ldivmod
</UL>

<P><STRONG><a name="[17c]"></a>__I$use$fp</STRONG> (Thumb, 0 bytes, Stack size 48 bytes, iusefp.o(.text), UNUSED)

<P><STRONG><a name="[7a]"></a>__aeabi_dadd</STRONG> (Thumb, 322 bytes, Stack size 48 bytes, dadd.o(.text))
<BR><BR>[Stack]<UL><LI>Max Depth = 88<LI>Call Chain = __aeabi_dadd &rArr; _double_epilogue &rArr; _double_round
</UL>
<BR>[Calls]<UL><LI><a href="#[7b]">&gt;&gt;</a>&nbsp;&nbsp;&nbsp;__aeabi_lasr
<LI><a href="#[79]">&gt;&gt;</a>&nbsp;&nbsp;&nbsp;__aeabi_llsl
<LI><a href="#[7d]">&gt;&gt;</a>&nbsp;&nbsp;&nbsp;_double_round
<LI><a href="#[7c]">&gt;&gt;</a>&nbsp;&nbsp;&nbsp;_double_epilogue
</UL>
<BR>[Called By]<UL><LI><a href="#[cf]">&gt;&gt;</a>&nbsp;&nbsp;&nbsp;sol_sleep_control
<LI><a href="#[7f]">&gt;&gt;</a>&nbsp;&nbsp;&nbsp;__aeabi_drsub
<LI><a href="#[7e]">&gt;&gt;</a>&nbsp;&nbsp;&nbsp;__aeabi_dsub
<LI><a href="#[4d]">&gt;&gt;</a>&nbsp;&nbsp;&nbsp;$Super$$SysTick_Handler
<LI><a href="#[fb]">&gt;&gt;</a>&nbsp;&nbsp;&nbsp;fan_control
</UL>

<P><STRONG><a name="[7e]"></a>__aeabi_dsub</STRONG> (Thumb, 6 bytes, Stack size 0 bytes, dadd.o(.text), UNUSED)
<BR><BR>[Calls]<UL><LI><a href="#[7a]">&gt;&gt;</a>&nbsp;&nbsp;&nbsp;__aeabi_dadd
</UL>

<P><STRONG><a name="[7f]"></a>__aeabi_drsub</STRONG> (Thumb, 6 bytes, Stack size 0 bytes, dadd.o(.text), UNUSED)
<BR><BR>[Calls]<UL><LI><a href="#[7a]">&gt;&gt;</a>&nbsp;&nbsp;&nbsp;__aeabi_dadd
</UL>

<P><STRONG><a name="[80]"></a>__aeabi_dmul</STRONG> (Thumb, 228 bytes, Stack size 48 bytes, dmul.o(.text))
<BR><BR>[Stack]<UL><LI>Max Depth = 88<LI>Call Chain = __aeabi_dmul &rArr; _double_epilogue &rArr; _double_round
</UL>
<BR>[Calls]<UL><LI><a href="#[7c]">&gt;&gt;</a>&nbsp;&nbsp;&nbsp;_double_epilogue
</UL>
<BR>[Called By]<UL><LI><a href="#[4d]">&gt;&gt;</a>&nbsp;&nbsp;&nbsp;$Super$$SysTick_Handler
<LI><a href="#[fb]">&gt;&gt;</a>&nbsp;&nbsp;&nbsp;fan_control
</UL>

<P><STRONG><a name="[81]"></a>__aeabi_ddiv</STRONG> (Thumb, 222 bytes, Stack size 32 bytes, ddiv.o(.text))
<BR><BR>[Stack]<UL><LI>Max Depth = 40<LI>Call Chain = __aeabi_ddiv &rArr; _double_round
</UL>
<BR>[Calls]<UL><LI><a href="#[7d]">&gt;&gt;</a>&nbsp;&nbsp;&nbsp;_double_round
</UL>
<BR>[Called By]<UL><LI><a href="#[4d]">&gt;&gt;</a>&nbsp;&nbsp;&nbsp;$Super$$SysTick_Handler
</UL>

<P><STRONG><a name="[75]"></a>__scatterload</STRONG> (Thumb, 38 bytes, Stack size 0 bytes, init.o(.text))
<BR><BR>[Calls]<UL><LI><a href="#[82]">&gt;&gt;</a>&nbsp;&nbsp;&nbsp;__main_after_scatterload
</UL>
<BR>[Called By]<UL><LI><a href="#[74]">&gt;&gt;</a>&nbsp;&nbsp;&nbsp;_main_scatterload
</UL>

<P><STRONG><a name="[17d]"></a>__scatterload_rt2</STRONG> (Thumb, 0 bytes, Stack size 0 bytes, init.o(.text), UNUSED)

<P><STRONG><a name="[79]"></a>__aeabi_llsl</STRONG> (Thumb, 30 bytes, Stack size 0 bytes, llshl.o(.text))
<BR><BR>[Called By]<UL><LI><a href="#[7c]">&gt;&gt;</a>&nbsp;&nbsp;&nbsp;_double_epilogue
<LI><a href="#[77]">&gt;&gt;</a>&nbsp;&nbsp;&nbsp;__aeabi_uldivmod
<LI><a href="#[7a]">&gt;&gt;</a>&nbsp;&nbsp;&nbsp;__aeabi_dadd
</UL>

<P><STRONG><a name="[17e]"></a>_ll_shift_l</STRONG> (Thumb, 0 bytes, Stack size 0 bytes, llshl.o(.text), UNUSED)

<P><STRONG><a name="[78]"></a>__aeabi_llsr</STRONG> (Thumb, 32 bytes, Stack size 0 bytes, llushr.o(.text))
<BR><BR>[Called By]<UL><LI><a href="#[7c]">&gt;&gt;</a>&nbsp;&nbsp;&nbsp;_double_epilogue
<LI><a href="#[77]">&gt;&gt;</a>&nbsp;&nbsp;&nbsp;__aeabi_uldivmod
<LI><a href="#[90]">&gt;&gt;</a>&nbsp;&nbsp;&nbsp;__aeabi_d2uiz
</UL>

<P><STRONG><a name="[17f]"></a>_ll_ushift_r</STRONG> (Thumb, 0 bytes, Stack size 0 bytes, llushr.o(.text), UNUSED)

<P><STRONG><a name="[7b]"></a>__aeabi_lasr</STRONG> (Thumb, 36 bytes, Stack size 0 bytes, llsshr.o(.text))
<BR><BR>[Called By]<UL><LI><a href="#[7a]">&gt;&gt;</a>&nbsp;&nbsp;&nbsp;__aeabi_dadd
</UL>

<P><STRONG><a name="[180]"></a>_ll_sshift_r</STRONG> (Thumb, 0 bytes, Stack size 0 bytes, llsshr.o(.text), UNUSED)

<P><STRONG><a name="[7d]"></a>_double_round</STRONG> (Thumb, 30 bytes, Stack size 8 bytes, depilogue.o(.text))
<BR><BR>[Stack]<UL><LI>Max Depth = 8<LI>Call Chain = _double_round
</UL>
<BR>[Called By]<UL><LI><a href="#[7c]">&gt;&gt;</a>&nbsp;&nbsp;&nbsp;_double_epilogue
<LI><a href="#[81]">&gt;&gt;</a>&nbsp;&nbsp;&nbsp;__aeabi_ddiv
<LI><a href="#[7a]">&gt;&gt;</a>&nbsp;&nbsp;&nbsp;__aeabi_dadd
</UL>

<P><STRONG><a name="[7c]"></a>_double_epilogue</STRONG> (Thumb, 156 bytes, Stack size 32 bytes, depilogue.o(.text))
<BR><BR>[Stack]<UL><LI>Max Depth = 40<LI>Call Chain = _double_epilogue &rArr; _double_round
</UL>
<BR>[Calls]<UL><LI><a href="#[78]">&gt;&gt;</a>&nbsp;&nbsp;&nbsp;__aeabi_llsr
<LI><a href="#[79]">&gt;&gt;</a>&nbsp;&nbsp;&nbsp;__aeabi_llsl
<LI><a href="#[7d]">&gt;&gt;</a>&nbsp;&nbsp;&nbsp;_double_round
</UL>
<BR>[Called By]<UL><LI><a href="#[80]">&gt;&gt;</a>&nbsp;&nbsp;&nbsp;__aeabi_dmul
<LI><a href="#[7a]">&gt;&gt;</a>&nbsp;&nbsp;&nbsp;__aeabi_dadd
<LI><a href="#[8f]">&gt;&gt;</a>&nbsp;&nbsp;&nbsp;__aeabi_ui2d
</UL>

<P><STRONG><a name="[83]"></a>__aeabi_ldivmod</STRONG> (Thumb, 98 bytes, Stack size 24 bytes, ldiv.o(.text))
<BR><BR>[Stack]<UL><LI>Max Depth = 64<LI>Call Chain = __aeabi_ldivmod &rArr; __aeabi_uldivmod
</UL>
<BR>[Calls]<UL><LI><a href="#[77]">&gt;&gt;</a>&nbsp;&nbsp;&nbsp;__aeabi_uldivmod
</UL>
<BR>[Called By]<UL><LI><a href="#[4c]">&gt;&gt;</a>&nbsp;&nbsp;&nbsp;perfc_port_insert_to_system_timer_insert_ovf_handler
</UL>

<P><STRONG><a name="[85]"></a>__aeabi_memset</STRONG> (Thumb, 14 bytes, Stack size 0 bytes, memseta.o(.text), UNUSED)
<BR><BR>[Called By]<UL><LI><a href="#[86]">&gt;&gt;</a>&nbsp;&nbsp;&nbsp;_memset$wrapper
<LI><a href="#[84]">&gt;&gt;</a>&nbsp;&nbsp;&nbsp;__aeabi_memclr
</UL>

<P><STRONG><a name="[181]"></a>__aeabi_memset4</STRONG> (Thumb, 0 bytes, Stack size 0 bytes, memseta.o(.text), UNUSED)

<P><STRONG><a name="[182]"></a>__aeabi_memset8</STRONG> (Thumb, 0 bytes, Stack size 0 bytes, memseta.o(.text), UNUSED)

<P><STRONG><a name="[84]"></a>__aeabi_memclr</STRONG> (Thumb, 4 bytes, Stack size 0 bytes, memseta.o(.text), UNUSED)
<BR><BR>[Calls]<UL><LI><a href="#[85]">&gt;&gt;</a>&nbsp;&nbsp;&nbsp;__aeabi_memset
</UL>

<P><STRONG><a name="[ac]"></a>__aeabi_memclr4</STRONG> (Thumb, 0 bytes, Stack size 0 bytes, memseta.o(.text))
<BR><BR>[Called By]<UL><LI><a href="#[ab]">&gt;&gt;</a>&nbsp;&nbsp;&nbsp;EventRecorderInitialize
</UL>

<P><STRONG><a name="[ae]"></a>__aeabi_memclr8</STRONG> (Thumb, 0 bytes, Stack size 0 bytes, memseta.o(.text))
<BR><BR>[Called By]<UL><LI><a href="#[ab]">&gt;&gt;</a>&nbsp;&nbsp;&nbsp;EventRecorderInitialize
</UL>

<P><STRONG><a name="[86]"></a>_memset$wrapper</STRONG> (Thumb, 18 bytes, Stack size 8 bytes, memseta.o(.text), UNUSED)
<BR><BR>[Calls]<UL><LI><a href="#[85]">&gt;&gt;</a>&nbsp;&nbsp;&nbsp;__aeabi_memset
</UL>

<P><STRONG><a name="[73]"></a>__cpp_initialize__aeabi_</STRONG> (Thumb, 32 bytes, Stack size 24 bytes, cpp_init.o(.text))
<BR><BR>[Stack]<UL><LI>Max Depth = 24<LI>Call Chain = __cpp_initialize__aeabi_
</UL>
<BR>[Called By]<UL><LI><a href="#[76]">&gt;&gt;</a>&nbsp;&nbsp;&nbsp;_main_cpp_init$empty
</UL>

<P><STRONG><a name="[87]"></a>__aeabi_fadd</STRONG> (Thumb, 164 bytes, Stack size 16 bytes, fadd.o(.text))
<BR><BR>[Stack]<UL><LI>Max Depth = 20<LI>Call Chain = __aeabi_fadd &rArr; _float_epilogue
</UL>
<BR>[Calls]<UL><LI><a href="#[89]">&gt;&gt;</a>&nbsp;&nbsp;&nbsp;_float_round
<LI><a href="#[88]">&gt;&gt;</a>&nbsp;&nbsp;&nbsp;_float_epilogue
</UL>
<BR>[Called By]<UL><LI><a href="#[db]">&gt;&gt;</a>&nbsp;&nbsp;&nbsp;air_pwm_control
<LI><a href="#[d3]">&gt;&gt;</a>&nbsp;&nbsp;&nbsp;sol_pwm_control
<LI><a href="#[cf]">&gt;&gt;</a>&nbsp;&nbsp;&nbsp;sol_sleep_control
<LI><a href="#[8b]">&gt;&gt;</a>&nbsp;&nbsp;&nbsp;__aeabi_frsub
<LI><a href="#[8a]">&gt;&gt;</a>&nbsp;&nbsp;&nbsp;__aeabi_fsub
<LI><a href="#[2e]">&gt;&gt;</a>&nbsp;&nbsp;&nbsp;TMR2_GLOBAL_IRQHandler
<LI><a href="#[c0]">&gt;&gt;</a>&nbsp;&nbsp;&nbsp;PID_Position_Calc
<LI><a href="#[e7]">&gt;&gt;</a>&nbsp;&nbsp;&nbsp;move_average_filter
<LI><a href="#[f5]">&gt;&gt;</a>&nbsp;&nbsp;&nbsp;display_temp_sol_handle
<LI><a href="#[f4]">&gt;&gt;</a>&nbsp;&nbsp;&nbsp;display_temp_air_handle
<LI><a href="#[98]">&gt;&gt;</a>&nbsp;&nbsp;&nbsp;Display_Handle
<LI><a href="#[109]">&gt;&gt;</a>&nbsp;&nbsp;&nbsp;get_key
<LI><a href="#[e5]">&gt;&gt;</a>&nbsp;&nbsp;&nbsp;air_ec11_event_handle
<LI><a href="#[f9]">&gt;&gt;</a>&nbsp;&nbsp;&nbsp;sol_temp_ec11_event_handle
<LI><a href="#[e9]">&gt;&gt;</a>&nbsp;&nbsp;&nbsp;air_temp_ec11_event_handle
</UL>

<P><STRONG><a name="[8a]"></a>__aeabi_fsub</STRONG> (Thumb, 6 bytes, Stack size 0 bytes, fadd.o(.text))
<BR><BR>[Stack]<UL><LI>Max Depth = 20<LI>Call Chain = __aeabi_fsub &rArr; __aeabi_fadd &rArr; _float_epilogue
</UL>
<BR>[Calls]<UL><LI><a href="#[87]">&gt;&gt;</a>&nbsp;&nbsp;&nbsp;__aeabi_fadd
</UL>
<BR>[Called By]<UL><LI><a href="#[db]">&gt;&gt;</a>&nbsp;&nbsp;&nbsp;air_pwm_control
<LI><a href="#[d3]">&gt;&gt;</a>&nbsp;&nbsp;&nbsp;sol_pwm_control
<LI><a href="#[c0]">&gt;&gt;</a>&nbsp;&nbsp;&nbsp;PID_Position_Calc
<LI><a href="#[f4]">&gt;&gt;</a>&nbsp;&nbsp;&nbsp;display_temp_air_handle
<LI><a href="#[98]">&gt;&gt;</a>&nbsp;&nbsp;&nbsp;Display_Handle
<LI><a href="#[e5]">&gt;&gt;</a>&nbsp;&nbsp;&nbsp;air_ec11_event_handle
<LI><a href="#[f9]">&gt;&gt;</a>&nbsp;&nbsp;&nbsp;sol_temp_ec11_event_handle
<LI><a href="#[e9]">&gt;&gt;</a>&nbsp;&nbsp;&nbsp;air_temp_ec11_event_handle
</UL>

<P><STRONG><a name="[8b]"></a>__aeabi_frsub</STRONG> (Thumb, 6 bytes, Stack size 0 bytes, fadd.o(.text), UNUSED)
<BR><BR>[Calls]<UL><LI><a href="#[87]">&gt;&gt;</a>&nbsp;&nbsp;&nbsp;__aeabi_fadd
</UL>

<P><STRONG><a name="[9a]"></a>__aeabi_fmul</STRONG> (Thumb, 100 bytes, Stack size 8 bytes, fmul.o(.text))
<BR><BR>[Stack]<UL><LI>Max Depth = 8<LI>Call Chain = __aeabi_fmul
</UL>
<BR>[Called By]<UL><LI><a href="#[db]">&gt;&gt;</a>&nbsp;&nbsp;&nbsp;air_pwm_control
<LI><a href="#[c0]">&gt;&gt;</a>&nbsp;&nbsp;&nbsp;PID_Position_Calc
<LI><a href="#[98]">&gt;&gt;</a>&nbsp;&nbsp;&nbsp;Display_Handle
<LI><a href="#[109]">&gt;&gt;</a>&nbsp;&nbsp;&nbsp;get_key
<LI><a href="#[f9]">&gt;&gt;</a>&nbsp;&nbsp;&nbsp;sol_temp_ec11_event_handle
<LI><a href="#[e9]">&gt;&gt;</a>&nbsp;&nbsp;&nbsp;air_temp_ec11_event_handle
</UL>

<P><STRONG><a name="[8c]"></a>__aeabi_fdiv</STRONG> (Thumb, 124 bytes, Stack size 8 bytes, fdiv.o(.text))
<BR><BR>[Stack]<UL><LI>Max Depth = 8<LI>Call Chain = __aeabi_fdiv
</UL>
<BR>[Calls]<UL><LI><a href="#[89]">&gt;&gt;</a>&nbsp;&nbsp;&nbsp;_float_round
</UL>
<BR>[Called By]<UL><LI><a href="#[98]">&gt;&gt;</a>&nbsp;&nbsp;&nbsp;Display_Handle
<LI><a href="#[109]">&gt;&gt;</a>&nbsp;&nbsp;&nbsp;get_key
<LI><a href="#[f9]">&gt;&gt;</a>&nbsp;&nbsp;&nbsp;sol_temp_ec11_event_handle
<LI><a href="#[e9]">&gt;&gt;</a>&nbsp;&nbsp;&nbsp;air_temp_ec11_event_handle
</UL>

<P><STRONG><a name="[c4]"></a>__aeabi_fcmple</STRONG> (Thumb, 28 bytes, Stack size 0 bytes, fcmple.o(.text))
<BR><BR>[Called By]<UL><LI><a href="#[db]">&gt;&gt;</a>&nbsp;&nbsp;&nbsp;air_pwm_control
<LI><a href="#[d3]">&gt;&gt;</a>&nbsp;&nbsp;&nbsp;sol_pwm_control
<LI><a href="#[d2]">&gt;&gt;</a>&nbsp;&nbsp;&nbsp;check_sol_over_current
<LI><a href="#[4d]">&gt;&gt;</a>&nbsp;&nbsp;&nbsp;$Super$$SysTick_Handler
<LI><a href="#[c3]">&gt;&gt;</a>&nbsp;&nbsp;&nbsp;abs_limit
<LI><a href="#[c0]">&gt;&gt;</a>&nbsp;&nbsp;&nbsp;PID_Position_Calc
<LI><a href="#[e6]">&gt;&gt;</a>&nbsp;&nbsp;&nbsp;linear_correction
<LI><a href="#[10b]">&gt;&gt;</a>&nbsp;&nbsp;&nbsp;get_sol_handle_error_state
<LI><a href="#[e5]">&gt;&gt;</a>&nbsp;&nbsp;&nbsp;air_ec11_event_handle
</UL>

<P><STRONG><a name="[c2]"></a>__aeabi_fcmplt</STRONG> (Thumb, 28 bytes, Stack size 0 bytes, fcmplt.o(.text))
<BR><BR>[Called By]<UL><LI><a href="#[db]">&gt;&gt;</a>&nbsp;&nbsp;&nbsp;air_pwm_control
<LI><a href="#[d3]">&gt;&gt;</a>&nbsp;&nbsp;&nbsp;sol_pwm_control
<LI><a href="#[cf]">&gt;&gt;</a>&nbsp;&nbsp;&nbsp;sol_sleep_control
<LI><a href="#[c0]">&gt;&gt;</a>&nbsp;&nbsp;&nbsp;PID_Position_Calc
<LI><a href="#[f5]">&gt;&gt;</a>&nbsp;&nbsp;&nbsp;display_temp_sol_handle
<LI><a href="#[10b]">&gt;&gt;</a>&nbsp;&nbsp;&nbsp;get_sol_handle_error_state
<LI><a href="#[fb]">&gt;&gt;</a>&nbsp;&nbsp;&nbsp;fan_control
<LI><a href="#[f4]">&gt;&gt;</a>&nbsp;&nbsp;&nbsp;display_temp_air_handle
<LI><a href="#[106]">&gt;&gt;</a>&nbsp;&nbsp;&nbsp;get_air_handle_error_state
<LI><a href="#[f9]">&gt;&gt;</a>&nbsp;&nbsp;&nbsp;sol_temp_ec11_event_handle
<LI><a href="#[e9]">&gt;&gt;</a>&nbsp;&nbsp;&nbsp;air_temp_ec11_event_handle
</UL>

<P><STRONG><a name="[c5]"></a>__aeabi_fcmpge</STRONG> (Thumb, 28 bytes, Stack size 0 bytes, fcmpge.o(.text))
<BR><BR>[Called By]<UL><LI><a href="#[db]">&gt;&gt;</a>&nbsp;&nbsp;&nbsp;air_pwm_control
<LI><a href="#[c3]">&gt;&gt;</a>&nbsp;&nbsp;&nbsp;abs_limit
<LI><a href="#[c0]">&gt;&gt;</a>&nbsp;&nbsp;&nbsp;PID_Position_Calc
<LI><a href="#[10b]">&gt;&gt;</a>&nbsp;&nbsp;&nbsp;get_sol_handle_error_state
<LI><a href="#[fb]">&gt;&gt;</a>&nbsp;&nbsp;&nbsp;fan_control
<LI><a href="#[106]">&gt;&gt;</a>&nbsp;&nbsp;&nbsp;get_air_handle_error_state
<LI><a href="#[ba]">&gt;&gt;</a>&nbsp;&nbsp;&nbsp;check_data_all
<LI><a href="#[e5]">&gt;&gt;</a>&nbsp;&nbsp;&nbsp;air_ec11_event_handle
</UL>

<P><STRONG><a name="[c1]"></a>__aeabi_fcmpgt</STRONG> (Thumb, 28 bytes, Stack size 0 bytes, fcmpgt.o(.text))
<BR><BR>[Called By]<UL><LI><a href="#[db]">&gt;&gt;</a>&nbsp;&nbsp;&nbsp;air_pwm_control
<LI><a href="#[d3]">&gt;&gt;</a>&nbsp;&nbsp;&nbsp;sol_pwm_control
<LI><a href="#[cf]">&gt;&gt;</a>&nbsp;&nbsp;&nbsp;sol_sleep_control
<LI><a href="#[4d]">&gt;&gt;</a>&nbsp;&nbsp;&nbsp;$Super$$SysTick_Handler
<LI><a href="#[2f]">&gt;&gt;</a>&nbsp;&nbsp;&nbsp;TMR3_GLOBAL_IRQHandler
<LI><a href="#[c0]">&gt;&gt;</a>&nbsp;&nbsp;&nbsp;PID_Position_Calc
<LI><a href="#[e6]">&gt;&gt;</a>&nbsp;&nbsp;&nbsp;linear_correction
<LI><a href="#[f5]">&gt;&gt;</a>&nbsp;&nbsp;&nbsp;display_temp_sol_handle
<LI><a href="#[10b]">&gt;&gt;</a>&nbsp;&nbsp;&nbsp;get_sol_handle_error_state
<LI><a href="#[f4]">&gt;&gt;</a>&nbsp;&nbsp;&nbsp;display_temp_air_handle
<LI><a href="#[106]">&gt;&gt;</a>&nbsp;&nbsp;&nbsp;get_air_handle_error_state
<LI><a href="#[108]">&gt;&gt;</a>&nbsp;&nbsp;&nbsp;get_air_handle_work_state
<LI><a href="#[ba]">&gt;&gt;</a>&nbsp;&nbsp;&nbsp;check_data_all
<LI><a href="#[f9]">&gt;&gt;</a>&nbsp;&nbsp;&nbsp;sol_temp_ec11_event_handle
<LI><a href="#[e9]">&gt;&gt;</a>&nbsp;&nbsp;&nbsp;air_temp_ec11_event_handle
</UL>

<P><STRONG><a name="[99]"></a>__aeabi_fcmpeq</STRONG> (Thumb, 28 bytes, Stack size 0 bytes, fcmpeq.o(.text))
<BR><BR>[Called By]<UL><LI><a href="#[db]">&gt;&gt;</a>&nbsp;&nbsp;&nbsp;air_pwm_control
<LI><a href="#[d3]">&gt;&gt;</a>&nbsp;&nbsp;&nbsp;sol_pwm_control
<LI><a href="#[cf]">&gt;&gt;</a>&nbsp;&nbsp;&nbsp;sol_sleep_control
<LI><a href="#[b4]">&gt;&gt;</a>&nbsp;&nbsp;&nbsp;FlashProc
<LI><a href="#[108]">&gt;&gt;</a>&nbsp;&nbsp;&nbsp;get_air_handle_work_state
<LI><a href="#[98]">&gt;&gt;</a>&nbsp;&nbsp;&nbsp;Display_Handle
<LI><a href="#[9b]">&gt;&gt;</a>&nbsp;&nbsp;&nbsp;disp_digit_all
</UL>

<P><STRONG><a name="[8d]"></a>__aeabi_i2f</STRONG> (Thumb, 18 bytes, Stack size 0 bytes, fflti.o(.text))
<BR><BR>[Stack]<UL><LI>Max Depth = 4<LI>Call Chain = __aeabi_i2f &rArr; _float_epilogue
</UL>
<BR>[Calls]<UL><LI><a href="#[88]">&gt;&gt;</a>&nbsp;&nbsp;&nbsp;_float_epilogue
</UL>
<BR>[Called By]<UL><LI><a href="#[db]">&gt;&gt;</a>&nbsp;&nbsp;&nbsp;air_pwm_control
</UL>

<P><STRONG><a name="[8e]"></a>__aeabi_ui2f</STRONG> (Thumb, 10 bytes, Stack size 0 bytes, ffltui.o(.text))
<BR><BR>[Stack]<UL><LI>Max Depth = 4<LI>Call Chain = __aeabi_ui2f &rArr; _float_epilogue
</UL>
<BR>[Calls]<UL><LI><a href="#[88]">&gt;&gt;</a>&nbsp;&nbsp;&nbsp;_float_epilogue
</UL>
<BR>[Called By]<UL><LI><a href="#[db]">&gt;&gt;</a>&nbsp;&nbsp;&nbsp;air_pwm_control
<LI><a href="#[d3]">&gt;&gt;</a>&nbsp;&nbsp;&nbsp;sol_pwm_control
<LI><a href="#[d2]">&gt;&gt;</a>&nbsp;&nbsp;&nbsp;check_sol_over_current
<LI><a href="#[b4]">&gt;&gt;</a>&nbsp;&nbsp;&nbsp;FlashProc
<LI><a href="#[e7]">&gt;&gt;</a>&nbsp;&nbsp;&nbsp;move_average_filter
<LI><a href="#[b8]">&gt;&gt;</a>&nbsp;&nbsp;&nbsp;get_data_from_b
<LI><a href="#[b7]">&gt;&gt;</a>&nbsp;&nbsp;&nbsp;get_data_from_a
</UL>

<P><STRONG><a name="[8f]"></a>__aeabi_ui2d</STRONG> (Thumb, 26 bytes, Stack size 16 bytes, dfltui.o(.text))
<BR><BR>[Stack]<UL><LI>Max Depth = 56<LI>Call Chain = __aeabi_ui2d &rArr; _double_epilogue &rArr; _double_round
</UL>
<BR>[Calls]<UL><LI><a href="#[7c]">&gt;&gt;</a>&nbsp;&nbsp;&nbsp;_double_epilogue
</UL>
<BR>[Called By]<UL><LI><a href="#[4d]">&gt;&gt;</a>&nbsp;&nbsp;&nbsp;$Super$$SysTick_Handler
</UL>

<P><STRONG><a name="[96]"></a>__aeabi_f2iz</STRONG> (Thumb, 50 bytes, Stack size 0 bytes, ffixi.o(.text))
<BR><BR>[Called By]<UL><LI><a href="#[db]">&gt;&gt;</a>&nbsp;&nbsp;&nbsp;air_pwm_control
<LI><a href="#[b4]">&gt;&gt;</a>&nbsp;&nbsp;&nbsp;FlashProc
<LI><a href="#[e7]">&gt;&gt;</a>&nbsp;&nbsp;&nbsp;move_average_filter
<LI><a href="#[95]">&gt;&gt;</a>&nbsp;&nbsp;&nbsp;Disp_Set_Handle
<LI><a href="#[98]">&gt;&gt;</a>&nbsp;&nbsp;&nbsp;Display_Handle
</UL>

<P><STRONG><a name="[d4]"></a>__aeabi_f2uiz</STRONG> (Thumb, 40 bytes, Stack size 0 bytes, ffixui.o(.text))
<BR><BR>[Called By]<UL><LI><a href="#[4d]">&gt;&gt;</a>&nbsp;&nbsp;&nbsp;$Super$$SysTick_Handler
<LI><a href="#[2f]">&gt;&gt;</a>&nbsp;&nbsp;&nbsp;TMR3_GLOBAL_IRQHandler
</UL>

<P><STRONG><a name="[90]"></a>__aeabi_d2uiz</STRONG> (Thumb, 50 bytes, Stack size 8 bytes, dfixui.o(.text))
<BR><BR>[Stack]<UL><LI>Max Depth = 8<LI>Call Chain = __aeabi_d2uiz
</UL>
<BR>[Calls]<UL><LI><a href="#[78]">&gt;&gt;</a>&nbsp;&nbsp;&nbsp;__aeabi_llsr
</UL>
<BR>[Called By]<UL><LI><a href="#[fb]">&gt;&gt;</a>&nbsp;&nbsp;&nbsp;fan_control
</UL>

<P><STRONG><a name="[fc]"></a>__aeabi_f2d</STRONG> (Thumb, 38 bytes, Stack size 0 bytes, f2d.o(.text))
<BR><BR>[Called By]<UL><LI><a href="#[cf]">&gt;&gt;</a>&nbsp;&nbsp;&nbsp;sol_sleep_control
<LI><a href="#[fb]">&gt;&gt;</a>&nbsp;&nbsp;&nbsp;fan_control
</UL>

<P><STRONG><a name="[d7]"></a>__aeabi_d2f</STRONG> (Thumb, 56 bytes, Stack size 8 bytes, d2f.o(.text))
<BR><BR>[Stack]<UL><LI>Max Depth = 8<LI>Call Chain = __aeabi_d2f
</UL>
<BR>[Called By]<UL><LI><a href="#[cf]">&gt;&gt;</a>&nbsp;&nbsp;&nbsp;sol_sleep_control
<LI><a href="#[4d]">&gt;&gt;</a>&nbsp;&nbsp;&nbsp;$Super$$SysTick_Handler
<LI><a href="#[fb]">&gt;&gt;</a>&nbsp;&nbsp;&nbsp;fan_control
</UL>

<P><STRONG><a name="[89]"></a>_float_round</STRONG> (Thumb, 18 bytes, Stack size 0 bytes, fepilogue.o(.text))
<BR><BR>[Called By]<UL><LI><a href="#[8c]">&gt;&gt;</a>&nbsp;&nbsp;&nbsp;__aeabi_fdiv
<LI><a href="#[87]">&gt;&gt;</a>&nbsp;&nbsp;&nbsp;__aeabi_fadd
</UL>

<P><STRONG><a name="[88]"></a>_float_epilogue</STRONG> (Thumb, 92 bytes, Stack size 4 bytes, fepilogue.o(.text))
<BR><BR>[Stack]<UL><LI>Max Depth = 4<LI>Call Chain = _float_epilogue
</UL>
<BR>[Called By]<UL><LI><a href="#[8d]">&gt;&gt;</a>&nbsp;&nbsp;&nbsp;__aeabi_i2f
<LI><a href="#[8e]">&gt;&gt;</a>&nbsp;&nbsp;&nbsp;__aeabi_ui2f
<LI><a href="#[87]">&gt;&gt;</a>&nbsp;&nbsp;&nbsp;__aeabi_fadd
</UL>

<P><STRONG><a name="[183]"></a>__decompress</STRONG> (Thumb, 0 bytes, Stack size unknown bytes, __dczerorl2.o(.text), UNUSED)

<P><STRONG><a name="[184]"></a>__decompress1</STRONG> (Thumb, 86 bytes, Stack size unknown bytes, __dczerorl2.o(.text), UNUSED)

<P><STRONG><a name="[c]"></a>BusFault_Handler</STRONG> (Thumb, 4 bytes, Stack size 0 bytes, lto-llvm-44c51f.o(.text.BusFault_Handler))
<BR>[Address Reference Count : 1]<UL><LI> startup_at32f415.o(RESET)
</UL>
<P><STRONG><a name="[f]"></a>DebugMon_Handler</STRONG> (Thumb, 2 bytes, Stack size 0 bytes, lto-llvm-44c51f.o(.text.DebugMon_Handler))
<BR>[Address Reference Count : 1]<UL><LI> startup_at32f415.o(RESET)
</UL>
<P><STRONG><a name="[a]"></a>HardFault_Handler</STRONG> (Thumb, 4 bytes, Stack size 0 bytes, lto-llvm-44c51f.o(.text.HardFault_Handler))
<BR>[Address Reference Count : 1]<UL><LI> startup_at32f415.o(RESET)
</UL>
<P><STRONG><a name="[b]"></a>MemManage_Handler</STRONG> (Thumb, 4 bytes, Stack size 0 bytes, lto-llvm-44c51f.o(.text.MemManage_Handler))
<BR>[Address Reference Count : 1]<UL><LI> startup_at32f415.o(RESET)
</UL>
<P><STRONG><a name="[9]"></a>NMI_Handler</STRONG> (Thumb, 2 bytes, Stack size 0 bytes, lto-llvm-44c51f.o(.text.NMI_Handler))
<BR>[Address Reference Count : 1]<UL><LI> startup_at32f415.o(RESET)
</UL>
<P><STRONG><a name="[10]"></a>PendSV_Handler</STRONG> (Thumb, 2 bytes, Stack size 0 bytes, lto-llvm-44c51f.o(.text.PendSV_Handler))
<BR>[Address Reference Count : 1]<UL><LI> startup_at32f415.o(RESET)
</UL>
<P><STRONG><a name="[e]"></a>SVC_Handler</STRONG> (Thumb, 2 bytes, Stack size 0 bytes, lto-llvm-44c51f.o(.text.SVC_Handler))
<BR>[Address Reference Count : 1]<UL><LI> startup_at32f415.o(RESET)
</UL>
<P><STRONG><a name="[4d]"></a>$Super$$SysTick_Handler</STRONG> (Thumb, 466 bytes, Stack size 8 bytes, lto-llvm-44c51f.o(.text.SysTick_Handler))
<BR><BR>[Stack]<UL><LI>Max Depth = 112<LI>Call Chain = $Super$$SysTick_Handler &rArr; sol_sleep_control &rArr; __aeabi_dadd &rArr; _double_epilogue &rArr; _double_round
</UL>
<BR>[Calls]<UL><LI><a href="#[d6]">&gt;&gt;</a>&nbsp;&nbsp;&nbsp;get_adcval
<LI><a href="#[d5]">&gt;&gt;</a>&nbsp;&nbsp;&nbsp;tmr_counter_enable
<LI><a href="#[d3]">&gt;&gt;</a>&nbsp;&nbsp;&nbsp;sol_pwm_control
<LI><a href="#[d2]">&gt;&gt;</a>&nbsp;&nbsp;&nbsp;check_sol_over_current
<LI><a href="#[d1]">&gt;&gt;</a>&nbsp;&nbsp;&nbsp;delay_us
<LI><a href="#[d0]">&gt;&gt;</a>&nbsp;&nbsp;&nbsp;tmr_channel_value_set
<LI><a href="#[cf]">&gt;&gt;</a>&nbsp;&nbsp;&nbsp;sol_sleep_control
<LI><a href="#[ce]">&gt;&gt;</a>&nbsp;&nbsp;&nbsp;sol_rpc_control
<LI><a href="#[cd]">&gt;&gt;</a>&nbsp;&nbsp;&nbsp;led_handle
<LI><a href="#[cc]">&gt;&gt;</a>&nbsp;&nbsp;&nbsp;wk_timebase_handler
<LI><a href="#[cb]">&gt;&gt;</a>&nbsp;&nbsp;&nbsp;USART1_TimeOutCounter
<LI><a href="#[80]">&gt;&gt;</a>&nbsp;&nbsp;&nbsp;__aeabi_dmul
<LI><a href="#[81]">&gt;&gt;</a>&nbsp;&nbsp;&nbsp;__aeabi_ddiv
<LI><a href="#[7a]">&gt;&gt;</a>&nbsp;&nbsp;&nbsp;__aeabi_dadd
<LI><a href="#[c4]">&gt;&gt;</a>&nbsp;&nbsp;&nbsp;__aeabi_fcmple
<LI><a href="#[c1]">&gt;&gt;</a>&nbsp;&nbsp;&nbsp;__aeabi_fcmpgt
<LI><a href="#[d7]">&gt;&gt;</a>&nbsp;&nbsp;&nbsp;__aeabi_d2f
<LI><a href="#[8f]">&gt;&gt;</a>&nbsp;&nbsp;&nbsp;__aeabi_ui2d
<LI><a href="#[d4]">&gt;&gt;</a>&nbsp;&nbsp;&nbsp;__aeabi_f2uiz
</UL>
<BR>[Address Reference Count : 1]<UL><LI> systick_wrapper_gnu.o(.text)
</UL>
<P><STRONG><a name="[4a]"></a>SystemInit</STRONG> (Thumb, 210 bytes, Stack size 0 bytes, lto-llvm-44c51f.o(.text.SystemInit))
<BR>[Address Reference Count : 1]<UL><LI> startup_at32f415.o(.text)
</UL>
<P><STRONG><a name="[2e]"></a>TMR2_GLOBAL_IRQHandler</STRONG> (Thumb, 44 bytes, Stack size 8 bytes, lto-llvm-44c51f.o(.text.TMR2_GLOBAL_IRQHandler))
<BR><BR>[Stack]<UL><LI>Max Depth = 28<LI>Call Chain = TMR2_GLOBAL_IRQHandler &rArr; __aeabi_fadd &rArr; _float_epilogue
</UL>
<BR>[Calls]<UL><LI><a href="#[d9]">&gt;&gt;</a>&nbsp;&nbsp;&nbsp;tmr_flag_clear
<LI><a href="#[d8]">&gt;&gt;</a>&nbsp;&nbsp;&nbsp;tmr_interrupt_flag_get
<LI><a href="#[87]">&gt;&gt;</a>&nbsp;&nbsp;&nbsp;__aeabi_fadd
</UL>
<BR>[Address Reference Count : 1]<UL><LI> startup_at32f415.o(RESET)
</UL>
<P><STRONG><a name="[2f]"></a>TMR3_GLOBAL_IRQHandler</STRONG> (Thumb, 132 bytes, Stack size 8 bytes, lto-llvm-44c51f.o(.text.TMR3_GLOBAL_IRQHandler))
<BR><BR>[Stack]<UL><LI>Max Depth = 76<LI>Call Chain = TMR3_GLOBAL_IRQHandler &rArr; air_pwm_control &rArr; PID_Position_Calc &rArr; __aeabi_fsub &rArr; __aeabi_fadd &rArr; _float_epilogue
</UL>
<BR>[Calls]<UL><LI><a href="#[db]">&gt;&gt;</a>&nbsp;&nbsp;&nbsp;air_pwm_control
<LI><a href="#[da]">&gt;&gt;</a>&nbsp;&nbsp;&nbsp;tmr_flag_get
<LI><a href="#[d9]">&gt;&gt;</a>&nbsp;&nbsp;&nbsp;tmr_flag_clear
<LI><a href="#[d5]">&gt;&gt;</a>&nbsp;&nbsp;&nbsp;tmr_counter_enable
<LI><a href="#[d0]">&gt;&gt;</a>&nbsp;&nbsp;&nbsp;tmr_channel_value_set
<LI><a href="#[c1]">&gt;&gt;</a>&nbsp;&nbsp;&nbsp;__aeabi_fcmpgt
<LI><a href="#[d4]">&gt;&gt;</a>&nbsp;&nbsp;&nbsp;__aeabi_f2uiz
</UL>
<BR>[Address Reference Count : 1]<UL><LI> startup_at32f415.o(RESET)
</UL>
<P><STRONG><a name="[37]"></a>USART1_IRQHandler</STRONG> (Thumb, 158 bytes, Stack size 16 bytes, lto-llvm-44c51f.o(.text.USART1_IRQHandler))
<BR><BR>[Stack]<UL><LI>Max Depth = 44<LI>Call Chain = USART1_IRQHandler &rArr; queue_read &rArr; queue_isEmpty
</UL>
<BR>[Calls]<UL><LI><a href="#[e0]">&gt;&gt;</a>&nbsp;&nbsp;&nbsp;queue_read
<LI><a href="#[de]">&gt;&gt;</a>&nbsp;&nbsp;&nbsp;queue_write
<LI><a href="#[df]">&gt;&gt;</a>&nbsp;&nbsp;&nbsp;usart_flag_clear
<LI><a href="#[dc]">&gt;&gt;</a>&nbsp;&nbsp;&nbsp;usart_flag_get
<LI><a href="#[dd]">&gt;&gt;</a>&nbsp;&nbsp;&nbsp;usart_data_receive
<LI><a href="#[e1]">&gt;&gt;</a>&nbsp;&nbsp;&nbsp;usart_data_transmit
</UL>
<BR>[Address Reference Count : 1]<UL><LI> startup_at32f415.o(RESET)
</UL>
<P><STRONG><a name="[d]"></a>UsageFault_Handler</STRONG> (Thumb, 4 bytes, Stack size 0 bytes, lto-llvm-44c51f.o(.text.UsageFault_Handler))
<BR>[Address Reference Count : 1]<UL><LI> startup_at32f415.o(RESET)
</UL>
<P><STRONG><a name="[49]"></a>main</STRONG> (Thumb, 406 bytes, Stack size 16 bytes, lto-llvm-44c51f.o(.text.main))
<BR><BR>[Stack]<UL><LI>Max Depth = 192<LI>Call Chain = main &rArr; wk_usart1_init &rArr; usart_init &rArr; crm_clocks_freq_get &rArr; __aeabi_uldivmod
</UL>
<BR>[Calls]<UL><LI><a href="#[ab]">&gt;&gt;</a>&nbsp;&nbsp;&nbsp;EventRecorderInitialize
<LI><a href="#[e4]">&gt;&gt;</a>&nbsp;&nbsp;&nbsp;init_cycle_counter
<LI><a href="#[12a]">&gt;&gt;</a>&nbsp;&nbsp;&nbsp;FWDS201_Init
<LI><a href="#[129]">&gt;&gt;</a>&nbsp;&nbsp;&nbsp;PID_Init
<LI><a href="#[128]">&gt;&gt;</a>&nbsp;&nbsp;&nbsp;filter_init
<LI><a href="#[91]">&gt;&gt;</a>&nbsp;&nbsp;&nbsp;BSP_UsartInit
<LI><a href="#[111]">&gt;&gt;</a>&nbsp;&nbsp;&nbsp;iap_init
<LI><a href="#[127]">&gt;&gt;</a>&nbsp;&nbsp;&nbsp;tmt_init
<LI><a href="#[126]">&gt;&gt;</a>&nbsp;&nbsp;&nbsp;wk_wdt_init
<LI><a href="#[125]">&gt;&gt;</a>&nbsp;&nbsp;&nbsp;wk_crc_init
<LI><a href="#[124]">&gt;&gt;</a>&nbsp;&nbsp;&nbsp;wk_tmr5_init
<LI><a href="#[123]">&gt;&gt;</a>&nbsp;&nbsp;&nbsp;wk_tmr3_init
<LI><a href="#[122]">&gt;&gt;</a>&nbsp;&nbsp;&nbsp;wk_tmr2_init
<LI><a href="#[121]">&gt;&gt;</a>&nbsp;&nbsp;&nbsp;wk_adc1_init
<LI><a href="#[120]">&gt;&gt;</a>&nbsp;&nbsp;&nbsp;wk_usart1_init
<LI><a href="#[11f]">&gt;&gt;</a>&nbsp;&nbsp;&nbsp;dma_channel_enable
<LI><a href="#[11e]">&gt;&gt;</a>&nbsp;&nbsp;&nbsp;wk_dma_channel_config
<LI><a href="#[11d]">&gt;&gt;</a>&nbsp;&nbsp;&nbsp;wk_dma1_channel1_init
<LI><a href="#[11c]">&gt;&gt;</a>&nbsp;&nbsp;&nbsp;wk_gpio_config
<LI><a href="#[11b]">&gt;&gt;</a>&nbsp;&nbsp;&nbsp;wk_timebase_init
<LI><a href="#[11a]">&gt;&gt;</a>&nbsp;&nbsp;&nbsp;wk_nvic_config
<LI><a href="#[119]">&gt;&gt;</a>&nbsp;&nbsp;&nbsp;wk_debug_config
<LI><a href="#[118]">&gt;&gt;</a>&nbsp;&nbsp;&nbsp;wk_periph_clock_config
<LI><a href="#[117]">&gt;&gt;</a>&nbsp;&nbsp;&nbsp;wk_system_clock_config
<LI><a href="#[116]">&gt;&gt;</a>&nbsp;&nbsp;&nbsp;nvic_vector_table_set
</UL>
<BR>[Address Reference Count : 1]<UL><LI> entry9a.o(.ARM.Collect$$$$0000000B)
</UL>
<P><STRONG><a name="[4c]"></a>perfc_port_insert_to_system_timer_insert_ovf_handler</STRONG> (Thumb, 286 bytes, Stack size 72 bytes, lto-llvm-44c51f.o(.text.perfc_port_insert_to_system_timer_insert_ovf_handler))
<BR><BR>[Stack]<UL><LI>Max Depth = 136<LI>Call Chain = perfc_port_insert_to_system_timer_insert_ovf_handler &rArr; __aeabi_ldivmod &rArr; __aeabi_uldivmod
</UL>
<BR>[Calls]<UL><LI><a href="#[83]">&gt;&gt;</a>&nbsp;&nbsp;&nbsp;__aeabi_ldivmod
<LI><a href="#[ef]">&gt;&gt;</a>&nbsp;&nbsp;&nbsp;perfc_port_get_system_timer_top
<LI><a href="#[10e]">&gt;&gt;</a>&nbsp;&nbsp;&nbsp;perfc_port_resume_global_interrupt
<LI><a href="#[10d]">&gt;&gt;</a>&nbsp;&nbsp;&nbsp;perfc_port_disable_global_interrupt
</UL>
<BR>[Address Reference Count : 1]<UL><LI> systick_wrapper_gnu.o(.text)
</UL>
<P><STRONG><a name="[185]"></a>__scatterload_copy</STRONG> (Thumb, 14 bytes, Stack size unknown bytes, handlers.o(i.__scatterload_copy), UNUSED)

<P><STRONG><a name="[186]"></a>__scatterload_null</STRONG> (Thumb, 2 bytes, Stack size unknown bytes, handlers.o(i.__scatterload_null), UNUSED)

<P><STRONG><a name="[187]"></a>__scatterload_zeroinit</STRONG> (Thumb, 14 bytes, Stack size unknown bytes, handlers.o(i.__scatterload_zeroinit), UNUSED)
<P>
<H3>
Local Symbols
</H3>
<P><STRONG><a name="[116]"></a>nvic_vector_table_set</STRONG> (Thumb, 44 bytes, Stack size 8 bytes, lto-llvm-44c51f.o(.text.nvic_vector_table_set))
<BR><BR>[Stack]<UL><LI>Max Depth = 8<LI>Call Chain = nvic_vector_table_set
</UL>
<BR>[Called By]<UL><LI><a href="#[49]">&gt;&gt;</a>&nbsp;&nbsp;&nbsp;main
</UL>

<P><STRONG><a name="[117]"></a>wk_system_clock_config</STRONG> (Thumb, 158 bytes, Stack size 8 bytes, lto-llvm-44c51f.o(.text.wk_system_clock_config))
<BR><BR>[Stack]<UL><LI>Max Depth = 96<LI>Call Chain = wk_system_clock_config &rArr; system_core_clock_update &rArr; __aeabi_uldivmod
</UL>
<BR>[Calls]<UL><LI><a href="#[13c]">&gt;&gt;</a>&nbsp;&nbsp;&nbsp;system_core_clock_update
<LI><a href="#[f1]">&gt;&gt;</a>&nbsp;&nbsp;&nbsp;crm_sysclk_switch_status_get
<LI><a href="#[15f]">&gt;&gt;</a>&nbsp;&nbsp;&nbsp;crm_sysclk_switch
<LI><a href="#[15e]">&gt;&gt;</a>&nbsp;&nbsp;&nbsp;crm_auto_step_mode_enable
<LI><a href="#[15d]">&gt;&gt;</a>&nbsp;&nbsp;&nbsp;crm_apb1_div_set
<LI><a href="#[15c]">&gt;&gt;</a>&nbsp;&nbsp;&nbsp;crm_apb2_div_set
<LI><a href="#[15b]">&gt;&gt;</a>&nbsp;&nbsp;&nbsp;crm_ahb_div_set
<LI><a href="#[15a]">&gt;&gt;</a>&nbsp;&nbsp;&nbsp;crm_pll_config2
<LI><a href="#[f2]">&gt;&gt;</a>&nbsp;&nbsp;&nbsp;crm_hext_stable_wait
<LI><a href="#[f3]">&gt;&gt;</a>&nbsp;&nbsp;&nbsp;crm_flag_get
<LI><a href="#[159]">&gt;&gt;</a>&nbsp;&nbsp;&nbsp;crm_clock_source_enable
<LI><a href="#[158]">&gt;&gt;</a>&nbsp;&nbsp;&nbsp;crm_reset
</UL>
<BR>[Called By]<UL><LI><a href="#[49]">&gt;&gt;</a>&nbsp;&nbsp;&nbsp;main
</UL>

<P><STRONG><a name="[118]"></a>wk_periph_clock_config</STRONG> (Thumb, 128 bytes, Stack size 8 bytes, lto-llvm-44c51f.o(.text.wk_periph_clock_config))
<BR><BR>[Stack]<UL><LI>Max Depth = 16<LI>Call Chain = wk_periph_clock_config &rArr; crm_periph_clock_enable
</UL>
<BR>[Calls]<UL><LI><a href="#[157]">&gt;&gt;</a>&nbsp;&nbsp;&nbsp;crm_periph_clock_enable
</UL>
<BR>[Called By]<UL><LI><a href="#[49]">&gt;&gt;</a>&nbsp;&nbsp;&nbsp;main
</UL>

<P><STRONG><a name="[119]"></a>wk_debug_config</STRONG> (Thumb, 16 bytes, Stack size 8 bytes, lto-llvm-44c51f.o(.text.wk_debug_config))
<BR><BR>[Stack]<UL><LI>Max Depth = 28<LI>Call Chain = wk_debug_config &rArr; gpio_pin_remap_config
</UL>
<BR>[Calls]<UL><LI><a href="#[150]">&gt;&gt;</a>&nbsp;&nbsp;&nbsp;gpio_pin_remap_config
</UL>
<BR>[Called By]<UL><LI><a href="#[49]">&gt;&gt;</a>&nbsp;&nbsp;&nbsp;main
</UL>

<P><STRONG><a name="[11a]"></a>wk_nvic_config</STRONG> (Thumb, 166 bytes, Stack size 8 bytes, lto-llvm-44c51f.o(.text.wk_nvic_config))
<BR><BR>[Stack]<UL><LI>Max Depth = 56<LI>Call Chain = wk_nvic_config &rArr; nvic_irq_enable &rArr; NVIC_EncodePriority.86
</UL>
<BR>[Calls]<UL><LI><a href="#[12b]">&gt;&gt;</a>&nbsp;&nbsp;&nbsp;nvic_irq_enable
<LI><a href="#[156]">&gt;&gt;</a>&nbsp;&nbsp;&nbsp;__NVIC_SetPriority
<LI><a href="#[155]">&gt;&gt;</a>&nbsp;&nbsp;&nbsp;NVIC_EncodePriority
<LI><a href="#[154]">&gt;&gt;</a>&nbsp;&nbsp;&nbsp;__NVIC_GetPriorityGrouping
<LI><a href="#[130]">&gt;&gt;</a>&nbsp;&nbsp;&nbsp;nvic_priority_group_config
</UL>
<BR>[Called By]<UL><LI><a href="#[49]">&gt;&gt;</a>&nbsp;&nbsp;&nbsp;main
</UL>

<P><STRONG><a name="[11b]"></a>wk_timebase_init</STRONG> (Thumb, 86 bytes, Stack size 32 bytes, lto-llvm-44c51f.o(.text.wk_timebase_init))
<BR><BR>[Stack]<UL><LI>Max Depth = 128<LI>Call Chain = wk_timebase_init &rArr; crm_clocks_freq_get &rArr; __aeabi_uldivmod
</UL>
<BR>[Calls]<UL><LI><a href="#[161]">&gt;&gt;</a>&nbsp;&nbsp;&nbsp;systick_clock_source_config
<LI><a href="#[f0]">&gt;&gt;</a>&nbsp;&nbsp;&nbsp;crm_clocks_freq_get
</UL>
<BR>[Called By]<UL><LI><a href="#[49]">&gt;&gt;</a>&nbsp;&nbsp;&nbsp;main
</UL>

<P><STRONG><a name="[11c]"></a>wk_gpio_config</STRONG> (Thumb, 452 bytes, Stack size 48 bytes, lto-llvm-44c51f.o(.text.wk_gpio_config))
<BR><BR>[Stack]<UL><LI>Max Depth = 64<LI>Call Chain = wk_gpio_config &rArr; gpio_init
</UL>
<BR>[Calls]<UL><LI><a href="#[94]">&gt;&gt;</a>&nbsp;&nbsp;&nbsp;gpio_bits_reset
<LI><a href="#[13f]">&gt;&gt;</a>&nbsp;&nbsp;&nbsp;gpio_init
<LI><a href="#[13e]">&gt;&gt;</a>&nbsp;&nbsp;&nbsp;gpio_default_para_init
</UL>
<BR>[Called By]<UL><LI><a href="#[49]">&gt;&gt;</a>&nbsp;&nbsp;&nbsp;main
</UL>

<P><STRONG><a name="[11d]"></a>wk_dma1_channel1_init</STRONG> (Thumb, 62 bytes, Stack size 32 bytes, lto-llvm-44c51f.o(.text.wk_dma1_channel1_init))
<BR><BR>[Stack]<UL><LI>Max Depth = 40<LI>Call Chain = wk_dma1_channel1_init &rArr; dma_init
</UL>
<BR>[Calls]<UL><LI><a href="#[153]">&gt;&gt;</a>&nbsp;&nbsp;&nbsp;dma_init
<LI><a href="#[152]">&gt;&gt;</a>&nbsp;&nbsp;&nbsp;dma_default_para_init
<LI><a href="#[151]">&gt;&gt;</a>&nbsp;&nbsp;&nbsp;dma_reset
</UL>
<BR>[Called By]<UL><LI><a href="#[49]">&gt;&gt;</a>&nbsp;&nbsp;&nbsp;main
</UL>

<P><STRONG><a name="[11e]"></a>wk_dma_channel_config</STRONG> (Thumb, 44 bytes, Stack size 16 bytes, lto-llvm-44c51f.o(.text.wk_dma_channel_config))
<BR><BR>[Stack]<UL><LI>Max Depth = 16<LI>Call Chain = wk_dma_channel_config
</UL>
<BR>[Called By]<UL><LI><a href="#[49]">&gt;&gt;</a>&nbsp;&nbsp;&nbsp;main
</UL>

<P><STRONG><a name="[11f]"></a>dma_channel_enable</STRONG> (Thumb, 34 bytes, Stack size 8 bytes, lto-llvm-44c51f.o(.text.dma_channel_enable))
<BR><BR>[Stack]<UL><LI>Max Depth = 8<LI>Call Chain = dma_channel_enable
</UL>
<BR>[Called By]<UL><LI><a href="#[49]">&gt;&gt;</a>&nbsp;&nbsp;&nbsp;main
</UL>

<P><STRONG><a name="[120]"></a>wk_usart1_init</STRONG> (Thumb, 142 bytes, Stack size 32 bytes, lto-llvm-44c51f.o(.text.wk_usart1_init))
<BR><BR>[Stack]<UL><LI>Max Depth = 176<LI>Call Chain = wk_usart1_init &rArr; usart_init &rArr; crm_clocks_freq_get &rArr; __aeabi_uldivmod
</UL>
<BR>[Calls]<UL><LI><a href="#[171]">&gt;&gt;</a>&nbsp;&nbsp;&nbsp;usart_enable
<LI><a href="#[170]">&gt;&gt;</a>&nbsp;&nbsp;&nbsp;usart_interrupt_enable
<LI><a href="#[16f]">&gt;&gt;</a>&nbsp;&nbsp;&nbsp;usart_hardware_flow_control_set
<LI><a href="#[16e]">&gt;&gt;</a>&nbsp;&nbsp;&nbsp;usart_parity_selection_config
<LI><a href="#[16d]">&gt;&gt;</a>&nbsp;&nbsp;&nbsp;usart_receiver_enable
<LI><a href="#[16c]">&gt;&gt;</a>&nbsp;&nbsp;&nbsp;usart_transmitter_enable
<LI><a href="#[13d]">&gt;&gt;</a>&nbsp;&nbsp;&nbsp;usart_init
<LI><a href="#[13f]">&gt;&gt;</a>&nbsp;&nbsp;&nbsp;gpio_init
<LI><a href="#[13e]">&gt;&gt;</a>&nbsp;&nbsp;&nbsp;gpio_default_para_init
</UL>
<BR>[Called By]<UL><LI><a href="#[49]">&gt;&gt;</a>&nbsp;&nbsp;&nbsp;main
</UL>

<P><STRONG><a name="[121]"></a>wk_adc1_init</STRONG> (Thumb, 166 bytes, Stack size 32 bytes, lto-llvm-44c51f.o(.text.wk_adc1_init))
<BR><BR>[Stack]<UL><LI>Max Depth = 48<LI>Call Chain = wk_adc1_init &rArr; gpio_init
</UL>
<BR>[Calls]<UL><LI><a href="#[14a]">&gt;&gt;</a>&nbsp;&nbsp;&nbsp;adc_calibration_status_get
<LI><a href="#[149]">&gt;&gt;</a>&nbsp;&nbsp;&nbsp;adc_calibration_start
<LI><a href="#[148]">&gt;&gt;</a>&nbsp;&nbsp;&nbsp;adc_calibration_init_status_get
<LI><a href="#[147]">&gt;&gt;</a>&nbsp;&nbsp;&nbsp;adc_calibration_init
<LI><a href="#[146]">&gt;&gt;</a>&nbsp;&nbsp;&nbsp;adc_enable
<LI><a href="#[145]">&gt;&gt;</a>&nbsp;&nbsp;&nbsp;adc_ordinary_part_mode_enable
<LI><a href="#[144]">&gt;&gt;</a>&nbsp;&nbsp;&nbsp;adc_ordinary_conversion_trigger_set
<LI><a href="#[102]">&gt;&gt;</a>&nbsp;&nbsp;&nbsp;adc_ordinary_channel_set
<LI><a href="#[143]">&gt;&gt;</a>&nbsp;&nbsp;&nbsp;adc_base_config
<LI><a href="#[142]">&gt;&gt;</a>&nbsp;&nbsp;&nbsp;adc_base_default_para_init
<LI><a href="#[141]">&gt;&gt;</a>&nbsp;&nbsp;&nbsp;adc_tempersensor_vintrv_enable
<LI><a href="#[140]">&gt;&gt;</a>&nbsp;&nbsp;&nbsp;crm_adc_clock_div_set
<LI><a href="#[13f]">&gt;&gt;</a>&nbsp;&nbsp;&nbsp;gpio_init
<LI><a href="#[13e]">&gt;&gt;</a>&nbsp;&nbsp;&nbsp;gpio_default_para_init
</UL>
<BR>[Called By]<UL><LI><a href="#[49]">&gt;&gt;</a>&nbsp;&nbsp;&nbsp;main
</UL>

<P><STRONG><a name="[122]"></a>wk_tmr2_init</STRONG> (Thumb, 224 bytes, Stack size 32 bytes, lto-llvm-44c51f.o(.text.wk_tmr2_init))
<BR><BR>[Stack]<UL><LI>Max Depth = 56<LI>Call Chain = wk_tmr2_init &rArr; tmr_output_channel_config
</UL>
<BR>[Calls]<UL><LI><a href="#[16b]">&gt;&gt;</a>&nbsp;&nbsp;&nbsp;tmr_interrupt_enable
<LI><a href="#[16a]">&gt;&gt;</a>&nbsp;&nbsp;&nbsp;tmr_output_channel_immediately_set
<LI><a href="#[169]">&gt;&gt;</a>&nbsp;&nbsp;&nbsp;tmr_output_channel_buffer_enable
<LI><a href="#[168]">&gt;&gt;</a>&nbsp;&nbsp;&nbsp;tmr_output_channel_config
<LI><a href="#[167]">&gt;&gt;</a>&nbsp;&nbsp;&nbsp;tmr_primary_mode_select
<LI><a href="#[166]">&gt;&gt;</a>&nbsp;&nbsp;&nbsp;tmr_sub_sync_mode_set
<LI><a href="#[165]">&gt;&gt;</a>&nbsp;&nbsp;&nbsp;tmr_base_init
<LI><a href="#[164]">&gt;&gt;</a>&nbsp;&nbsp;&nbsp;tmr_period_buffer_enable
<LI><a href="#[163]">&gt;&gt;</a>&nbsp;&nbsp;&nbsp;tmr_clock_source_div_set
<LI><a href="#[162]">&gt;&gt;</a>&nbsp;&nbsp;&nbsp;tmr_cnt_dir_set
<LI><a href="#[13f]">&gt;&gt;</a>&nbsp;&nbsp;&nbsp;gpio_init
<LI><a href="#[13e]">&gt;&gt;</a>&nbsp;&nbsp;&nbsp;gpio_default_para_init
<LI><a href="#[150]">&gt;&gt;</a>&nbsp;&nbsp;&nbsp;gpio_pin_remap_config
<LI><a href="#[d5]">&gt;&gt;</a>&nbsp;&nbsp;&nbsp;tmr_counter_enable
<LI><a href="#[d0]">&gt;&gt;</a>&nbsp;&nbsp;&nbsp;tmr_channel_value_set
</UL>
<BR>[Called By]<UL><LI><a href="#[49]">&gt;&gt;</a>&nbsp;&nbsp;&nbsp;main
</UL>

<P><STRONG><a name="[123]"></a>wk_tmr3_init</STRONG> (Thumb, 196 bytes, Stack size 32 bytes, lto-llvm-44c51f.o(.text.wk_tmr3_init))
<BR><BR>[Stack]<UL><LI>Max Depth = 56<LI>Call Chain = wk_tmr3_init &rArr; tmr_output_channel_config
</UL>
<BR>[Calls]<UL><LI><a href="#[16b]">&gt;&gt;</a>&nbsp;&nbsp;&nbsp;tmr_interrupt_enable
<LI><a href="#[16a]">&gt;&gt;</a>&nbsp;&nbsp;&nbsp;tmr_output_channel_immediately_set
<LI><a href="#[169]">&gt;&gt;</a>&nbsp;&nbsp;&nbsp;tmr_output_channel_buffer_enable
<LI><a href="#[168]">&gt;&gt;</a>&nbsp;&nbsp;&nbsp;tmr_output_channel_config
<LI><a href="#[167]">&gt;&gt;</a>&nbsp;&nbsp;&nbsp;tmr_primary_mode_select
<LI><a href="#[166]">&gt;&gt;</a>&nbsp;&nbsp;&nbsp;tmr_sub_sync_mode_set
<LI><a href="#[165]">&gt;&gt;</a>&nbsp;&nbsp;&nbsp;tmr_base_init
<LI><a href="#[164]">&gt;&gt;</a>&nbsp;&nbsp;&nbsp;tmr_period_buffer_enable
<LI><a href="#[163]">&gt;&gt;</a>&nbsp;&nbsp;&nbsp;tmr_clock_source_div_set
<LI><a href="#[162]">&gt;&gt;</a>&nbsp;&nbsp;&nbsp;tmr_cnt_dir_set
<LI><a href="#[13f]">&gt;&gt;</a>&nbsp;&nbsp;&nbsp;gpio_init
<LI><a href="#[13e]">&gt;&gt;</a>&nbsp;&nbsp;&nbsp;gpio_default_para_init
<LI><a href="#[d5]">&gt;&gt;</a>&nbsp;&nbsp;&nbsp;tmr_counter_enable
<LI><a href="#[d0]">&gt;&gt;</a>&nbsp;&nbsp;&nbsp;tmr_channel_value_set
</UL>
<BR>[Called By]<UL><LI><a href="#[49]">&gt;&gt;</a>&nbsp;&nbsp;&nbsp;main
</UL>

<P><STRONG><a name="[124]"></a>wk_tmr5_init</STRONG> (Thumb, 210 bytes, Stack size 32 bytes, lto-llvm-44c51f.o(.text.wk_tmr5_init))
<BR><BR>[Stack]<UL><LI>Max Depth = 56<LI>Call Chain = wk_tmr5_init &rArr; tmr_output_channel_config
</UL>
<BR>[Calls]<UL><LI><a href="#[16b]">&gt;&gt;</a>&nbsp;&nbsp;&nbsp;tmr_interrupt_enable
<LI><a href="#[16a]">&gt;&gt;</a>&nbsp;&nbsp;&nbsp;tmr_output_channel_immediately_set
<LI><a href="#[169]">&gt;&gt;</a>&nbsp;&nbsp;&nbsp;tmr_output_channel_buffer_enable
<LI><a href="#[168]">&gt;&gt;</a>&nbsp;&nbsp;&nbsp;tmr_output_channel_config
<LI><a href="#[167]">&gt;&gt;</a>&nbsp;&nbsp;&nbsp;tmr_primary_mode_select
<LI><a href="#[166]">&gt;&gt;</a>&nbsp;&nbsp;&nbsp;tmr_sub_sync_mode_set
<LI><a href="#[165]">&gt;&gt;</a>&nbsp;&nbsp;&nbsp;tmr_base_init
<LI><a href="#[164]">&gt;&gt;</a>&nbsp;&nbsp;&nbsp;tmr_period_buffer_enable
<LI><a href="#[163]">&gt;&gt;</a>&nbsp;&nbsp;&nbsp;tmr_clock_source_div_set
<LI><a href="#[162]">&gt;&gt;</a>&nbsp;&nbsp;&nbsp;tmr_cnt_dir_set
<LI><a href="#[13f]">&gt;&gt;</a>&nbsp;&nbsp;&nbsp;gpio_init
<LI><a href="#[13e]">&gt;&gt;</a>&nbsp;&nbsp;&nbsp;gpio_default_para_init
<LI><a href="#[150]">&gt;&gt;</a>&nbsp;&nbsp;&nbsp;gpio_pin_remap_config
<LI><a href="#[d5]">&gt;&gt;</a>&nbsp;&nbsp;&nbsp;tmr_counter_enable
<LI><a href="#[d0]">&gt;&gt;</a>&nbsp;&nbsp;&nbsp;tmr_channel_value_set
</UL>
<BR>[Called By]<UL><LI><a href="#[49]">&gt;&gt;</a>&nbsp;&nbsp;&nbsp;main
</UL>

<P><STRONG><a name="[125]"></a>wk_crc_init</STRONG> (Thumb, 28 bytes, Stack size 8 bytes, lto-llvm-44c51f.o(.text.wk_crc_init))
<BR><BR>[Stack]<UL><LI>Max Depth = 12<LI>Call Chain = wk_crc_init &rArr; crc_reverse_output_data_set
</UL>
<BR>[Calls]<UL><LI><a href="#[ca]">&gt;&gt;</a>&nbsp;&nbsp;&nbsp;crc_data_reset
<LI><a href="#[14f]">&gt;&gt;</a>&nbsp;&nbsp;&nbsp;crc_reverse_output_data_set
<LI><a href="#[14e]">&gt;&gt;</a>&nbsp;&nbsp;&nbsp;crc_reverse_input_data_set
<LI><a href="#[14d]">&gt;&gt;</a>&nbsp;&nbsp;&nbsp;crc_poly_value_set
<LI><a href="#[14c]">&gt;&gt;</a>&nbsp;&nbsp;&nbsp;crc_poly_size_set
<LI><a href="#[14b]">&gt;&gt;</a>&nbsp;&nbsp;&nbsp;crc_init_data_set
</UL>
<BR>[Called By]<UL><LI><a href="#[49]">&gt;&gt;</a>&nbsp;&nbsp;&nbsp;main
</UL>

<P><STRONG><a name="[126]"></a>wk_wdt_init</STRONG> (Thumb, 20 bytes, Stack size 8 bytes, lto-llvm-44c51f.o(.text.wk_wdt_init))
<BR><BR>[Stack]<UL><LI>Max Depth = 12<LI>Call Chain = wk_wdt_init &rArr; wdt_reload_value_set
</UL>
<BR>[Calls]<UL><LI><a href="#[174]">&gt;&gt;</a>&nbsp;&nbsp;&nbsp;wdt_reload_value_set
<LI><a href="#[173]">&gt;&gt;</a>&nbsp;&nbsp;&nbsp;wdt_divider_set
<LI><a href="#[172]">&gt;&gt;</a>&nbsp;&nbsp;&nbsp;wdt_register_write_enable
<LI><a href="#[fe]">&gt;&gt;</a>&nbsp;&nbsp;&nbsp;wdt_counter_reload
</UL>
<BR>[Called By]<UL><LI><a href="#[49]">&gt;&gt;</a>&nbsp;&nbsp;&nbsp;main
</UL>

<P><STRONG><a name="[127]"></a>tmt_init</STRONG> (Thumb, 118 bytes, Stack size 8 bytes, lto-llvm-44c51f.o(.text.tmt_init))
<BR><BR>[Stack]<UL><LI>Max Depth = 8<LI>Call Chain = tmt_init
</UL>
<BR>[Called By]<UL><LI><a href="#[49]">&gt;&gt;</a>&nbsp;&nbsp;&nbsp;main
</UL>

<P><STRONG><a name="[4e]"></a>iap_task</STRONG> (Thumb, 8 bytes, Stack size 8 bytes, lto-llvm-44c51f.o(.text.iap_task))
<BR><BR>[Stack]<UL><LI>Max Depth = 60<LI>Call Chain = iap_task &rArr; iap_command_handle &rArr; flash_word_program &rArr; flash_operation_wait_for &rArr; flash_operation_status_get
</UL>
<BR>[Calls]<UL><LI><a href="#[10f]">&gt;&gt;</a>&nbsp;&nbsp;&nbsp;iap_command_handle
</UL>
<BR>[Address Reference Count : 1]<UL><LI> lto-llvm-44c51f.o(.text.main)
</UL>
<P><STRONG><a name="[4f]"></a>feed_dog_task</STRONG> (Thumb, 40 bytes, Stack size 8 bytes, lto-llvm-44c51f.o(.text.feed_dog_task))
<BR><BR>[Stack]<UL><LI>Max Depth = 8<LI>Call Chain = feed_dog_task
</UL>
<BR>[Calls]<UL><LI><a href="#[fe]">&gt;&gt;</a>&nbsp;&nbsp;&nbsp;wdt_counter_reload
<LI><a href="#[fd]">&gt;&gt;</a>&nbsp;&nbsp;&nbsp;wdt_enable
</UL>
<BR>[Address Reference Count : 1]<UL><LI> lto-llvm-44c51f.o(.text.main)
</UL>
<P><STRONG><a name="[50]"></a>pc_comm_task</STRONG> (Thumb, 8 bytes, Stack size 8 bytes, lto-llvm-44c51f.o(.text.pc_comm_task))
<BR><BR>[Stack]<UL><LI>Max Depth = 116<LI>Call Chain = pc_comm_task &rArr; pc_comm_handle &rArr; pc_event_handle &rArr; WriteDataToPC &rArr; usart_sendData &rArr; queue_read &rArr; queue_isEmpty
</UL>
<BR>[Calls]<UL><LI><a href="#[135]">&gt;&gt;</a>&nbsp;&nbsp;&nbsp;pc_comm_handle
</UL>
<BR>[Address Reference Count : 1]<UL><LI> lto-llvm-44c51f.o(.text.main)
</UL>
<P><STRONG><a name="[51]"></a>beep_task</STRONG> (Thumb, 140 bytes, Stack size 8 bytes, lto-llvm-44c51f.o(.text.beep_task))
<BR><BR>[Stack]<UL><LI>Max Depth = 32<LI>Call Chain = beep_task &rArr; beep_handle &rArr; BeepProc
</UL>
<BR>[Calls]<UL><LI><a href="#[ea]">&gt;&gt;</a>&nbsp;&nbsp;&nbsp;beep_handle
</UL>
<BR>[Address Reference Count : 1]<UL><LI> lto-llvm-44c51f.o(.text.main)
</UL>
<P><STRONG><a name="[52]"></a>ec11_task</STRONG> (Thumb, 8 bytes, Stack size 8 bytes, lto-llvm-44c51f.o(.text.ec11_task))
<BR><BR>[Stack]<UL><LI>Max Depth = 64<LI>Call Chain = ec11_task &rArr; ec11_handle &rArr; EC11_Scan &rArr; EC11_ReadPin &rArr; gpio_input_data_bit_read
</UL>
<BR>[Calls]<UL><LI><a href="#[f6]">&gt;&gt;</a>&nbsp;&nbsp;&nbsp;ec11_handle
</UL>
<BR>[Address Reference Count : 1]<UL><LI> lto-llvm-44c51f.o(.text.main)
</UL>
<P><STRONG><a name="[53]"></a>flash_task</STRONG> (Thumb, 46 bytes, Stack size 8 bytes, lto-llvm-44c51f.o(.text.flash_task))
<BR><BR>[Stack]<UL><LI>Max Depth = 52<LI>Call Chain = flash_task &rArr; FlashProc &rArr; flash_sector_erase &rArr; flash_operation_wait_for &rArr; flash_operation_status_get
</UL>
<BR>[Calls]<UL><LI><a href="#[b4]">&gt;&gt;</a>&nbsp;&nbsp;&nbsp;FlashProc
</UL>
<BR>[Address Reference Count : 1]<UL><LI> lto-llvm-44c51f.o(.text.main)
</UL>
<P><STRONG><a name="[54]"></a>key_task</STRONG> (Thumb, 8 bytes, Stack size 8 bytes, lto-llvm-44c51f.o(.text.key_task))
<BR><BR>[Stack]<UL><LI>Max Depth = 56<LI>Call Chain = key_task &rArr; key_handle &rArr; get_key &rArr; get_sol_ch3 &rArr; gpio_input_data_bit_read
</UL>
<BR>[Calls]<UL><LI><a href="#[115]">&gt;&gt;</a>&nbsp;&nbsp;&nbsp;key_handle
</UL>
<BR>[Address Reference Count : 1]<UL><LI> lto-llvm-44c51f.o(.text.main)
</UL>
<P><STRONG><a name="[55]"></a>led_task</STRONG> (Thumb, 2 bytes, Stack size 0 bytes, lto-llvm-44c51f.o(.text.led_task))
<BR>[Address Reference Count : 1]<UL><LI> lto-llvm-44c51f.o(.text.main)
</UL>
<P><STRONG><a name="[56]"></a>output_task</STRONG> (Thumb, 28 bytes, Stack size 8 bytes, lto-llvm-44c51f.o(.text.output_task))
<BR><BR>[Stack]<UL><LI>Max Depth = 120<LI>Call Chain = output_task &rArr; output_handle &rArr; fan_control &rArr; __aeabi_dmul &rArr; _double_epilogue &rArr; _double_round
</UL>
<BR>[Calls]<UL><LI><a href="#[133]">&gt;&gt;</a>&nbsp;&nbsp;&nbsp;output_handle
</UL>
<BR>[Address Reference Count : 1]<UL><LI> lto-llvm-44c51f.o(.text.main)
</UL>
<P><STRONG><a name="[111]"></a>iap_init</STRONG> (Thumb, 50 bytes, Stack size 8 bytes, lto-llvm-44c51f.o(.text.iap_init))
<BR><BR>[Stack]<UL><LI>Max Depth = 44<LI>Call Chain = iap_init &rArr; flash_sector_erase &rArr; flash_operation_wait_for &rArr; flash_operation_status_get
</UL>
<BR>[Calls]<UL><LI><a href="#[be]">&gt;&gt;</a>&nbsp;&nbsp;&nbsp;flash_lock
<LI><a href="#[bc]">&gt;&gt;</a>&nbsp;&nbsp;&nbsp;flash_sector_erase
<LI><a href="#[bb]">&gt;&gt;</a>&nbsp;&nbsp;&nbsp;flash_unlock
</UL>
<BR>[Called By]<UL><LI><a href="#[49]">&gt;&gt;</a>&nbsp;&nbsp;&nbsp;main
</UL>

<P><STRONG><a name="[91]"></a>BSP_UsartInit</STRONG> (Thumb, 52 bytes, Stack size 8 bytes, lto-llvm-44c51f.o(.text.BSP_UsartInit))
<BR><BR>[Stack]<UL><LI>Max Depth = 24<LI>Call Chain = BSP_UsartInit &rArr; queue_init
</UL>
<BR>[Calls]<UL><LI><a href="#[92]">&gt;&gt;</a>&nbsp;&nbsp;&nbsp;queue_init
</UL>
<BR>[Called By]<UL><LI><a href="#[49]">&gt;&gt;</a>&nbsp;&nbsp;&nbsp;main
</UL>

<P><STRONG><a name="[128]"></a>filter_init</STRONG> (Thumb, 100 bytes, Stack size 12 bytes, lto-llvm-44c51f.o(.text.filter_init))
<BR><BR>[Stack]<UL><LI>Max Depth = 12<LI>Call Chain = filter_init
</UL>
<BR>[Called By]<UL><LI><a href="#[49]">&gt;&gt;</a>&nbsp;&nbsp;&nbsp;main
</UL>

<P><STRONG><a name="[129]"></a>PID_Init</STRONG> (Thumb, 70 bytes, Stack size 16 bytes, lto-llvm-44c51f.o(.text.PID_Init))
<BR><BR>[Stack]<UL><LI>Max Depth = 16<LI>Call Chain = PID_Init
</UL>
<BR>[Called By]<UL><LI><a href="#[49]">&gt;&gt;</a>&nbsp;&nbsp;&nbsp;main
</UL>

<P><STRONG><a name="[12a]"></a>FWDS201_Init</STRONG> (Thumb, 384 bytes, Stack size 20 bytes, lto-llvm-44c51f.o(.text.FWDS201_Init))
<BR><BR>[Stack]<UL><LI>Max Depth = 20<LI>Call Chain = FWDS201_Init
</UL>
<BR>[Called By]<UL><LI><a href="#[49]">&gt;&gt;</a>&nbsp;&nbsp;&nbsp;main
</UL>

<P><STRONG><a name="[e4]"></a>init_cycle_counter</STRONG> (Thumb, 154 bytes, Stack size 24 bytes, lto-llvm-44c51f.o(.text.init_cycle_counter))
<BR><BR>[Stack]<UL><LI>Max Depth = 88<LI>Call Chain = init_cycle_counter &rArr; update_perf_counter &rArr; get_system_ticks &rArr; check_systick
</UL>
<BR>[Calls]<UL><LI><a href="#[114]">&gt;&gt;</a>&nbsp;&nbsp;&nbsp;update_perf_counter
<LI><a href="#[10e]">&gt;&gt;</a>&nbsp;&nbsp;&nbsp;perfc_port_resume_global_interrupt
<LI><a href="#[113]">&gt;&gt;</a>&nbsp;&nbsp;&nbsp;perfc_port_clear_system_timer_ovf_pending
<LI><a href="#[112]">&gt;&gt;</a>&nbsp;&nbsp;&nbsp;perfc_port_init_system_timer
<LI><a href="#[10d]">&gt;&gt;</a>&nbsp;&nbsp;&nbsp;perfc_port_disable_global_interrupt
</UL>
<BR>[Called By]<UL><LI><a href="#[49]">&gt;&gt;</a>&nbsp;&nbsp;&nbsp;main
<LI><a href="#[72]">&gt;&gt;</a>&nbsp;&nbsp;&nbsp;__perf_counter_init
</UL>

<P><STRONG><a name="[ab]"></a>EventRecorderInitialize</STRONG> (Thumb, 464 bytes, Stack size 40 bytes, lto-llvm-44c51f.o(.text.EventRecorderInitialize))
<BR><BR>[Stack]<UL><LI>Max Depth = 140<LI>Call Chain = EventRecorderInitialize &rArr; EventRecorderStart &rArr; EventRecordItem &rArr; LockRecord
</UL>
<BR>[Calls]<UL><LI><a href="#[ae]">&gt;&gt;</a>&nbsp;&nbsp;&nbsp;__aeabi_memclr8
<LI><a href="#[ac]">&gt;&gt;</a>&nbsp;&nbsp;&nbsp;__aeabi_memclr4
<LI><a href="#[b1]">&gt;&gt;</a>&nbsp;&nbsp;&nbsp;EventRecorderStart
<LI><a href="#[a5]">&gt;&gt;</a>&nbsp;&nbsp;&nbsp;EventRecordItem
<LI><a href="#[a2]">&gt;&gt;</a>&nbsp;&nbsp;&nbsp;EventGetTS
<LI><a href="#[b0]">&gt;&gt;</a>&nbsp;&nbsp;&nbsp;EventRecorderEnable
<LI><a href="#[af]">&gt;&gt;</a>&nbsp;&nbsp;&nbsp;EventRecorderTimerGetFreq
<LI><a href="#[ad]">&gt;&gt;</a>&nbsp;&nbsp;&nbsp;crc16_ccitt
</UL>
<BR>[Called By]<UL><LI><a href="#[49]">&gt;&gt;</a>&nbsp;&nbsp;&nbsp;main
</UL>

<P><STRONG><a name="[10f]"></a>iap_command_handle</STRONG> (Thumb, 56 bytes, Stack size 8 bytes, lto-llvm-44c51f.o(.text.iap_command_handle))
<BR><BR>[Stack]<UL><LI>Max Depth = 52<LI>Call Chain = iap_command_handle &rArr; flash_word_program &rArr; flash_operation_wait_for &rArr; flash_operation_status_get
</UL>
<BR>[Calls]<UL><LI><a href="#[110]">&gt;&gt;</a>&nbsp;&nbsp;&nbsp;nvic_system_reset
<LI><a href="#[be]">&gt;&gt;</a>&nbsp;&nbsp;&nbsp;flash_lock
<LI><a href="#[101]">&gt;&gt;</a>&nbsp;&nbsp;&nbsp;flash_word_program
<LI><a href="#[bc]">&gt;&gt;</a>&nbsp;&nbsp;&nbsp;flash_sector_erase
<LI><a href="#[bb]">&gt;&gt;</a>&nbsp;&nbsp;&nbsp;flash_unlock
</UL>
<BR>[Called By]<UL><LI><a href="#[4e]">&gt;&gt;</a>&nbsp;&nbsp;&nbsp;iap_task
</UL>

<P><STRONG><a name="[fd]"></a>wdt_enable</STRONG> (Thumb, 16 bytes, Stack size 0 bytes, lto-llvm-44c51f.o(.text.wdt_enable))
<BR><BR>[Called By]<UL><LI><a href="#[4f]">&gt;&gt;</a>&nbsp;&nbsp;&nbsp;feed_dog_task
</UL>

<P><STRONG><a name="[fe]"></a>wdt_counter_reload</STRONG> (Thumb, 16 bytes, Stack size 0 bytes, lto-llvm-44c51f.o(.text.wdt_counter_reload))
<BR><BR>[Called By]<UL><LI><a href="#[4f]">&gt;&gt;</a>&nbsp;&nbsp;&nbsp;feed_dog_task
<LI><a href="#[126]">&gt;&gt;</a>&nbsp;&nbsp;&nbsp;wk_wdt_init
</UL>

<P><STRONG><a name="[135]"></a>pc_comm_handle</STRONG> (Thumb, 48 bytes, Stack size 8 bytes, lto-llvm-44c51f.o(.text.pc_comm_handle))
<BR><BR>[Stack]<UL><LI>Max Depth = 108<LI>Call Chain = pc_comm_handle &rArr; pc_event_handle &rArr; WriteDataToPC &rArr; usart_sendData &rArr; queue_read &rArr; queue_isEmpty
</UL>
<BR>[Calls]<UL><LI><a href="#[c6]">&gt;&gt;</a>&nbsp;&nbsp;&nbsp;RecvDataFromPC
<LI><a href="#[136]">&gt;&gt;</a>&nbsp;&nbsp;&nbsp;pc_event_handle
</UL>
<BR>[Called By]<UL><LI><a href="#[50]">&gt;&gt;</a>&nbsp;&nbsp;&nbsp;pc_comm_task
</UL>

<P><STRONG><a name="[ea]"></a>beep_handle</STRONG> (Thumb, 60 bytes, Stack size 8 bytes, lto-llvm-44c51f.o(.text.beep_handle))
<BR><BR>[Stack]<UL><LI>Max Depth = 24<LI>Call Chain = beep_handle &rArr; BeepProc
</UL>
<BR>[Calls]<UL><LI><a href="#[eb]">&gt;&gt;</a>&nbsp;&nbsp;&nbsp;BeepProc
</UL>
[...]
<BR><BR>[Stack]<UL><LI>Max Depth = 28<LI>Call Chain = display_temp_sol_handle &rArr; __aeabi_fadd &rArr; _float_epilogue
</UL>
<BR>[Calls]<UL><LI><a href="#[c2]">&gt;&gt;</a>&nbsp;&nbsp;&nbsp;__aeabi_fcmplt
<LI><a href="#[87]">&gt;&gt;</a>&nbsp;&nbsp;&nbsp;__aeabi_fadd
<LI><a href="#[c1]">&gt;&gt;</a>&nbsp;&nbsp;&nbsp;__aeabi_fcmpgt
</UL>
<BR>[Called By]<UL><LI><a href="#[133]">&gt;&gt;</a>&nbsp;&nbsp;&nbsp;output_handle
</UL>

<P><STRONG><a name="[e6]"></a>linear_correction</STRONG> (Thumb, 576 bytes, Stack size 24 bytes, lto-llvm-44c51f.o(.text.linear_correction))
<BR><BR>[Stack]<UL><LI>Max Depth = 24<LI>Call Chain = linear_correction
</UL>
<BR>[Calls]<UL><LI><a href="#[c4]">&gt;&gt;</a>&nbsp;&nbsp;&nbsp;__aeabi_fcmple
<LI><a href="#[c1]">&gt;&gt;</a>&nbsp;&nbsp;&nbsp;__aeabi_fcmpgt
</UL>
<BR>[Called By]<UL><LI><a href="#[db]">&gt;&gt;</a>&nbsp;&nbsp;&nbsp;air_pwm_control
</UL>

<P><STRONG><a name="[e7]"></a>move_average_filter</STRONG> (Thumb, 142 bytes, Stack size 24 bytes, lto-llvm-44c51f.o(.text.move_average_filter))
<BR><BR>[Stack]<UL><LI>Max Depth = 52<LI>Call Chain = move_average_filter &rArr; get_adcval &rArr; adc_ordinary_channel_set
</UL>
<BR>[Calls]<UL><LI><a href="#[d6]">&gt;&gt;</a>&nbsp;&nbsp;&nbsp;get_adcval
<LI><a href="#[8e]">&gt;&gt;</a>&nbsp;&nbsp;&nbsp;__aeabi_ui2f
<LI><a href="#[96]">&gt;&gt;</a>&nbsp;&nbsp;&nbsp;__aeabi_f2iz
<LI><a href="#[87]">&gt;&gt;</a>&nbsp;&nbsp;&nbsp;__aeabi_fadd
</UL>
<BR>[Called By]<UL><LI><a href="#[db]">&gt;&gt;</a>&nbsp;&nbsp;&nbsp;air_pwm_control
<LI><a href="#[d3]">&gt;&gt;</a>&nbsp;&nbsp;&nbsp;sol_pwm_control
</UL>

<P><STRONG><a name="[c0]"></a>PID_Position_Calc</STRONG> (Thumb, 280 bytes, Stack size 32 bytes, lto-llvm-44c51f.o(.text.PID_Position_Calc))
<BR><BR>[Stack]<UL><LI>Max Depth = 52<LI>Call Chain = PID_Position_Calc &rArr; __aeabi_fsub &rArr; __aeabi_fadd &rArr; _float_epilogue
</UL>
<BR>[Calls]<UL><LI><a href="#[c5]">&gt;&gt;</a>&nbsp;&nbsp;&nbsp;__aeabi_fcmpge
<LI><a href="#[8a]">&gt;&gt;</a>&nbsp;&nbsp;&nbsp;__aeabi_fsub
<LI><a href="#[9a]">&gt;&gt;</a>&nbsp;&nbsp;&nbsp;__aeabi_fmul
<LI><a href="#[c2]">&gt;&gt;</a>&nbsp;&nbsp;&nbsp;__aeabi_fcmplt
<LI><a href="#[87]">&gt;&gt;</a>&nbsp;&nbsp;&nbsp;__aeabi_fadd
<LI><a href="#[c4]">&gt;&gt;</a>&nbsp;&nbsp;&nbsp;__aeabi_fcmple
<LI><a href="#[c1]">&gt;&gt;</a>&nbsp;&nbsp;&nbsp;__aeabi_fcmpgt
<LI><a href="#[c3]">&gt;&gt;</a>&nbsp;&nbsp;&nbsp;abs_limit
</UL>
<BR>[Called By]<UL><LI><a href="#[db]">&gt;&gt;</a>&nbsp;&nbsp;&nbsp;air_pwm_control
<LI><a href="#[d3]">&gt;&gt;</a>&nbsp;&nbsp;&nbsp;sol_pwm_control
</UL>

<P><STRONG><a name="[e8]"></a>PID_Clear</STRONG> (Thumb, 38 bytes, Stack size 4 bytes, lto-llvm-44c51f.o(.text.PID_Clear))
<BR><BR>[Stack]<UL><LI>Max Depth = 4<LI>Call Chain = PID_Clear
</UL>
<BR>[Called By]<UL><LI><a href="#[db]">&gt;&gt;</a>&nbsp;&nbsp;&nbsp;air_pwm_control
</UL>

<P><STRONG><a name="[13b]"></a>PID_Clear_I</STRONG> (Thumb, 22 bytes, Stack size 4 bytes, lto-llvm-44c51f.o(.text.PID_Clear_I))
<BR><BR>[Stack]<UL><LI>Max Depth = 4<LI>Call Chain = PID_Clear_I
</UL>
<BR>[Called By]<UL><LI><a href="#[d3]">&gt;&gt;</a>&nbsp;&nbsp;&nbsp;sol_pwm_control
</UL>

<P><STRONG><a name="[c3]"></a>abs_limit</STRONG> (Thumb, 58 bytes, Stack size 16 bytes, lto-llvm-44c51f.o(.text.abs_limit))
<BR><BR>[Stack]<UL><LI>Max Depth = 16<LI>Call Chain = abs_limit
</UL>
<BR>[Calls]<UL><LI><a href="#[c5]">&gt;&gt;</a>&nbsp;&nbsp;&nbsp;__aeabi_fcmpge
<LI><a href="#[c4]">&gt;&gt;</a>&nbsp;&nbsp;&nbsp;__aeabi_fcmple
</UL>
<BR>[Called By]<UL><LI><a href="#[c0]">&gt;&gt;</a>&nbsp;&nbsp;&nbsp;PID_Position_Calc
</UL>

<P><STRONG><a name="[92]"></a>queue_init</STRONG> (Thumb, 80 bytes, Stack size 16 bytes, lto-llvm-44c51f.o(.text.queue_init))
<BR><BR>[Stack]<UL><LI>Max Depth = 16<LI>Call Chain = queue_init
</UL>
<BR>[Called By]<UL><LI><a href="#[91]">&gt;&gt;</a>&nbsp;&nbsp;&nbsp;BSP_UsartInit
</UL>

<P><STRONG><a name="[de]"></a>queue_write</STRONG> (Thumb, 74 bytes, Stack size 24 bytes, lto-llvm-44c51f.o(.text.queue_write))
<BR><BR>[Stack]<UL><LI>Max Depth = 28<LI>Call Chain = queue_write &rArr; queue_isFull
</UL>
<BR>[Calls]<UL><LI><a href="#[13a]">&gt;&gt;</a>&nbsp;&nbsp;&nbsp;queue_isFull
</UL>
<BR>[Called By]<UL><LI><a href="#[37]">&gt;&gt;</a>&nbsp;&nbsp;&nbsp;USART1_IRQHandler
<LI><a href="#[e3]">&gt;&gt;</a>&nbsp;&nbsp;&nbsp;usart_sendData
</UL>

<P><STRONG><a name="[13a]"></a>queue_isFull</STRONG> (Thumb, 34 bytes, Stack size 4 bytes, lto-llvm-44c51f.o(.text.queue_isFull))
<BR><BR>[Stack]<UL><LI>Max Depth = 4<LI>Call Chain = queue_isFull
</UL>
<BR>[Called By]<UL><LI><a href="#[de]">&gt;&gt;</a>&nbsp;&nbsp;&nbsp;queue_write
</UL>

<P><STRONG><a name="[e0]"></a>queue_read</STRONG> (Thumb, 72 bytes, Stack size 24 bytes, lto-llvm-44c51f.o(.text.queue_read))
<BR><BR>[Stack]<UL><LI>Max Depth = 28<LI>Call Chain = queue_read &rArr; queue_isEmpty
</UL>
<BR>[Calls]<UL><LI><a href="#[139]">&gt;&gt;</a>&nbsp;&nbsp;&nbsp;queue_isEmpty
</UL>
<BR>[Called By]<UL><LI><a href="#[37]">&gt;&gt;</a>&nbsp;&nbsp;&nbsp;USART1_IRQHandler
<LI><a href="#[e3]">&gt;&gt;</a>&nbsp;&nbsp;&nbsp;usart_sendData
<LI><a href="#[c7]">&gt;&gt;</a>&nbsp;&nbsp;&nbsp;usart_receiveData
</UL>

<P><STRONG><a name="[139]"></a>queue_isEmpty</STRONG> (Thumb, 22 bytes, Stack size 4 bytes, lto-llvm-44c51f.o(.text.queue_isEmpty))
<BR><BR>[Stack]<UL><LI>Max Depth = 4<LI>Call Chain = queue_isEmpty
</UL>
<BR>[Called By]<UL><LI><a href="#[e0]">&gt;&gt;</a>&nbsp;&nbsp;&nbsp;queue_read
</UL>

<P><STRONG><a name="[6]"></a>beep_on</STRONG> (Thumb, 18 bytes, Stack size 8 bytes, lto-llvm-44c51f.o(.text.beep_on))
<BR><BR>[Stack]<UL><LI>Max Depth = 16<LI>Call Chain = beep_on &rArr; gpio_bits_set
</UL>
<BR>[Calls]<UL><LI><a href="#[93]">&gt;&gt;</a>&nbsp;&nbsp;&nbsp;gpio_bits_set
</UL>
<BR>[Address Reference Count : 1]<UL><LI> lto-llvm-44c51f.o(.data.sbeep)
</UL>
<P><STRONG><a name="[7]"></a>beep_off</STRONG> (Thumb, 18 bytes, Stack size 8 bytes, lto-llvm-44c51f.o(.text.beep_off))
<BR><BR>[Stack]<UL><LI>Max Depth = 16<LI>Call Chain = beep_off &rArr; gpio_bits_reset
</UL>
<BR>[Calls]<UL><LI><a href="#[94]">&gt;&gt;</a>&nbsp;&nbsp;&nbsp;gpio_bits_reset
</UL>
<BR>[Address Reference Count : 1]<UL><LI> lto-llvm-44c51f.o(.data.sbeep)
</UL>
<P><STRONG><a name="[9f]"></a>EC11_ReadPin</STRONG> (Thumb, 32 bytes, Stack size 16 bytes, lto-llvm-44c51f.o(.text.EC11_ReadPin))
<BR><BR>[Stack]<UL><LI>Max Depth = 24<LI>Call Chain = EC11_ReadPin &rArr; gpio_input_data_bit_read
</UL>
<BR>[Calls]<UL><LI><a href="#[a0]">&gt;&gt;</a>&nbsp;&nbsp;&nbsp;gpio_input_data_bit_read
</UL>
<BR>[Called By]<UL><LI><a href="#[a1]">&gt;&gt;</a>&nbsp;&nbsp;&nbsp;EC11_Scan
</UL>

<P><STRONG><a name="[9d]"></a>EC11_CheckRotationSpeed</STRONG> (Thumb, 50 bytes, Stack size 8 bytes, lto-llvm-44c51f.o(.text.EC11_CheckRotationSpeed))
<BR><BR>[Stack]<UL><LI>Max Depth = 8<LI>Call Chain = EC11_CheckRotationSpeed
</UL>
<BR>[Called By]<UL><LI><a href="#[9c]">&gt;&gt;</a>&nbsp;&nbsp;&nbsp;EC11_Analyze
</UL>

<P><STRONG><a name="[9e]"></a>EC11_ResetKeyState</STRONG> (Thumb, 34 bytes, Stack size 4 bytes, lto-llvm-44c51f.o(.text.EC11_ResetKeyState))
<BR><BR>[Stack]<UL><LI>Max Depth = 4<LI>Call Chain = EC11_ResetKeyState
</UL>
<BR>[Called By]<UL><LI><a href="#[9c]">&gt;&gt;</a>&nbsp;&nbsp;&nbsp;EC11_Analyze
</UL>

<P><STRONG><a name="[ad]"></a>crc16_ccitt</STRONG> (Thumb, 140 bytes, Stack size 16 bytes, lto-llvm-44c51f.o(.text.crc16_ccitt))
<BR><BR>[Stack]<UL><LI>Max Depth = 16<LI>Call Chain = crc16_ccitt
</UL>
<BR>[Called By]<UL><LI><a href="#[ab]">&gt;&gt;</a>&nbsp;&nbsp;&nbsp;EventRecorderInitialize
</UL>

<P><STRONG><a name="[af]"></a>EventRecorderTimerGetFreq</STRONG> (Thumb, 8 bytes, Stack size 8 bytes, lto-llvm-44c51f.o(.text.EventRecorderTimerGetFreq))
<BR><BR>[Stack]<UL><LI>Max Depth = 8<LI>Call Chain = EventRecorderTimerGetFreq
</UL>
<BR>[Calls]<UL><LI><a href="#[b3]">&gt;&gt;</a>&nbsp;&nbsp;&nbsp;perfc_port_get_system_timer_freq
</UL>
<BR>[Called By]<UL><LI><a href="#[ab]">&gt;&gt;</a>&nbsp;&nbsp;&nbsp;EventRecorderInitialize
</UL>

<P><STRONG><a name="[b0]"></a>EventRecorderEnable</STRONG> (Thumb, 144 bytes, Stack size 28 bytes, lto-llvm-44c51f.o(.text.EventRecorderEnable))
<BR><BR>[Stack]<UL><LI>Max Depth = 28<LI>Call Chain = EventRecorderEnable
</UL>
<BR>[Called By]<UL><LI><a href="#[ab]">&gt;&gt;</a>&nbsp;&nbsp;&nbsp;EventRecorderInitialize
</UL>

<P><STRONG><a name="[a2]"></a>EventGetTS</STRONG> (Thumb, 146 bytes, Stack size 32 bytes, lto-llvm-44c51f.o(.text.EventGetTS))
<BR><BR>[Stack]<UL><LI>Max Depth = 80<LI>Call Chain = EventGetTS &rArr; EventRecorderTimerGetCount &rArr; get_system_ticks &rArr; check_systick
</UL>
<BR>[Calls]<UL><LI><a href="#[a4]">&gt;&gt;</a>&nbsp;&nbsp;&nbsp;atomic_cmp_xch_32
<LI><a href="#[a3]">&gt;&gt;</a>&nbsp;&nbsp;&nbsp;EventRecorderTimerGetCount
</UL>
<BR>[Called By]<UL><LI><a href="#[ab]">&gt;&gt;</a>&nbsp;&nbsp;&nbsp;EventRecorderInitialize
<LI><a href="#[b1]">&gt;&gt;</a>&nbsp;&nbsp;&nbsp;EventRecorderStart
</UL>

<P><STRONG><a name="[a5]"></a>EventRecordItem</STRONG> (Thumb, 240 bytes, Stack size 56 bytes, lto-llvm-44c51f.o(.text.EventRecordItem))
<BR><BR>[Stack]<UL><LI>Max Depth = 84<LI>Call Chain = EventRecordItem &rArr; LockRecord
</UL>
<BR>[Calls]<UL><LI><a href="#[aa]">&gt;&gt;</a>&nbsp;&nbsp;&nbsp;IncrementRecordsDumped
<LI><a href="#[a9]">&gt;&gt;</a>&nbsp;&nbsp;&nbsp;IncrementRecordsWritten
<LI><a href="#[a8]">&gt;&gt;</a>&nbsp;&nbsp;&nbsp;UnlockRecord
<LI><a href="#[a7]">&gt;&gt;</a>&nbsp;&nbsp;&nbsp;LockRecord
<LI><a href="#[a6]">&gt;&gt;</a>&nbsp;&nbsp;&nbsp;GetRecordIndex
</UL>
<BR>[Called By]<UL><LI><a href="#[ab]">&gt;&gt;</a>&nbsp;&nbsp;&nbsp;EventRecorderInitialize
<LI><a href="#[b1]">&gt;&gt;</a>&nbsp;&nbsp;&nbsp;EventRecorderStart
</UL>

<P><STRONG><a name="[b1]"></a>EventRecorderStart</STRONG> (Thumb, 68 bytes, Stack size 16 bytes, lto-llvm-44c51f.o(.text.EventRecorderStart))
<BR><BR>[Stack]<UL><LI>Max Depth = 100<LI>Call Chain = EventRecorderStart &rArr; EventRecordItem &rArr; LockRecord
</UL>
<BR>[Calls]<UL><LI><a href="#[a5]">&gt;&gt;</a>&nbsp;&nbsp;&nbsp;EventRecordItem
<LI><a href="#[a2]">&gt;&gt;</a>&nbsp;&nbsp;&nbsp;EventGetTS
</UL>
<BR>[Called By]<UL><LI><a href="#[ab]">&gt;&gt;</a>&nbsp;&nbsp;&nbsp;EventRecorderInitialize
</UL>

<P><STRONG><a name="[a3]"></a>EventRecorderTimerGetCount</STRONG> (Thumb, 8 bytes, Stack size 8 bytes, lto-llvm-44c51f.o(.text.EventRecorderTimerGetCount))
<BR><BR>[Stack]<UL><LI>Max Depth = 48<LI>Call Chain = EventRecorderTimerGetCount &rArr; get_system_ticks &rArr; check_systick
</UL>
<BR>[Calls]<UL><LI><a href="#[b2]">&gt;&gt;</a>&nbsp;&nbsp;&nbsp;get_system_ticks
</UL>
<BR>[Called By]<UL><LI><a href="#[a2]">&gt;&gt;</a>&nbsp;&nbsp;&nbsp;EventGetTS
</UL>

<P><STRONG><a name="[a4]"></a>atomic_cmp_xch_32</STRONG> (Thumb, 110 bytes, Stack size 20 bytes, lto-llvm-44c51f.o(.text.atomic_cmp_xch_32))
<BR><BR>[Stack]<UL><LI>Max Depth = 20<LI>Call Chain = atomic_cmp_xch_32
</UL>
<BR>[Called By]<UL><LI><a href="#[a2]">&gt;&gt;</a>&nbsp;&nbsp;&nbsp;EventGetTS
</UL>

<P><STRONG><a name="[a6]"></a>GetRecordIndex</STRONG> (Thumb, 18 bytes, Stack size 8 bytes, lto-llvm-44c51f.o(.text.GetRecordIndex))
<BR><BR>[Stack]<UL><LI>Max Depth = 20<LI>Call Chain = GetRecordIndex &rArr; atomic_inc_32
</UL>
<BR>[Calls]<UL><LI><a href="#[bf]">&gt;&gt;</a>&nbsp;&nbsp;&nbsp;atomic_inc_32
</UL>
<BR>[Called By]<UL><LI><a href="#[a5]">&gt;&gt;</a>&nbsp;&nbsp;&nbsp;EventRecordItem
</UL>

<P><STRONG><a name="[a7]"></a>LockRecord</STRONG> (Thumb, 142 bytes, Stack size 28 bytes, lto-llvm-44c51f.o(.text.LockRecord))
<BR><BR>[Stack]<UL><LI>Max Depth = 28<LI>Call Chain = LockRecord
</UL>
<BR>[Called By]<UL><LI><a href="#[a5]">&gt;&gt;</a>&nbsp;&nbsp;&nbsp;EventRecordItem
</UL>

<P><STRONG><a name="[a8]"></a>UnlockRecord</STRONG> (Thumb, 48 bytes, Stack size 20 bytes, lto-llvm-44c51f.o(.text.UnlockRecord))
<BR><BR>[Stack]<UL><LI>Max Depth = 20<LI>Call Chain = UnlockRecord
</UL>
<BR>[Called By]<UL><LI><a href="#[a5]">&gt;&gt;</a>&nbsp;&nbsp;&nbsp;EventRecordItem
</UL>

<P><STRONG><a name="[a9]"></a>IncrementRecordsWritten</STRONG> (Thumb, 18 bytes, Stack size 8 bytes, lto-llvm-44c51f.o(.text.IncrementRecordsWritten))
<BR><BR>[Stack]<UL><LI>Max Depth = 20<LI>Call Chain = IncrementRecordsWritten &rArr; atomic_inc_32
</UL>
<BR>[Calls]<UL><LI><a href="#[bf]">&gt;&gt;</a>&nbsp;&nbsp;&nbsp;atomic_inc_32
</UL>
<BR>[Called By]<UL><LI><a href="#[a5]">&gt;&gt;</a>&nbsp;&nbsp;&nbsp;EventRecordItem
</UL>

<P><STRONG><a name="[aa]"></a>IncrementRecordsDumped</STRONG> (Thumb, 18 bytes, Stack size 8 bytes, lto-llvm-44c51f.o(.text.IncrementRecordsDumped))
<BR><BR>[Stack]<UL><LI>Max Depth = 20<LI>Call Chain = IncrementRecordsDumped &rArr; atomic_inc_32
</UL>
<BR>[Calls]<UL><LI><a href="#[bf]">&gt;&gt;</a>&nbsp;&nbsp;&nbsp;atomic_inc_32
</UL>
<BR>[Called By]<UL><LI><a href="#[a5]">&gt;&gt;</a>&nbsp;&nbsp;&nbsp;EventRecordItem
</UL>

<P><STRONG><a name="[bf]"></a>atomic_inc_32</STRONG> (Thumb, 42 bytes, Stack size 12 bytes, lto-llvm-44c51f.o(.text.atomic_inc_32))
<BR><BR>[Stack]<UL><LI>Max Depth = 12<LI>Call Chain = atomic_inc_32
</UL>
<BR>[Called By]<UL><LI><a href="#[aa]">&gt;&gt;</a>&nbsp;&nbsp;&nbsp;IncrementRecordsDumped
<LI><a href="#[a9]">&gt;&gt;</a>&nbsp;&nbsp;&nbsp;IncrementRecordsWritten
<LI><a href="#[a6]">&gt;&gt;</a>&nbsp;&nbsp;&nbsp;GetRecordIndex
</UL>

<P><STRONG><a name="[72]"></a>__perf_counter_init</STRONG> (Thumb, 8 bytes, Stack size 8 bytes, lto-llvm-44c51f.o(.text.__perf_counter_init))
<BR><BR>[Stack]<UL><LI>Max Depth = 96<LI>Call Chain = __perf_counter_init &rArr; init_cycle_counter &rArr; update_perf_counter &rArr; get_system_ticks &rArr; check_systick
</UL>
<BR>[Calls]<UL><LI><a href="#[e4]">&gt;&gt;</a>&nbsp;&nbsp;&nbsp;init_cycle_counter
</UL>
<BR>[Address Reference Count : 1]<UL><LI> lto-llvm-44c51f.o(.init_array)
</UL>
<P><STRONG><a name="[10d]"></a>perfc_port_disable_global_interrupt</STRONG> (Thumb, 20 bytes, Stack size 8 bytes, lto-llvm-44c51f.o(.text.perfc_port_disable_global_interrupt))
<BR><BR>[Stack]<UL><LI>Max Depth = 8<LI>Call Chain = perfc_port_disable_global_interrupt
</UL>
<BR>[Called By]<UL><LI><a href="#[e4]">&gt;&gt;</a>&nbsp;&nbsp;&nbsp;init_cycle_counter
<LI><a href="#[4c]">&gt;&gt;</a>&nbsp;&nbsp;&nbsp;perfc_port_insert_to_system_timer_insert_ovf_handler
<LI><a href="#[b2]">&gt;&gt;</a>&nbsp;&nbsp;&nbsp;get_system_ticks
<LI><a href="#[114]">&gt;&gt;</a>&nbsp;&nbsp;&nbsp;update_perf_counter
</UL>

<P><STRONG><a name="[112]"></a>perfc_port_init_system_timer</STRONG> (Thumb, 100 bytes, Stack size 24 bytes, lto-llvm-44c51f.o(.text.perfc_port_init_system_timer))
<BR><BR>[Stack]<UL><LI>Max Depth = 32<LI>Call Chain = perfc_port_init_system_timer &rArr; perfc_port_resume_global_interrupt.302
</UL>
<BR>[Calls]<UL><LI><a href="#[138]">&gt;&gt;</a>&nbsp;&nbsp;&nbsp;perfc_port_resume_global_interrupt.302
<LI><a href="#[137]">&gt;&gt;</a>&nbsp;&nbsp;&nbsp;perfc_port_disable_global_interrupt.301
</UL>
<BR>[Called By]<UL><LI><a href="#[e4]">&gt;&gt;</a>&nbsp;&nbsp;&nbsp;init_cycle_counter
</UL>

<P><STRONG><a name="[113]"></a>perfc_port_clear_system_timer_ovf_pending</STRONG> (Thumb, 16 bytes, Stack size 0 bytes, lto-llvm-44c51f.o(.text.perfc_port_clear_system_timer_ovf_pending))
<BR><BR>[Called By]<UL><LI><a href="#[e4]">&gt;&gt;</a>&nbsp;&nbsp;&nbsp;init_cycle_counter
</UL>

<P><STRONG><a name="[10e]"></a>perfc_port_resume_global_interrupt</STRONG> (Thumb, 18 bytes, Stack size 8 bytes, lto-llvm-44c51f.o(.text.perfc_port_resume_global_interrupt))
<BR><BR>[Stack]<UL><LI>Max Depth = 8<LI>Call Chain = perfc_port_resume_global_interrupt
</UL>
<BR>[Called By]<UL><LI><a href="#[e4]">&gt;&gt;</a>&nbsp;&nbsp;&nbsp;init_cycle_counter
<LI><a href="#[4c]">&gt;&gt;</a>&nbsp;&nbsp;&nbsp;perfc_port_insert_to_system_timer_insert_ovf_handler
<LI><a href="#[b2]">&gt;&gt;</a>&nbsp;&nbsp;&nbsp;get_system_ticks
<LI><a href="#[114]">&gt;&gt;</a>&nbsp;&nbsp;&nbsp;update_perf_counter
</UL>

<P><STRONG><a name="[114]"></a>update_perf_counter</STRONG> (Thumb, 154 bytes, Stack size 24 bytes, lto-llvm-44c51f.o(.text.update_perf_counter))
<BR><BR>[Stack]<UL><LI>Max Depth = 64<LI>Call Chain = update_perf_counter &rArr; get_system_ticks &rArr; check_systick
</UL>
<BR>[Calls]<UL><LI><a href="#[b2]">&gt;&gt;</a>&nbsp;&nbsp;&nbsp;get_system_ticks
<LI><a href="#[b3]">&gt;&gt;</a>&nbsp;&nbsp;&nbsp;perfc_port_get_system_timer_freq
<LI><a href="#[10e]">&gt;&gt;</a>&nbsp;&nbsp;&nbsp;perfc_port_resume_global_interrupt
<LI><a href="#[10d]">&gt;&gt;</a>&nbsp;&nbsp;&nbsp;perfc_port_disable_global_interrupt
</UL>
<BR>[Called By]<UL><LI><a href="#[e4]">&gt;&gt;</a>&nbsp;&nbsp;&nbsp;init_cycle_counter
</UL>

<P><STRONG><a name="[b3]"></a>perfc_port_get_system_timer_freq</STRONG> (Thumb, 12 bytes, Stack size 0 bytes, lto-llvm-44c51f.o(.text.perfc_port_get_system_timer_freq))
<BR><BR>[Called By]<UL><LI><a href="#[114]">&gt;&gt;</a>&nbsp;&nbsp;&nbsp;update_perf_counter
<LI><a href="#[af]">&gt;&gt;</a>&nbsp;&nbsp;&nbsp;EventRecorderTimerGetFreq
</UL>

<P><STRONG><a name="[b2]"></a>get_system_ticks</STRONG> (Thumb, 134 bytes, Stack size 24 bytes, lto-llvm-44c51f.o(.text.get_system_ticks))
<BR><BR>[Stack]<UL><LI>Max Depth = 40<LI>Call Chain = get_system_ticks &rArr; check_systick
</UL>
<BR>[Calls]<UL><LI><a href="#[ec]">&gt;&gt;</a>&nbsp;&nbsp;&nbsp;check_systick
<LI><a href="#[10e]">&gt;&gt;</a>&nbsp;&nbsp;&nbsp;perfc_port_resume_global_interrupt
<LI><a href="#[10d]">&gt;&gt;</a>&nbsp;&nbsp;&nbsp;perfc_port_disable_global_interrupt
</UL>
<BR>[Called By]<UL><LI><a href="#[d1]">&gt;&gt;</a>&nbsp;&nbsp;&nbsp;delay_us
<LI><a href="#[114]">&gt;&gt;</a>&nbsp;&nbsp;&nbsp;update_perf_counter
<LI><a href="#[a3]">&gt;&gt;</a>&nbsp;&nbsp;&nbsp;EventRecorderTimerGetCount
</UL>

<P><STRONG><a name="[ec]"></a>check_systick</STRONG> (Thumb, 60 bytes, Stack size 16 bytes, lto-llvm-44c51f.o(.text.check_systick))
<BR><BR>[Stack]<UL><LI>Max Depth = 16<LI>Call Chain = check_systick
</UL>
<BR>[Calls]<UL><LI><a href="#[ef]">&gt;&gt;</a>&nbsp;&nbsp;&nbsp;perfc_port_get_system_timer_top
<LI><a href="#[ee]">&gt;&gt;</a>&nbsp;&nbsp;&nbsp;perfc_port_is_system_timer_ovf_pending
<LI><a href="#[ed]">&gt;&gt;</a>&nbsp;&nbsp;&nbsp;perfc_port_get_system_timer_elapsed
</UL>
<BR>[Called By]<UL><LI><a href="#[b2]">&gt;&gt;</a>&nbsp;&nbsp;&nbsp;get_system_ticks
</UL>

<P><STRONG><a name="[ed]"></a>perfc_port_get_system_timer_elapsed</STRONG> (Thumb, 32 bytes, Stack size 0 bytes, lto-llvm-44c51f.o(.text.perfc_port_get_system_timer_elapsed))
<BR><BR>[Called By]<UL><LI><a href="#[ec]">&gt;&gt;</a>&nbsp;&nbsp;&nbsp;check_systick
</UL>

<P><STRONG><a name="[ee]"></a>perfc_port_is_system_timer_ovf_pending</STRONG> (Thumb, 16 bytes, Stack size 0 bytes, lto-llvm-44c51f.o(.text.perfc_port_is_system_timer_ovf_pending))
<BR><BR>[Called By]<UL><LI><a href="#[ec]">&gt;&gt;</a>&nbsp;&nbsp;&nbsp;check_systick
</UL>

<P><STRONG><a name="[ef]"></a>perfc_port_get_system_timer_top</STRONG> (Thumb, 14 bytes, Stack size 0 bytes, lto-llvm-44c51f.o(.text.perfc_port_get_system_timer_top))
<BR><BR>[Called By]<UL><LI><a href="#[4c]">&gt;&gt;</a>&nbsp;&nbsp;&nbsp;perfc_port_insert_to_system_timer_insert_ovf_handler
<LI><a href="#[ec]">&gt;&gt;</a>&nbsp;&nbsp;&nbsp;check_systick
</UL>

<P><STRONG><a name="[137]"></a>perfc_port_disable_global_interrupt.301</STRONG> (Thumb, 20 bytes, Stack size 8 bytes, lto-llvm-44c51f.o(.text.perfc_port_disable_global_interrupt.301))
<BR><BR>[Stack]<UL><LI>Max Depth = 8<LI>Call Chain = perfc_port_disable_global_interrupt.301
</UL>
<BR>[Called By]<UL><LI><a href="#[112]">&gt;&gt;</a>&nbsp;&nbsp;&nbsp;perfc_port_init_system_timer
</UL>

<P><STRONG><a name="[138]"></a>perfc_port_resume_global_interrupt.302</STRONG> (Thumb, 18 bytes, Stack size 8 bytes, lto-llvm-44c51f.o(.text.perfc_port_resume_global_interrupt.302))
<BR><BR>[Stack]<UL><LI>Max Depth = 8<LI>Call Chain = perfc_port_resume_global_interrupt.302
</UL>
<BR>[Called By]<UL><LI><a href="#[112]">&gt;&gt;</a>&nbsp;&nbsp;&nbsp;perfc_port_init_system_timer
</UL>
<P>
<H3>
Undefined Global Symbols
</H3><HR></body></html>
