<!doctype html public "-//w3c//dtd html 4.0 transitional//en">
<html><head>
<title>Static Call Graph - [.\objects\AT32F415RBT7_WorkBench.axf]</title></head>
<body><HR>
<H1>Static Call Graph for image .\objects\AT32F415RBT7_WorkBench.axf</H1><HR>
<BR><P>#&#060CALLGRAPH&#062# ARM Linker, 6230001: Last Updated: Sat Jun  6 10:10:20 2026
<BR><P>
<H3>Maximum Stack Usage =        468 bytes + Unknown(Functions without stacksize, Cycles, Untraceable Function Pointers)</H3><H3>
Call chain for Maximum Stack Depth:</H3>
ec11_task &rArr; ec11_handle &rArr; sol_temp_ec11_event_handle &rArr; __aeabi_fadd &rArr; _float_epilogue
<P>
<H3>
Functions with no stack information
</H3><UL>
 <LI><a href="#[26]">SysTick_Handler</a>
 <LI><a href="#[17c]">__ensure_systick_wrapper</a>
</UL>
</UL>
<P>
<H3>
Mutually Recursive functions
</H3> <LI><a href="#[39]">ADC1_IRQHandler</a>&nbsp;&nbsp;&nbsp;&rArr;&nbsp;&nbsp;&nbsp;<a href="#[39]">ADC1_IRQHandler</a><BR>
</UL>
<P>
<H3>
Function Pointers
</H3><UL>
 <LI><a href="#[62]">$Super$$SysTick_Handler</a> from at32f415_int.o(.text.SysTick_Handler) referenced from systick_wrapper_gnu.o(.text)
 <LI><a href="#[39]">ADC1_IRQHandler</a> from startup_at32f415.o(.text) referenced from startup_at32f415.o(RESET)
 <LI><a href="#[21]">BusFault_Handler</a> from at32f415_int.o(.text.BusFault_Handler) referenced from startup_at32f415.o(RESET)
 <LI><a href="#[a]">C</a> from led_handle.o(.text.C) referenced 2 times from led_handle.o(.data.TAST)
 <LI><a href="#[a]">C</a> from led_handle.o(.text.C) referenced 2 times from led_handle.o(.data.TAST_BUFF)
 <LI><a href="#[3b]">CAN1_RX0_IRQHandler</a> from startup_at32f415.o(.text) referenced from startup_at32f415.o(RESET)
 <LI><a href="#[3c]">CAN1_RX1_IRQHandler</a> from startup_at32f415.o(.text) referenced from startup_at32f415.o(RESET)
 <LI><a href="#[3d]">CAN1_SE_IRQHandler</a> from startup_at32f415.o(.text) referenced from startup_at32f415.o(RESET)
 <LI><a href="#[3a]">CAN1_TX_IRQHandler</a> from startup_at32f415.o(.text) referenced from startup_at32f415.o(RESET)
 <LI><a href="#[5b]">CMP1_IRQHandler</a> from startup_at32f415.o(.text) referenced from startup_at32f415.o(RESET)
 <LI><a href="#[5c]">CMP2_IRQHandler</a> from startup_at32f415.o(.text) referenced from startup_at32f415.o(RESET)
 <LI><a href="#[2c]">CRM_IRQHandler</a> from startup_at32f415.o(.text) referenced from startup_at32f415.o(RESET)
 <LI><a href="#[32]">DMA1_Channel1_IRQHandler</a> from startup_at32f415.o(.text) referenced from startup_at32f415.o(RESET)
 <LI><a href="#[33]">DMA1_Channel2_IRQHandler</a> from startup_at32f415.o(.text) referenced from startup_at32f415.o(RESET)
 <LI><a href="#[34]">DMA1_Channel3_IRQHandler</a> from startup_at32f415.o(.text) referenced from startup_at32f415.o(RESET)
 <LI><a href="#[35]">DMA1_Channel4_IRQHandler</a> from startup_at32f415.o(.text) referenced from startup_at32f415.o(RESET)
 <LI><a href="#[36]">DMA1_Channel5_IRQHandler</a> from startup_at32f415.o(.text) referenced from startup_at32f415.o(RESET)
 <LI><a href="#[37]">DMA1_Channel6_IRQHandler</a> from startup_at32f415.o(.text) referenced from startup_at32f415.o(RESET)
 <LI><a href="#[38]">DMA1_Channel7_IRQHandler</a> from startup_at32f415.o(.text) referenced from startup_at32f415.o(RESET)
 <LI><a href="#[56]">DMA2_Channel1_IRQHandler</a> from startup_at32f415.o(.text) referenced from startup_at32f415.o(RESET)
 <LI><a href="#[57]">DMA2_Channel2_IRQHandler</a> from startup_at32f415.o(.text) referenced from startup_at32f415.o(RESET)
 <LI><a href="#[58]">DMA2_Channel3_IRQHandler</a> from startup_at32f415.o(.text) referenced from startup_at32f415.o(RESET)
 <LI><a href="#[59]">DMA2_Channel4_5_IRQHandler</a> from startup_at32f415.o(.text) referenced from startup_at32f415.o(RESET)
 <LI><a href="#[5d]">DMA2_Channel6_7_IRQHandler</a> from startup_at32f415.o(.text) referenced from startup_at32f415.o(RESET)
 <LI><a href="#[24]">DebugMon_Handler</a> from at32f415_int.o(.text.DebugMon_Handler) referenced from startup_at32f415.o(RESET)
 <LI><a href="#[b]">E</a> from led_handle.o(.text.E) referenced 2 times from led_handle.o(.data.TAST)
 <LI><a href="#[b]">E</a> from led_handle.o(.text.E) referenced 2 times from led_handle.o(.data.TAST_BUFF)
 <LI><a href="#[50]">ERTCAlarm_IRQHandler</a> from startup_at32f415.o(.text) referenced from startup_at32f415.o(RESET)
 <LI><a href="#[2a]">ERTC_WKUP_IRQHandler</a> from startup_at32f415.o(.text) referenced from startup_at32f415.o(RESET)
 <LI><a href="#[2d]">EXINT0_IRQHandler</a> from startup_at32f415.o(.text) referenced from startup_at32f415.o(RESET)
 <LI><a href="#[4f]">EXINT15_10_IRQHandler</a> from startup_at32f415.o(.text) referenced from startup_at32f415.o(RESET)
 <LI><a href="#[2e]">EXINT1_IRQHandler</a> from startup_at32f415.o(.text) referenced from startup_at32f415.o(RESET)
 <LI><a href="#[2f]">EXINT2_IRQHandler</a> from startup_at32f415.o(.text) referenced from startup_at32f415.o(RESET)
 <LI><a href="#[30]">EXINT3_IRQHandler</a> from startup_at32f415.o(.text) referenced from startup_at32f415.o(RESET)
 <LI><a href="#[31]">EXINT4_IRQHandler</a> from startup_at32f415.o(.text) referenced from startup_at32f415.o(RESET)
 <LI><a href="#[3e]">EXINT9_5_IRQHandler</a> from startup_at32f415.o(.text) referenced from startup_at32f415.o(RESET)
 <LI><a href="#[c]">F</a> from led_handle.o(.text.F) referenced 2 times from led_handle.o(.data.TAST)
 <LI><a href="#[c]">F</a> from led_handle.o(.text.F) referenced 2 times from led_handle.o(.data.TAST_BUFF)
 <LI><a href="#[2b]">FLASH_IRQHandler</a> from startup_at32f415.o(.text) referenced from startup_at32f415.o(RESET)
 <LI><a href="#[d]">H</a> from led_handle.o(.text.H) referenced 2 times from led_handle.o(.data.TAST)
 <LI><a href="#[d]">H</a> from led_handle.o(.text.H) referenced 2 times from led_handle.o(.data.TAST_BUFF)
 <LI><a href="#[1f]">HardFault_Handler</a> from at32f415_int.o(.text.HardFault_Handler) referenced from startup_at32f415.o(RESET)
 <LI><a href="#[47]">I2C1_ERR_IRQHandler</a> from startup_at32f415.o(.text) referenced from startup_at32f415.o(RESET)
 <LI><a href="#[46]">I2C1_EVT_IRQHandler</a> from startup_at32f415.o(.text) referenced from startup_at32f415.o(RESET)
 <LI><a href="#[49]">I2C2_ERR_IRQHandler</a> from startup_at32f415.o(.text) referenced from startup_at32f415.o(RESET)
 <LI><a href="#[48]">I2C2_EVT_IRQHandler</a> from startup_at32f415.o(.text) referenced from startup_at32f415.o(RESET)
 <LI><a href="#[20]">MemManage_Handler</a> from at32f415_int.o(.text.MemManage_Handler) referenced from startup_at32f415.o(RESET)
 <LI><a href="#[1e]">NMI_Handler</a> from at32f415_int.o(.text.NMI_Handler) referenced from startup_at32f415.o(RESET)
 <LI><a href="#[5a]">OTGFS1_IRQHandler</a> from startup_at32f415.o(.text) referenced from startup_at32f415.o(RESET)
 <LI><a href="#[51]">OTGFS1_WKUP_IRQHandler</a> from startup_at32f415.o(.text) referenced from startup_at32f415.o(RESET)
 <LI><a href="#[10]">P</a> from led_handle.o(.text.P) referenced 2 times from led_handle.o(.data.TAST)
 <LI><a href="#[10]">P</a> from led_handle.o(.text.P) referenced 2 times from led_handle.o(.data.TAST_BUFF)
 <LI><a href="#[28]">PVM_IRQHandler</a> from startup_at32f415.o(.text) referenced from startup_at32f415.o(RESET)
 <LI><a href="#[25]">PendSV_Handler</a> from at32f415_int.o(.text.PendSV_Handler) referenced from startup_at32f415.o(RESET)
 <LI><a href="#[1d]">Reset_Handler</a> from startup_at32f415.o(.text) referenced from startup_at32f415.o(RESET)
 <LI><a href="#[52]">SDIO1_IRQHandler</a> from startup_at32f415.o(.text) referenced from startup_at32f415.o(RESET)
 <LI><a href="#[4a]">SPI1_IRQHandler</a> from startup_at32f415.o(.text) referenced from startup_at32f415.o(RESET)
 <LI><a href="#[4b]">SPI2_IRQHandler</a> from startup_at32f415.o(.text) referenced from startup_at32f415.o(RESET)
 <LI><a href="#[23]">SVC_Handler</a> from at32f415_int.o(.text.SVC_Handler) referenced from startup_at32f415.o(RESET)
 <LI><a href="#[26]">SysTick_Handler</a> from systick_wrapper_gnu.o(.text) referenced from startup_at32f415.o(RESET)
 <LI><a href="#[5f]">SystemInit</a> from system_at32f415.o(.text.SystemInit) referenced from startup_at32f415.o(.text)
 <LI><a href="#[29]">TAMP_STAMP_IRQHandler</a> from startup_at32f415.o(.text) referenced from startup_at32f415.o(RESET)
 <LI><a href="#[3f]">TMR1_BRK_TMR9_IRQHandler</a> from startup_at32f415.o(.text) referenced from startup_at32f415.o(RESET)
 <LI><a href="#[42]">TMR1_CH_IRQHandler</a> from startup_at32f415.o(.text) referenced from startup_at32f415.o(RESET)
 <LI><a href="#[40]">TMR1_OVF_TMR10_IRQHandler</a> from startup_at32f415.o(.text) referenced from startup_at32f415.o(RESET)
 <LI><a href="#[41]">TMR1_TRG_HALL_TMR11_IRQHandler</a> from startup_at32f415.o(.text) referenced from startup_at32f415.o(RESET)
 <LI><a href="#[43]">TMR2_GLOBAL_IRQHandler</a> from at32f415_int.o(.text.TMR2_GLOBAL_IRQHandler) referenced from startup_at32f415.o(RESET)
 <LI><a href="#[44]">TMR3_GLOBAL_IRQHandler</a> from at32f415_int.o(.text.TMR3_GLOBAL_IRQHandler) referenced from startup_at32f415.o(RESET)
 <LI><a href="#[45]">TMR4_GLOBAL_IRQHandler</a> from startup_at32f415.o(.text) referenced from startup_at32f415.o(RESET)
 <LI><a href="#[53]">TMR5_GLOBAL_IRQHandler</a> from startup_at32f415.o(.text) referenced from startup_at32f415.o(RESET)
 <LI><a href="#[54]">UART4_IRQHandler</a> from startup_at32f415.o(.text) referenced from startup_at32f415.o(RESET)
 <LI><a href="#[55]">UART5_IRQHandler</a> from startup_at32f415.o(.text) referenced from startup_at32f415.o(RESET)
 <LI><a href="#[4c]">USART1_IRQHandler</a> from at32_usart.o(.text.USART1_IRQHandler) referenced from startup_at32f415.o(RESET)
 <LI><a href="#[4d]">USART2_IRQHandler</a> from startup_at32f415.o(.text) referenced from startup_at32f415.o(RESET)
 <LI><a href="#[4e]">USART3_IRQHandler</a> from startup_at32f415.o(.text) referenced from startup_at32f415.o(RESET)
 <LI><a href="#[22]">UsageFault_Handler</a> from at32f415_int.o(.text.UsageFault_Handler) referenced from startup_at32f415.o(RESET)
 <LI><a href="#[27]">WWDT_IRQHandler</a> from startup_at32f415.o(.text) referenced from startup_at32f415.o(RESET)
 <LI><a href="#[60]">__main</a> from entry.o(.ARM.Collect$$$$00000000) referenced from startup_at32f415.o(.text)
 <LI><a href="#[72]">__perf_counter_init</a> from perf_counter.o(.text.__perf_counter_init) referenced from perf_counter.o(.init_array)
 <LI><a href="#[1c]">beep_off</a> from beep.o(.text.beep_off) referenced 2 times from beep.o(.data.sbeep)
 <LI><a href="#[1b]">beep_on</a> from beep.o(.text.beep_on) referenced 2 times from beep.o(.data.sbeep)
 <LI><a href="#[66]">beep_task</a> from main.o(.text.beep_task) referenced 2 times from main.o(.text.main)
 <LI><a href="#[11]">celsius</a> from led_handle.o(.text.celsius) referenced 2 times from led_handle.o(.data.TAST)
 <LI><a href="#[11]">celsius</a> from led_handle.o(.text.celsius) referenced 2 times from led_handle.o(.data.TAST_BUFF)
 <LI><a href="#[67]">ec11_task</a> from main.o(.text.ec11_task) referenced 2 times from main.o(.text.main)
 <LI><a href="#[8]">eight</a> from led_handle.o(.text.eight) referenced 2 times from led_handle.o(.data.TAST)
 <LI><a href="#[8]">eight</a> from led_handle.o(.text.eight) referenced 2 times from led_handle.o(.data.TAST_BUFF)
 <LI><a href="#[12]">fahrenheit</a> from led_handle.o(.text.fahrenheit) referenced 2 times from led_handle.o(.data.TAST)
 <LI><a href="#[12]">fahrenheit</a> from led_handle.o(.text.fahrenheit) referenced 2 times from led_handle.o(.data.TAST_BUFF)
 <LI><a href="#[64]">feed_dog_task</a> from main.o(.text.feed_dog_task) referenced 2 times from main.o(.text.main)
 <LI><a href="#[5]">five</a> from led_handle.o(.text.five) referenced 2 times from led_handle.o(.data.TAST)
 <LI><a href="#[5]">five</a> from led_handle.o(.text.five) referenced 2 times from led_handle.o(.data.TAST_BUFF)
 <LI><a href="#[68]">flash_task</a> from main.o(.text.flash_task) referenced 2 times from main.o(.text.main)
 <LI><a href="#[4]">four</a> from led_handle.o(.text.four) referenced 2 times from led_handle.o(.data.TAST)
 <LI><a href="#[4]">four</a> from led_handle.o(.text.four) referenced 2 times from led_handle.o(.data.TAST_BUFF)
 <LI><a href="#[15]">get_air_ch1</a> from key_handle.o(.text.get_air_ch1) referenced 2 times from key_handle.o(.data.keys)
 <LI><a href="#[16]">get_air_ch2</a> from key_handle.o(.text.get_air_ch2) referenced 2 times from key_handle.o(.data.keys)
 <LI><a href="#[17]">get_air_ch3</a> from key_handle.o(.text.get_air_ch3) referenced 2 times from key_handle.o(.data.keys)
 <LI><a href="#[18]">get_sol_ch1</a> from key_handle.o(.text.get_sol_ch1) referenced 2 times from key_handle.o(.data.keys)
 <LI><a href="#[19]">get_sol_ch2</a> from key_handle.o(.text.get_sol_ch2) referenced 2 times from key_handle.o(.data.keys)
 <LI><a href="#[1a]">get_sol_ch3</a> from key_handle.o(.text.get_sol_ch3) referenced 2 times from key_handle.o(.data.keys)
 <LI><a href="#[63]">iap_task</a> from main.o(.text.iap_task) referenced 2 times from main.o(.text.main)
 <LI><a href="#[69]">key_task</a> from main.o(.text.key_task) referenced 2 times from main.o(.text.main)
 <LI><a href="#[6a]">led_task</a> from main.o(.text.led_task) referenced 2 times from main.o(.text.main)
 <LI><a href="#[5e]">main</a> from main.o(.text.main) referenced from entry9a.o(.ARM.Collect$$$$0000000B)
 <LI><a href="#[e]">n</a> from led_handle.o(.text.n) referenced 2 times from led_handle.o(.data.TAST)
 <LI><a href="#[e]">n</a> from led_handle.o(.text.n) referenced 2 times from led_handle.o(.data.TAST_BUFF)
 <LI><a href="#[9]">nine</a> from led_handle.o(.text.nine) referenced 2 times from led_handle.o(.data.TAST)
 <LI><a href="#[9]">nine</a> from led_handle.o(.text.nine) referenced 2 times from led_handle.o(.data.TAST_BUFF)
 <LI><a href="#[13]">nothing</a> from led_handle.o(.text.nothing) referenced 2 times from led_handle.o(.data.TAST)
 <LI><a href="#[13]">nothing</a> from led_handle.o(.text.nothing) referenced 2 times from led_handle.o(.data.TAST_BUFF)
 <LI><a href="#[1]">one</a> from led_handle.o(.text.one) referenced 2 times from led_handle.o(.data.TAST)
 <LI><a href="#[1]">one</a> from led_handle.o(.text.one) referenced 2 times from led_handle.o(.data.TAST_BUFF)
 <LI><a href="#[6b]">output_task</a> from main.o(.text.output_task) referenced 2 times from main.o(.text.main)
 <LI><a href="#[65]">pc_comm_task</a> from main.o(.text.pc_comm_task) referenced 2 times from main.o(.text.main)
 <LI><a href="#[61]">perfc_port_insert_to_system_timer_insert_ovf_handler</a> from perf_counter.o(.text.perfc_port_insert_to_system_timer_insert_ovf_handler) referenced from systick_wrapper_gnu.o(.text)
 <LI><a href="#[14]">r</a> from led_handle.o(.text.r) referenced 2 times from led_handle.o(.data.TAST)
 <LI><a href="#[14]">r</a> from led_handle.o(.text.r) referenced 2 times from led_handle.o(.data.TAST_BUFF)
 <LI><a href="#[7]">seven</a> from led_handle.o(.text.seven) referenced 2 times from led_handle.o(.data.TAST)
 <LI><a href="#[7]">seven</a> from led_handle.o(.text.seven) referenced 2 times from led_handle.o(.data.TAST_BUFF)
 <LI><a href="#[6]">six</a> from led_handle.o(.text.six) referenced 2 times from led_handle.o(.data.TAST)
 <LI><a href="#[6]">six</a> from led_handle.o(.text.six) referenced 2 times from led_handle.o(.data.TAST_BUFF)
 <LI><a href="#[f]">sleep_G</a> from led_handle.o(.text.sleep_G) referenced 2 times from led_handle.o(.data.TAST)
 <LI><a href="#[f]">sleep_G</a> from led_handle.o(.text.sleep_G) referenced 2 times from led_handle.o(.data.TAST_BUFF)
 <LI><a href="#[3]">three</a> from led_handle.o(.text.three) referenced 2 times from led_handle.o(.data.TAST)
 <LI><a href="#[3]">three</a> from led_handle.o(.text.three) referenced 2 times from led_handle.o(.data.TAST_BUFF)
 <LI><a href="#[6e]">tmt_create</a> from tmt.o(.text.tmt_create) referenced 2 times from tmt.o(.text.tmt_init)
 <LI><a href="#[6f]">tmt_delete</a> from tmt.o(.text.tmt_delete) referenced 2 times from tmt.o(.text.tmt_init)
 <LI><a href="#[6c]">tmt_run</a> from tmt.o(.text.tmt_run) referenced 2 times from tmt.o(.text.tmt_init)
 <LI><a href="#[71]">tmt_run_ctrl</a> from tmt.o(.text.tmt_run_ctrl) referenced 2 times from tmt.o(.text.tmt_init)
 <LI><a href="#[70]">tmt_time_ctrl</a> from tmt.o(.text.tmt_time_ctrl) referenced 2 times from tmt.o(.text.tmt_init)
 <LI><a href="#[6d]">tmt_update_tick</a> from tmt.o(.text.tmt_update_tick) referenced 2 times from tmt.o(.text.tmt_init)
 <LI><a href="#[2]">two</a> from led_handle.o(.text.two) referenced 2 times from led_handle.o(.data.TAST)
 <LI><a href="#[2]">two</a> from led_handle.o(.text.two) referenced 2 times from led_handle.o(.data.TAST_BUFF)
 <LI><a href="#[0]">zero_0</a> from led_handle.o(.text.zero_0) referenced 2 times from led_handle.o(.data.TAST)
 <LI><a href="#[0]">zero_0</a> from led_handle.o(.text.zero_0) referenced 2 times from led_handle.o(.data.TAST_BUFF)
</UL>
<P>
<H3>
Global Symbols
</H3>
<P><STRONG><a name="[60]"></a>__main</STRONG> (Thumb, 0 bytes, Stack size unknown bytes, entry.o(.ARM.Collect$$$$00000000))
<BR>[Address Reference Count : 1]<UL><LI> startup_at32f415.o(.text)
</UL>
<P><STRONG><a name="[176]"></a>_main_stk</STRONG> (Thumb, 0 bytes, Stack size unknown bytes, entry2.o(.ARM.Collect$$$$00000001))

<P><STRONG><a name="[74]"></a>_main_scatterload</STRONG> (Thumb, 0 bytes, Stack size unknown bytes, entry5.o(.ARM.Collect$$$$00000004))
<BR><BR>[Calls]<UL><LI><a href="#[75]">&gt;&gt;</a>&nbsp;&nbsp;&nbsp;__scatterload
</UL>

<P><STRONG><a name="[91]"></a>__main_after_scatterload</STRONG> (Thumb, 0 bytes, Stack size unknown bytes, entry5.o(.ARM.Collect$$$$00000004))
<BR><BR>[Called By]<UL><LI><a href="#[75]">&gt;&gt;</a>&nbsp;&nbsp;&nbsp;__scatterload
</UL>

<P><STRONG><a name="[177]"></a>_main_clock</STRONG> (Thumb, 0 bytes, Stack size unknown bytes, entry7b.o(.ARM.Collect$$$$00000008))

<P><STRONG><a name="[76]"></a>_main_cpp_init$empty</STRONG> (Thumb, 0 bytes, Stack size unknown bytes, entry8a.o(.ARM.Collect$$$$00000009))
<BR><BR>[Stack]<UL><LI>Max Depth = 24 + Unknown Stack Size
<LI>Call Chain = _main_cpp_init$empty &rArr; __cpp_initialize__aeabi_
</UL>
<BR>[Calls]<UL><LI><a href="#[73]">&gt;&gt;</a>&nbsp;&nbsp;&nbsp;__cpp_initialize__aeabi_
</UL>

<P><STRONG><a name="[178]"></a>_main_cpp_init</STRONG> (Thumb, 0 bytes, Stack size unknown bytes, entry8b.o(.ARM.Collect$$$$0000000A))

<P><STRONG><a name="[179]"></a>_main_init</STRONG> (Thumb, 0 bytes, Stack size unknown bytes, entry9a.o(.ARM.Collect$$$$0000000B))

<P><STRONG><a name="[17a]"></a>__rt_final_cpp</STRONG> (Thumb, 0 bytes, Stack size unknown bytes, entry10a.o(.ARM.Collect$$$$0000000D))

<P><STRONG><a name="[17b]"></a>__rt_final_exit</STRONG> (Thumb, 0 bytes, Stack size unknown bytes, entry11a.o(.ARM.Collect$$$$0000000F))

<P><STRONG><a name="[1d]"></a>Reset_Handler</STRONG> (Thumb, 8 bytes, Stack size 0 bytes, startup_at32f415.o(.text))
<BR>[Address Reference Count : 1]<UL><LI> startup_at32f415.o(RESET)
</UL>
<P><STRONG><a name="[39]"></a>ADC1_IRQHandler</STRONG> (Thumb, 0 bytes, Stack size 0 bytes, startup_at32f415.o(.text))
<BR><BR>[Calls]<UL><LI><a href="#[39]">&gt;&gt;</a>&nbsp;&nbsp;&nbsp;ADC1_IRQHandler
</UL>
<BR>[Called By]<UL><LI><a href="#[39]">&gt;&gt;</a>&nbsp;&nbsp;&nbsp;ADC1_IRQHandler
</UL>
<BR>[Address Reference Count : 1]<UL><LI> startup_at32f415.o(RESET)
</UL>
<P><STRONG><a name="[3b]"></a>CAN1_RX0_IRQHandler</STRONG> (Thumb, 0 bytes, Stack size 0 bytes, startup_at32f415.o(.text))
<BR>[Address Reference Count : 1]<UL><LI> startup_at32f415.o(RESET)
</UL>
<P><STRONG><a name="[3c]"></a>CAN1_RX1_IRQHandler</STRONG> (Thumb, 0 bytes, Stack size 0 bytes, startup_at32f415.o(.text))
<BR>[Address Reference Count : 1]<UL><LI> startup_at32f415.o(RESET)
</UL>
<P><STRONG><a name="[3d]"></a>CAN1_SE_IRQHandler</STRONG> (Thumb, 0 bytes, Stack size 0 bytes, startup_at32f415.o(.text))
<BR>[Address Reference Count : 1]<UL><LI> startup_at32f415.o(RESET)
</UL>
<P><STRONG><a name="[3a]"></a>CAN1_TX_IRQHandler</STRONG> (Thumb, 0 bytes, Stack size 0 bytes, startup_at32f415.o(.text))
<BR>[Address Reference Count : 1]<UL><LI> startup_at32f415.o(RESET)
</UL>
<P><STRONG><a name="[5b]"></a>CMP1_IRQHandler</STRONG> (Thumb, 0 bytes, Stack size 0 bytes, startup_at32f415.o(.text))
<BR>[Address Reference Count : 1]<UL><LI> startup_at32f415.o(RESET)
</UL>
<P><STRONG><a name="[5c]"></a>CMP2_IRQHandler</STRONG> (Thumb, 0 bytes, Stack size 0 bytes, startup_at32f415.o(.text))
<BR>[Address Reference Count : 1]<UL><LI> startup_at32f415.o(RESET)
</UL>
<P><STRONG><a name="[2c]"></a>CRM_IRQHandler</STRONG> (Thumb, 0 bytes, Stack size 0 bytes, startup_at32f415.o(.text))
<BR>[Address Reference Count : 1]<UL><LI> startup_at32f415.o(RESET)
</UL>
<P><STRONG><a name="[32]"></a>DMA1_Channel1_IRQHandler</STRONG> (Thumb, 0 bytes, Stack size 0 bytes, startup_at32f415.o(.text))
<BR>[Address Reference Count : 1]<UL><LI> startup_at32f415.o(RESET)
</UL>
<P><STRONG><a name="[33]"></a>DMA1_Channel2_IRQHandler</STRONG> (Thumb, 0 bytes, Stack size 0 bytes, startup_at32f415.o(.text))
<BR>[Address Reference Count : 1]<UL><LI> startup_at32f415.o(RESET)
</UL>
<P><STRONG><a name="[34]"></a>DMA1_Channel3_IRQHandler</STRONG> (Thumb, 0 bytes, Stack size 0 bytes, startup_at32f415.o(.text))
<BR>[Address Reference Count : 1]<UL><LI> startup_at32f415.o(RESET)
</UL>
<P><STRONG><a name="[35]"></a>DMA1_Channel4_IRQHandler</STRONG> (Thumb, 0 bytes, Stack size 0 bytes, startup_at32f415.o(.text))
<BR>[Address Reference Count : 1]<UL><LI> startup_at32f415.o(RESET)
</UL>
<P><STRONG><a name="[36]"></a>DMA1_Channel5_IRQHandler</STRONG> (Thumb, 0 bytes, Stack size 0 bytes, startup_at32f415.o(.text))
<BR>[Address Reference Count : 1]<UL><LI> startup_at32f415.o(RESET)
</UL>
<P><STRONG><a name="[37]"></a>DMA1_Channel6_IRQHandler</STRONG> (Thumb, 0 bytes, Stack size 0 bytes, startup_at32f415.o(.text))
<BR>[Address Reference Count : 1]<UL><LI> startup_at32f415.o(RESET)
</UL>
<P><STRONG><a name="[38]"></a>DMA1_Channel7_IRQHandler</STRONG> (Thumb, 0 bytes, Stack size 0 bytes, startup_at32f415.o(.text))
<BR>[Address Reference Count : 1]<UL><LI> startup_at32f415.o(RESET)
</UL>
<P><STRONG><a name="[56]"></a>DMA2_Channel1_IRQHandler</STRONG> (Thumb, 0 bytes, Stack size 0 bytes, startup_at32f415.o(.text))
<BR>[Address Reference Count : 1]<UL><LI> startup_at32f415.o(RESET)
</UL>
<P><STRONG><a name="[57]"></a>DMA2_Channel2_IRQHandler</STRONG> (Thumb, 0 bytes, Stack size 0 bytes, startup_at32f415.o(.text))
<BR>[Address Reference Count : 1]<UL><LI> startup_at32f415.o(RESET)
</UL>
<P><STRONG><a name="[58]"></a>DMA2_Channel3_IRQHandler</STRONG> (Thumb, 0 bytes, Stack size 0 bytes, startup_at32f415.o(.text))
<BR>[Address Reference Count : 1]<UL><LI> startup_at32f415.o(RESET)
</UL>
<P><STRONG><a name="[59]"></a>DMA2_Channel4_5_IRQHandler</STRONG> (Thumb, 0 bytes, Stack size 0 bytes, startup_at32f415.o(.text))
<BR>[Address Reference Count : 1]<UL><LI> startup_at32f415.o(RESET)
</UL>
<P><STRONG><a name="[5d]"></a>DMA2_Channel6_7_IRQHandler</STRONG> (Thumb, 0 bytes, Stack size 0 bytes, startup_at32f415.o(.text))
<BR>[Address Reference Count : 1]<UL><LI> startup_at32f415.o(RESET)
</UL>
<P><STRONG><a name="[50]"></a>ERTCAlarm_IRQHandler</STRONG> (Thumb, 0 bytes, Stack size 0 bytes, startup_at32f415.o(.text))
<BR>[Address Reference Count : 1]<UL><LI> startup_at32f415.o(RESET)
</UL>
<P><STRONG><a name="[2a]"></a>ERTC_WKUP_IRQHandler</STRONG> (Thumb, 0 bytes, Stack size 0 bytes, startup_at32f415.o(.text))
<BR>[Address Reference Count : 1]<UL><LI> startup_at32f415.o(RESET)
</UL>
<P><STRONG><a name="[2d]"></a>EXINT0_IRQHandler</STRONG> (Thumb, 0 bytes, Stack size 0 bytes, startup_at32f415.o(.text))
<BR>[Address Reference Count : 1]<UL><LI> startup_at32f415.o(RESET)
</UL>
<P><STRONG><a name="[4f]"></a>EXINT15_10_IRQHandler</STRONG> (Thumb, 0 bytes, Stack size 0 bytes, startup_at32f415.o(.text))
<BR>[Address Reference Count : 1]<UL><LI> startup_at32f415.o(RESET)
</UL>
<P><STRONG><a name="[2e]"></a>EXINT1_IRQHandler</STRONG> (Thumb, 0 bytes, Stack size 0 bytes, startup_at32f415.o(.text))
<BR>[Address Reference Count : 1]<UL><LI> startup_at32f415.o(RESET)
</UL>
<P><STRONG><a name="[2f]"></a>EXINT2_IRQHandler</STRONG> (Thumb, 0 bytes, Stack size 0 bytes, startup_at32f415.o(.text))
<BR>[Address Reference Count : 1]<UL><LI> startup_at32f415.o(RESET)
</UL>
<P><STRONG><a name="[30]"></a>EXINT3_IRQHandler</STRONG> (Thumb, 0 bytes, Stack size 0 bytes, startup_at32f415.o(.text))
<BR>[Address Reference Count : 1]<UL><LI> startup_at32f415.o(RESET)
</UL>
<P><STRONG><a name="[31]"></a>EXINT4_IRQHandler</STRONG> (Thumb, 0 bytes, Stack size 0 bytes, startup_at32f415.o(.text))
<BR>[Address Reference Count : 1]<UL><LI> startup_at32f415.o(RESET)
</UL>
<P><STRONG><a name="[3e]"></a>EXINT9_5_IRQHandler</STRONG> (Thumb, 0 bytes, Stack size 0 bytes, startup_at32f415.o(.text))
<BR>[Address Reference Count : 1]<UL><LI> startup_at32f415.o(RESET)
</UL>
<P><STRONG><a name="[2b]"></a>FLASH_IRQHandler</STRONG> (Thumb, 0 bytes, Stack size 0 bytes, startup_at32f415.o(.text))
<BR>[Address Reference Count : 1]<UL><LI> startup_at32f415.o(RESET)
</UL>
<P><STRONG><a name="[47]"></a>I2C1_ERR_IRQHandler</STRONG> (Thumb, 0 bytes, Stack size 0 bytes, startup_at32f415.o(.text))
<BR>[Address Reference Count : 1]<UL><LI> startup_at32f415.o(RESET)
</UL>
<P><STRONG><a name="[46]"></a>I2C1_EVT_IRQHandler</STRONG> (Thumb, 0 bytes, Stack size 0 bytes, startup_at32f415.o(.text))
<BR>[Address Reference Count : 1]<UL><LI> startup_at32f415.o(RESET)
</UL>
<P><STRONG><a name="[49]"></a>I2C2_ERR_IRQHandler</STRONG> (Thumb, 0 bytes, Stack size 0 bytes, startup_at32f415.o(.text))
<BR>[Address Reference Count : 1]<UL><LI> startup_at32f415.o(RESET)
</UL>
<P><STRONG><a name="[48]"></a>I2C2_EVT_IRQHandler</STRONG> (Thumb, 0 bytes, Stack size 0 bytes, startup_at32f415.o(.text))
<BR>[Address Reference Count : 1]<UL><LI> startup_at32f415.o(RESET)
</UL>
<P><STRONG><a name="[5a]"></a>OTGFS1_IRQHandler</STRONG> (Thumb, 0 bytes, Stack size 0 bytes, startup_at32f415.o(.text))
<BR>[Address Reference Count : 1]<UL><LI> startup_at32f415.o(RESET)
</UL>
<P><STRONG><a name="[51]"></a>OTGFS1_WKUP_IRQHandler</STRONG> (Thumb, 0 bytes, Stack size 0 bytes, startup_at32f415.o(.text))
<BR>[Address Reference Count : 1]<UL><LI> startup_at32f415.o(RESET)
</UL>
<P><STRONG><a name="[28]"></a>PVM_IRQHandler</STRONG> (Thumb, 0 bytes, Stack size 0 bytes, startup_at32f415.o(.text))
<BR>[Address Reference Count : 1]<UL><LI> startup_at32f415.o(RESET)
</UL>
<P><STRONG><a name="[52]"></a>SDIO1_IRQHandler</STRONG> (Thumb, 0 bytes, Stack size 0 bytes, startup_at32f415.o(.text))
<BR>[Address Reference Count : 1]<UL><LI> startup_at32f415.o(RESET)
</UL>
<P><STRONG><a name="[4a]"></a>SPI1_IRQHandler</STRONG> (Thumb, 0 bytes, Stack size 0 bytes, startup_at32f415.o(.text))
<BR>[Address Reference Count : 1]<UL><LI> startup_at32f415.o(RESET)
</UL>
<P><STRONG><a name="[4b]"></a>SPI2_IRQHandler</STRONG> (Thumb, 0 bytes, Stack size 0 bytes, startup_at32f415.o(.text))
<BR>[Address Reference Count : 1]<UL><LI> startup_at32f415.o(RESET)
</UL>
<P><STRONG><a name="[29]"></a>TAMP_STAMP_IRQHandler</STRONG> (Thumb, 0 bytes, Stack size 0 bytes, startup_at32f415.o(.text))
<BR>[Address Reference Count : 1]<UL><LI> startup_at32f415.o(RESET)
</UL>
<P><STRONG><a name="[3f]"></a>TMR1_BRK_TMR9_IRQHandler</STRONG> (Thumb, 0 bytes, Stack size 0 bytes, startup_at32f415.o(.text))
<BR>[Address Reference Count : 1]<UL><LI> startup_at32f415.o(RESET)
</UL>
<P><STRONG><a name="[42]"></a>TMR1_CH_IRQHandler</STRONG> (Thumb, 0 bytes, Stack size 0 bytes, startup_at32f415.o(.text))
<BR>[Address Reference Count : 1]<UL><LI> startup_at32f415.o(RESET)
</UL>
<P><STRONG><a name="[40]"></a>TMR1_OVF_TMR10_IRQHandler</STRONG> (Thumb, 0 bytes, Stack size 0 bytes, startup_at32f415.o(.text))
<BR>[Address Reference Count : 1]<UL><LI> startup_at32f415.o(RESET)
</UL>
<P><STRONG><a name="[41]"></a>TMR1_TRG_HALL_TMR11_IRQHandler</STRONG> (Thumb, 0 bytes, Stack size 0 bytes, startup_at32f415.o(.text))
<BR>[Address Reference Count : 1]<UL><LI> startup_at32f415.o(RESET)
</UL>
<P><STRONG><a name="[45]"></a>TMR4_GLOBAL_IRQHandler</STRONG> (Thumb, 0 bytes, Stack size 0 bytes, startup_at32f415.o(.text))
<BR>[Address Reference Count : 1]<UL><LI> startup_at32f415.o(RESET)
</UL>
<P><STRONG><a name="[53]"></a>TMR5_GLOBAL_IRQHandler</STRONG> (Thumb, 0 bytes, Stack size 0 bytes, startup_at32f415.o(.text))
<BR>[Address Reference Count : 1]<UL><LI> startup_at32f415.o(RESET)
</UL>
<P><STRONG><a name="[54]"></a>UART4_IRQHandler</STRONG> (Thumb, 0 bytes, Stack size 0 bytes, startup_at32f415.o(.text))
<BR>[Address Reference Count : 1]<UL><LI> startup_at32f415.o(RESET)
</UL>
<P><STRONG><a name="[55]"></a>UART5_IRQHandler</STRONG> (Thumb, 0 bytes, Stack size 0 bytes, startup_at32f415.o(.text))
<BR>[Address Reference Count : 1]<UL><LI> startup_at32f415.o(RESET)
</UL>
<P><STRONG><a name="[4d]"></a>USART2_IRQHandler</STRONG> (Thumb, 0 bytes, Stack size 0 bytes, startup_at32f415.o(.text))
<BR>[Address Reference Count : 1]<UL><LI> startup_at32f415.o(RESET)
</UL>
<P><STRONG><a name="[4e]"></a>USART3_IRQHandler</STRONG> (Thumb, 0 bytes, Stack size 0 bytes, startup_at32f415.o(.text))
<BR>[Address Reference Count : 1]<UL><LI> startup_at32f415.o(RESET)
</UL>
<P><STRONG><a name="[27]"></a>WWDT_IRQHandler</STRONG> (Thumb, 0 bytes, Stack size 0 bytes, startup_at32f415.o(.text))
<BR>[Address Reference Count : 1]<UL><LI> startup_at32f415.o(RESET)
</UL>
<P><STRONG><a name="[26]"></a>SysTick_Handler</STRONG> (Thumb, 0 bytes, Stack size unknown bytes, systick_wrapper_gnu.o(.text))
<BR>[Address Reference Count : 1]<UL><LI> startup_at32f415.o(RESET)
</UL>
<P><STRONG><a name="[17c]"></a>__ensure_systick_wrapper</STRONG> (Thumb, 0 bytes, Stack size unknown bytes, systick_wrapper_gnu.o(.text), UNUSED)

<P><STRONG><a name="[77]"></a>__aeabi_uldivmod</STRONG> (Thumb, 98 bytes, Stack size 40 bytes, uldiv.o(.text))
<BR><BR>[Stack]<UL><LI>Max Depth = 40<LI>Call Chain = __aeabi_uldivmod
</UL>
<BR>[Calls]<UL><LI><a href="#[78]">&gt;&gt;</a>&nbsp;&nbsp;&nbsp;__aeabi_llsr
<LI><a href="#[79]">&gt;&gt;</a>&nbsp;&nbsp;&nbsp;__aeabi_llsl
</UL>
<BR>[Called By]<UL><LI><a href="#[f2]">&gt;&gt;</a>&nbsp;&nbsp;&nbsp;crm_clocks_freq_get
<LI><a href="#[13d]">&gt;&gt;</a>&nbsp;&nbsp;&nbsp;system_core_clock_update
<LI><a href="#[7a]">&gt;&gt;</a>&nbsp;&nbsp;&nbsp;__aeabi_ldivmod
</UL>

<P><STRONG><a name="[7a]"></a>__aeabi_ldivmod</STRONG> (Thumb, 98 bytes, Stack size 24 bytes, ldiv.o(.text))
<BR><BR>[Stack]<UL><LI>Max Depth = 64<LI>Call Chain = __aeabi_ldivmod &rArr; __aeabi_uldivmod
</UL>
<BR>[Calls]<UL><LI><a href="#[77]">&gt;&gt;</a>&nbsp;&nbsp;&nbsp;__aeabi_uldivmod
</UL>
<BR>[Called By]<UL><LI><a href="#[61]">&gt;&gt;</a>&nbsp;&nbsp;&nbsp;perfc_port_insert_to_system_timer_insert_ovf_handler
</UL>

<P><STRONG><a name="[7c]"></a>__aeabi_memset</STRONG> (Thumb, 14 bytes, Stack size 0 bytes, memseta.o(.text), UNUSED)
<BR><BR>[Called By]<UL><LI><a href="#[7d]">&gt;&gt;</a>&nbsp;&nbsp;&nbsp;_memset$wrapper
<LI><a href="#[7b]">&gt;&gt;</a>&nbsp;&nbsp;&nbsp;__aeabi_memclr
</UL>

<P><STRONG><a name="[17d]"></a>__aeabi_memset4</STRONG> (Thumb, 0 bytes, Stack size 0 bytes, memseta.o(.text), UNUSED)

<P><STRONG><a name="[17e]"></a>__aeabi_memset8</STRONG> (Thumb, 0 bytes, Stack size 0 bytes, memseta.o(.text), UNUSED)

<P><STRONG><a name="[7b]"></a>__aeabi_memclr</STRONG> (Thumb, 4 bytes, Stack size 0 bytes, memseta.o(.text), UNUSED)
<BR><BR>[Calls]<UL><LI><a href="#[7c]">&gt;&gt;</a>&nbsp;&nbsp;&nbsp;__aeabi_memset
</UL>

<P><STRONG><a name="[ad]"></a>__aeabi_memclr4</STRONG> (Thumb, 0 bytes, Stack size 0 bytes, memseta.o(.text))
<BR><BR>[Called By]<UL><LI><a href="#[ac]">&gt;&gt;</a>&nbsp;&nbsp;&nbsp;EventRecorderInitialize
</UL>

<P><STRONG><a name="[af]"></a>__aeabi_memclr8</STRONG> (Thumb, 0 bytes, Stack size 0 bytes, memseta.o(.text))
<BR><BR>[Called By]<UL><LI><a href="#[ac]">&gt;&gt;</a>&nbsp;&nbsp;&nbsp;EventRecorderInitialize
</UL>

<P><STRONG><a name="[7d]"></a>_memset$wrapper</STRONG> (Thumb, 18 bytes, Stack size 8 bytes, memseta.o(.text), UNUSED)
<BR><BR>[Calls]<UL><LI><a href="#[7c]">&gt;&gt;</a>&nbsp;&nbsp;&nbsp;__aeabi_memset
</UL>

<P><STRONG><a name="[73]"></a>__cpp_initialize__aeabi_</STRONG> (Thumb, 32 bytes, Stack size 24 bytes, cpp_init.o(.text))
<BR><BR>[Stack]<UL><LI>Max Depth = 24<LI>Call Chain = __cpp_initialize__aeabi_
</UL>
<BR>[Called By]<UL><LI><a href="#[76]">&gt;&gt;</a>&nbsp;&nbsp;&nbsp;_main_cpp_init$empty
</UL>

<P><STRONG><a name="[7e]"></a>__aeabi_fadd</STRONG> (Thumb, 164 bytes, Stack size 16 bytes, fadd.o(.text))
<BR><BR>[Stack]<UL><LI>Max Depth = 20<LI>Call Chain = __aeabi_fadd &rArr; _float_epilogue
</UL>
<BR>[Calls]<UL><LI><a href="#[80]">&gt;&gt;</a>&nbsp;&nbsp;&nbsp;_float_round
<LI><a href="#[7f]">&gt;&gt;</a>&nbsp;&nbsp;&nbsp;_float_epilogue
</UL>
<BR>[Called By]<UL><LI><a href="#[dd]">&gt;&gt;</a>&nbsp;&nbsp;&nbsp;air_pwm_control
<LI><a href="#[43]">&gt;&gt;</a>&nbsp;&nbsp;&nbsp;TMR2_GLOBAL_IRQHandler
<LI><a href="#[d6]">&gt;&gt;</a>&nbsp;&nbsp;&nbsp;sol_pwm_control
<LI><a href="#[d2]">&gt;&gt;</a>&nbsp;&nbsp;&nbsp;sol_sleep_control
<LI><a href="#[82]">&gt;&gt;</a>&nbsp;&nbsp;&nbsp;__aeabi_frsub
<LI><a href="#[c2]">&gt;&gt;</a>&nbsp;&nbsp;&nbsp;PID_Position_Calc
<LI><a href="#[e9]">&gt;&gt;</a>&nbsp;&nbsp;&nbsp;move_average_filter
<LI><a href="#[f7]">&gt;&gt;</a>&nbsp;&nbsp;&nbsp;display_temp_sol_handle
<LI><a href="#[f6]">&gt;&gt;</a>&nbsp;&nbsp;&nbsp;display_temp_air_handle
<LI><a href="#[99]">&gt;&gt;</a>&nbsp;&nbsp;&nbsp;Display_Handle
<LI><a href="#[109]">&gt;&gt;</a>&nbsp;&nbsp;&nbsp;get_key
<LI><a href="#[81]">&gt;&gt;</a>&nbsp;&nbsp;&nbsp;__aeabi_fsub
<LI><a href="#[e7]">&gt;&gt;</a>&nbsp;&nbsp;&nbsp;air_ec11_event_handle
<LI><a href="#[fb]">&gt;&gt;</a>&nbsp;&nbsp;&nbsp;sol_temp_ec11_event_handle
<LI><a href="#[eb]">&gt;&gt;</a>&nbsp;&nbsp;&nbsp;air_temp_ec11_event_handle
</UL>

<P><STRONG><a name="[81]"></a>__aeabi_fsub</STRONG> (Thumb, 6 bytes, Stack size 0 bytes, fadd.o(.text))
<BR><BR>[Stack]<UL><LI>Max Depth = 20<LI>Call Chain = __aeabi_fsub &rArr; __aeabi_fadd &rArr; _float_epilogue
</UL>
<BR>[Calls]<UL><LI><a href="#[7e]">&gt;&gt;</a>&nbsp;&nbsp;&nbsp;__aeabi_fadd
</UL>
<BR>[Called By]<UL><LI><a href="#[dd]">&gt;&gt;</a>&nbsp;&nbsp;&nbsp;air_pwm_control
<LI><a href="#[d6]">&gt;&gt;</a>&nbsp;&nbsp;&nbsp;sol_pwm_control
<LI><a href="#[c2]">&gt;&gt;</a>&nbsp;&nbsp;&nbsp;PID_Position_Calc
<LI><a href="#[99]">&gt;&gt;</a>&nbsp;&nbsp;&nbsp;Display_Handle
<LI><a href="#[e7]">&gt;&gt;</a>&nbsp;&nbsp;&nbsp;air_ec11_event_handle
<LI><a href="#[fb]">&gt;&gt;</a>&nbsp;&nbsp;&nbsp;sol_temp_ec11_event_handle
<LI><a href="#[eb]">&gt;&gt;</a>&nbsp;&nbsp;&nbsp;air_temp_ec11_event_handle
</UL>

<P><STRONG><a name="[82]"></a>__aeabi_frsub</STRONG> (Thumb, 6 bytes, Stack size 0 bytes, fadd.o(.text), UNUSED)
<BR><BR>[Calls]<UL><LI><a href="#[7e]">&gt;&gt;</a>&nbsp;&nbsp;&nbsp;__aeabi_fadd
</UL>

<P><STRONG><a name="[9b]"></a>__aeabi_fmul</STRONG> (Thumb, 100 bytes, Stack size 8 bytes, fmul.o(.text))
<BR><BR>[Stack]<UL><LI>Max Depth = 8<LI>Call Chain = __aeabi_fmul
</UL>
<BR>[Called By]<UL><LI><a href="#[dd]">&gt;&gt;</a>&nbsp;&nbsp;&nbsp;air_pwm_control
<LI><a href="#[c2]">&gt;&gt;</a>&nbsp;&nbsp;&nbsp;PID_Position_Calc
<LI><a href="#[99]">&gt;&gt;</a>&nbsp;&nbsp;&nbsp;Display_Handle
<LI><a href="#[109]">&gt;&gt;</a>&nbsp;&nbsp;&nbsp;get_key
<LI><a href="#[fb]">&gt;&gt;</a>&nbsp;&nbsp;&nbsp;sol_temp_ec11_event_handle
<LI><a href="#[eb]">&gt;&gt;</a>&nbsp;&nbsp;&nbsp;air_temp_ec11_event_handle
</UL>

<P><STRONG><a name="[83]"></a>__aeabi_fdiv</STRONG> (Thumb, 124 bytes, Stack size 8 bytes, fdiv.o(.text))
<BR><BR>[Stack]<UL><LI>Max Depth = 8<LI>Call Chain = __aeabi_fdiv
</UL>
<BR>[Calls]<UL><LI><a href="#[80]">&gt;&gt;</a>&nbsp;&nbsp;&nbsp;_float_round
</UL>
<BR>[Called By]<UL><LI><a href="#[99]">&gt;&gt;</a>&nbsp;&nbsp;&nbsp;Display_Handle
<LI><a href="#[109]">&gt;&gt;</a>&nbsp;&nbsp;&nbsp;get_key
<LI><a href="#[fb]">&gt;&gt;</a>&nbsp;&nbsp;&nbsp;sol_temp_ec11_event_handle
<LI><a href="#[eb]">&gt;&gt;</a>&nbsp;&nbsp;&nbsp;air_temp_ec11_event_handle
</UL>

<P><STRONG><a name="[84]"></a>__aeabi_dadd</STRONG> (Thumb, 322 bytes, Stack size 48 bytes, dadd.o(.text))
<BR><BR>[Stack]<UL><LI>Max Depth = 88<LI>Call Chain = __aeabi_dadd &rArr; _double_epilogue &rArr; _double_round
</UL>
<BR>[Calls]<UL><LI><a href="#[87]">&gt;&gt;</a>&nbsp;&nbsp;&nbsp;_double_round
<LI><a href="#[86]">&gt;&gt;</a>&nbsp;&nbsp;&nbsp;_double_epilogue
<LI><a href="#[85]">&gt;&gt;</a>&nbsp;&nbsp;&nbsp;__aeabi_lasr
<LI><a href="#[79]">&gt;&gt;</a>&nbsp;&nbsp;&nbsp;__aeabi_llsl
</UL>
<BR>[Called By]<UL><LI><a href="#[d2]">&gt;&gt;</a>&nbsp;&nbsp;&nbsp;sol_sleep_control
<LI><a href="#[cf]">&gt;&gt;</a>&nbsp;&nbsp;&nbsp;fan_control
<LI><a href="#[89]">&gt;&gt;</a>&nbsp;&nbsp;&nbsp;__aeabi_drsub
<LI><a href="#[88]">&gt;&gt;</a>&nbsp;&nbsp;&nbsp;__aeabi_dsub
<LI><a href="#[62]">&gt;&gt;</a>&nbsp;&nbsp;&nbsp;$Super$$SysTick_Handler
</UL>

<P><STRONG><a name="[88]"></a>__aeabi_dsub</STRONG> (Thumb, 6 bytes, Stack size 0 bytes, dadd.o(.text), UNUSED)
<BR><BR>[Calls]<UL><LI><a href="#[84]">&gt;&gt;</a>&nbsp;&nbsp;&nbsp;__aeabi_dadd
</UL>

<P><STRONG><a name="[89]"></a>__aeabi_drsub</STRONG> (Thumb, 6 bytes, Stack size 0 bytes, dadd.o(.text), UNUSED)
<BR><BR>[Calls]<UL><LI><a href="#[84]">&gt;&gt;</a>&nbsp;&nbsp;&nbsp;__aeabi_dadd
</UL>

<P><STRONG><a name="[8a]"></a>__aeabi_dmul</STRONG> (Thumb, 228 bytes, Stack size 48 bytes, dmul.o(.text))
<BR><BR>[Stack]<UL><LI>Max Depth = 88<LI>Call Chain = __aeabi_dmul &rArr; _double_epilogue &rArr; _double_round
</UL>
<BR>[Calls]<UL><LI><a href="#[86]">&gt;&gt;</a>&nbsp;&nbsp;&nbsp;_double_epilogue
</UL>
<BR>[Called By]<UL><LI><a href="#[cf]">&gt;&gt;</a>&nbsp;&nbsp;&nbsp;fan_control
<LI><a href="#[62]">&gt;&gt;</a>&nbsp;&nbsp;&nbsp;$Super$$SysTick_Handler
</UL>

<P><STRONG><a name="[8b]"></a>__aeabi_ddiv</STRONG> (Thumb, 222 bytes, Stack size 32 bytes, ddiv.o(.text))
<BR><BR>[Stack]<UL><LI>Max Depth = 40<LI>Call Chain = __aeabi_ddiv &rArr; _double_round
</UL>
<BR>[Calls]<UL><LI><a href="#[87]">&gt;&gt;</a>&nbsp;&nbsp;&nbsp;_double_round
</UL>
<BR>[Called By]<UL><LI><a href="#[62]">&gt;&gt;</a>&nbsp;&nbsp;&nbsp;$Super$$SysTick_Handler
</UL>

<P><STRONG><a name="[c6]"></a>__aeabi_fcmple</STRONG> (Thumb, 28 bytes, Stack size 0 bytes, fcmple.o(.text))
<BR><BR>[Called By]<UL><LI><a href="#[dd]">&gt;&gt;</a>&nbsp;&nbsp;&nbsp;air_pwm_control
<LI><a href="#[d6]">&gt;&gt;</a>&nbsp;&nbsp;&nbsp;sol_pwm_control
<LI><a href="#[d5]">&gt;&gt;</a>&nbsp;&nbsp;&nbsp;check_sol_over_current
<LI><a href="#[62]">&gt;&gt;</a>&nbsp;&nbsp;&nbsp;$Super$$SysTick_Handler
<LI><a href="#[c5]">&gt;&gt;</a>&nbsp;&nbsp;&nbsp;abs_limit
<LI><a href="#[c2]">&gt;&gt;</a>&nbsp;&nbsp;&nbsp;PID_Position_Calc
<LI><a href="#[e8]">&gt;&gt;</a>&nbsp;&nbsp;&nbsp;linear_correction
<LI><a href="#[10b]">&gt;&gt;</a>&nbsp;&nbsp;&nbsp;get_sol_handle_error_state
<LI><a href="#[e7]">&gt;&gt;</a>&nbsp;&nbsp;&nbsp;air_ec11_event_handle
</UL>

<P><STRONG><a name="[c4]"></a>__aeabi_fcmplt</STRONG> (Thumb, 28 bytes, Stack size 0 bytes, fcmplt.o(.text))
<BR><BR>[Called By]<UL><LI><a href="#[dd]">&gt;&gt;</a>&nbsp;&nbsp;&nbsp;air_pwm_control
<LI><a href="#[d6]">&gt;&gt;</a>&nbsp;&nbsp;&nbsp;sol_pwm_control
<LI><a href="#[d2]">&gt;&gt;</a>&nbsp;&nbsp;&nbsp;sol_sleep_control
<LI><a href="#[cf]">&gt;&gt;</a>&nbsp;&nbsp;&nbsp;fan_control
<LI><a href="#[c2]">&gt;&gt;</a>&nbsp;&nbsp;&nbsp;PID_Position_Calc
<LI><a href="#[f7]">&gt;&gt;</a>&nbsp;&nbsp;&nbsp;display_temp_sol_handle
<LI><a href="#[f6]">&gt;&gt;</a>&nbsp;&nbsp;&nbsp;display_temp_air_handle
<LI><a href="#[10b]">&gt;&gt;</a>&nbsp;&nbsp;&nbsp;get_sol_handle_error_state
<LI><a href="#[106]">&gt;&gt;</a>&nbsp;&nbsp;&nbsp;get_air_handle_error_state
<LI><a href="#[fb]">&gt;&gt;</a>&nbsp;&nbsp;&nbsp;sol_temp_ec11_event_handle
<LI><a href="#[eb]">&gt;&gt;</a>&nbsp;&nbsp;&nbsp;air_temp_ec11_event_handle
</UL>

<P><STRONG><a name="[c7]"></a>__aeabi_fcmpge</STRONG> (Thumb, 28 bytes, Stack size 0 bytes, fcmpge.o(.text))
<BR><BR>[Called By]<UL><LI><a href="#[dd]">&gt;&gt;</a>&nbsp;&nbsp;&nbsp;air_pwm_control
<LI><a href="#[cf]">&gt;&gt;</a>&nbsp;&nbsp;&nbsp;fan_control
<LI><a href="#[c5]">&gt;&gt;</a>&nbsp;&nbsp;&nbsp;abs_limit
<LI><a href="#[c2]">&gt;&gt;</a>&nbsp;&nbsp;&nbsp;PID_Position_Calc
<LI><a href="#[10b]">&gt;&gt;</a>&nbsp;&nbsp;&nbsp;get_sol_handle_error_state
<LI><a href="#[106]">&gt;&gt;</a>&nbsp;&nbsp;&nbsp;get_air_handle_error_state
<LI><a href="#[bc]">&gt;&gt;</a>&nbsp;&nbsp;&nbsp;check_data_all
<LI><a href="#[e7]">&gt;&gt;</a>&nbsp;&nbsp;&nbsp;air_ec11_event_handle
</UL>

<P><STRONG><a name="[c3]"></a>__aeabi_fcmpgt</STRONG> (Thumb, 28 bytes, Stack size 0 bytes, fcmpgt.o(.text))
<BR><BR>[Called By]<UL><LI><a href="#[dd]">&gt;&gt;</a>&nbsp;&nbsp;&nbsp;air_pwm_control
<LI><a href="#[44]">&gt;&gt;</a>&nbsp;&nbsp;&nbsp;TMR3_GLOBAL_IRQHandler
<LI><a href="#[d6]">&gt;&gt;</a>&nbsp;&nbsp;&nbsp;sol_pwm_control
<LI><a href="#[d2]">&gt;&gt;</a>&nbsp;&nbsp;&nbsp;sol_sleep_control
<LI><a href="#[62]">&gt;&gt;</a>&nbsp;&nbsp;&nbsp;$Super$$SysTick_Handler
<LI><a href="#[c2]">&gt;&gt;</a>&nbsp;&nbsp;&nbsp;PID_Position_Calc
<LI><a href="#[e8]">&gt;&gt;</a>&nbsp;&nbsp;&nbsp;linear_correction
<LI><a href="#[f7]">&gt;&gt;</a>&nbsp;&nbsp;&nbsp;display_temp_sol_handle
<LI><a href="#[f6]">&gt;&gt;</a>&nbsp;&nbsp;&nbsp;display_temp_air_handle
<LI><a href="#[10b]">&gt;&gt;</a>&nbsp;&nbsp;&nbsp;get_sol_handle_error_state
<LI><a href="#[106]">&gt;&gt;</a>&nbsp;&nbsp;&nbsp;get_air_handle_error_state
<LI><a href="#[108]">&gt;&gt;</a>&nbsp;&nbsp;&nbsp;get_air_handle_work_state
<LI><a href="#[bc]">&gt;&gt;</a>&nbsp;&nbsp;&nbsp;check_data_all
<LI><a href="#[fb]">&gt;&gt;</a>&nbsp;&nbsp;&nbsp;sol_temp_ec11_event_handle
<LI><a href="#[eb]">&gt;&gt;</a>&nbsp;&nbsp;&nbsp;air_temp_ec11_event_handle
</UL>

<P><STRONG><a name="[9a]"></a>__aeabi_fcmpeq</STRONG> (Thumb, 28 bytes, Stack size 0 bytes, fcmpeq.o(.text))
<BR><BR>[Called By]<UL><LI><a href="#[dd]">&gt;&gt;</a>&nbsp;&nbsp;&nbsp;air_pwm_control
<LI><a href="#[d6]">&gt;&gt;</a>&nbsp;&nbsp;&nbsp;sol_pwm_control
<LI><a href="#[d2]">&gt;&gt;</a>&nbsp;&nbsp;&nbsp;sol_sleep_control
<LI><a href="#[b6]">&gt;&gt;</a>&nbsp;&nbsp;&nbsp;FlashProc
<LI><a href="#[108]">&gt;&gt;</a>&nbsp;&nbsp;&nbsp;get_air_handle_work_state
<LI><a href="#[99]">&gt;&gt;</a>&nbsp;&nbsp;&nbsp;Display_Handle
</UL>

<P><STRONG><a name="[8c]"></a>__aeabi_i2f</STRONG> (Thumb, 18 bytes, Stack size 0 bytes, fflti.o(.text))
<BR><BR>[Stack]<UL><LI>Max Depth = 4<LI>Call Chain = __aeabi_i2f &rArr; _float_epilogue
</UL>
<BR>[Calls]<UL><LI><a href="#[7f]">&gt;&gt;</a>&nbsp;&nbsp;&nbsp;_float_epilogue
</UL>
<BR>[Called By]<UL><LI><a href="#[dd]">&gt;&gt;</a>&nbsp;&nbsp;&nbsp;air_pwm_control
<LI><a href="#[b6]">&gt;&gt;</a>&nbsp;&nbsp;&nbsp;FlashProc
</UL>

<P><STRONG><a name="[8d]"></a>__aeabi_ui2f</STRONG> (Thumb, 10 bytes, Stack size 0 bytes, ffltui.o(.text))
<BR><BR>[Stack]<UL><LI>Max Depth = 4<LI>Call Chain = __aeabi_ui2f &rArr; _float_epilogue
</UL>
<BR>[Calls]<UL><LI><a href="#[7f]">&gt;&gt;</a>&nbsp;&nbsp;&nbsp;_float_epilogue
</UL>
<BR>[Called By]<UL><LI><a href="#[dd]">&gt;&gt;</a>&nbsp;&nbsp;&nbsp;air_pwm_control
<LI><a href="#[d6]">&gt;&gt;</a>&nbsp;&nbsp;&nbsp;sol_pwm_control
<LI><a href="#[d5]">&gt;&gt;</a>&nbsp;&nbsp;&nbsp;check_sol_over_current
<LI><a href="#[e9]">&gt;&gt;</a>&nbsp;&nbsp;&nbsp;move_average_filter
<LI><a href="#[ba]">&gt;&gt;</a>&nbsp;&nbsp;&nbsp;get_data_from_b
<LI><a href="#[b9]">&gt;&gt;</a>&nbsp;&nbsp;&nbsp;get_data_from_a
</UL>

<P><STRONG><a name="[8e]"></a>__aeabi_ui2d</STRONG> (Thumb, 26 bytes, Stack size 16 bytes, dfltui.o(.text))
<BR><BR>[Stack]<UL><LI>Max Depth = 56<LI>Call Chain = __aeabi_ui2d &rArr; _double_epilogue &rArr; _double_round
</UL>
<BR>[Calls]<UL><LI><a href="#[86]">&gt;&gt;</a>&nbsp;&nbsp;&nbsp;_double_epilogue
</UL>
<BR>[Called By]<UL><LI><a href="#[62]">&gt;&gt;</a>&nbsp;&nbsp;&nbsp;$Super$$SysTick_Handler
</UL>

<P><STRONG><a name="[97]"></a>__aeabi_f2iz</STRONG> (Thumb, 50 bytes, Stack size 0 bytes, ffixi.o(.text))
<BR><BR>[Called By]<UL><LI><a href="#[dd]">&gt;&gt;</a>&nbsp;&nbsp;&nbsp;air_pwm_control
<LI><a href="#[b6]">&gt;&gt;</a>&nbsp;&nbsp;&nbsp;FlashProc
<LI><a href="#[e9]">&gt;&gt;</a>&nbsp;&nbsp;&nbsp;move_average_filter
<LI><a href="#[96]">&gt;&gt;</a>&nbsp;&nbsp;&nbsp;Disp_Set_Handle
<LI><a href="#[99]">&gt;&gt;</a>&nbsp;&nbsp;&nbsp;Display_Handle
</UL>

<P><STRONG><a name="[d7]"></a>__aeabi_f2uiz</STRONG> (Thumb, 40 bytes, Stack size 0 bytes, ffixui.o(.text))
<BR><BR>[Called By]<UL><LI><a href="#[44]">&gt;&gt;</a>&nbsp;&nbsp;&nbsp;TMR3_GLOBAL_IRQHandler
<LI><a href="#[62]">&gt;&gt;</a>&nbsp;&nbsp;&nbsp;$Super$$SysTick_Handler
</UL>

<P><STRONG><a name="[8f]"></a>__aeabi_d2uiz</STRONG> (Thumb, 50 bytes, Stack size 8 bytes, dfixui.o(.text))
<BR><BR>[Stack]<UL><LI>Max Depth = 8<LI>Call Chain = __aeabi_d2uiz
</UL>
<BR>[Calls]<UL><LI><a href="#[78]">&gt;&gt;</a>&nbsp;&nbsp;&nbsp;__aeabi_llsr
</UL>
<BR>[Called By]<UL><LI><a href="#[cf]">&gt;&gt;</a>&nbsp;&nbsp;&nbsp;fan_control
</UL>

<P><STRONG><a name="[fd]"></a>__aeabi_f2d</STRONG> (Thumb, 38 bytes, Stack size 0 bytes, f2d.o(.text))
<BR><BR>[Called By]<UL><LI><a href="#[d2]">&gt;&gt;</a>&nbsp;&nbsp;&nbsp;sol_sleep_control
<LI><a href="#[cf]">&gt;&gt;</a>&nbsp;&nbsp;&nbsp;fan_control
</UL>

<P><STRONG><a name="[90]"></a>__aeabi_d2f</STRONG> (Thumb, 56 bytes, Stack size 8 bytes, d2f.o(.text))
<BR><BR>[Stack]<UL><LI>Max Depth = 8<LI>Call Chain = __aeabi_d2f
</UL>
<BR>[Calls]<UL><LI><a href="#[80]">&gt;&gt;</a>&nbsp;&nbsp;&nbsp;_float_round
</UL>
<BR>[Called By]<UL><LI><a href="#[d2]">&gt;&gt;</a>&nbsp;&nbsp;&nbsp;sol_sleep_control
<LI><a href="#[cf]">&gt;&gt;</a>&nbsp;&nbsp;&nbsp;fan_control
<LI><a href="#[62]">&gt;&gt;</a>&nbsp;&nbsp;&nbsp;$Super$$SysTick_Handler
</UL>

<P><STRONG><a name="[79]"></a>__aeabi_llsl</STRONG> (Thumb, 30 bytes, Stack size 0 bytes, llshl.o(.text))
<BR><BR>[Called By]<UL><LI><a href="#[84]">&gt;&gt;</a>&nbsp;&nbsp;&nbsp;__aeabi_dadd
<LI><a href="#[86]">&gt;&gt;</a>&nbsp;&nbsp;&nbsp;_double_epilogue
<LI><a href="#[77]">&gt;&gt;</a>&nbsp;&nbsp;&nbsp;__aeabi_uldivmod
</UL>

<P><STRONG><a name="[17f]"></a>_ll_shift_l</STRONG> (Thumb, 0 bytes, Stack size 0 bytes, llshl.o(.text), UNUSED)

<P><STRONG><a name="[78]"></a>__aeabi_llsr</STRONG> (Thumb, 32 bytes, Stack size 0 bytes, llushr.o(.text))
<BR><BR>[Called By]<UL><LI><a href="#[86]">&gt;&gt;</a>&nbsp;&nbsp;&nbsp;_double_epilogue
<LI><a href="#[77]">&gt;&gt;</a>&nbsp;&nbsp;&nbsp;__aeabi_uldivmod
<LI><a href="#[8f]">&gt;&gt;</a>&nbsp;&nbsp;&nbsp;__aeabi_d2uiz
</UL>

<P><STRONG><a name="[180]"></a>_ll_ushift_r</STRONG> (Thumb, 0 bytes, Stack size 0 bytes, llushr.o(.text), UNUSED)

<P><STRONG><a name="[85]"></a>__aeabi_lasr</STRONG> (Thumb, 36 bytes, Stack size 0 bytes, llsshr.o(.text))
<BR><BR>[Called By]<UL><LI><a href="#[84]">&gt;&gt;</a>&nbsp;&nbsp;&nbsp;__aeabi_dadd
</UL>

<P><STRONG><a name="[181]"></a>_ll_sshift_r</STRONG> (Thumb, 0 bytes, Stack size 0 bytes, llsshr.o(.text), UNUSED)

<P><STRONG><a name="[182]"></a>__I$use$fp</STRONG> (Thumb, 0 bytes, Stack size 0 bytes, iusefp.o(.text), UNUSED)

<P><STRONG><a name="[80]"></a>_float_round</STRONG> (Thumb, 18 bytes, Stack size 0 bytes, fepilogue.o(.text))
<BR><BR>[Called By]<UL><LI><a href="#[7e]">&gt;&gt;</a>&nbsp;&nbsp;&nbsp;__aeabi_fadd
<LI><a href="#[90]">&gt;&gt;</a>&nbsp;&nbsp;&nbsp;__aeabi_d2f
<LI><a href="#[83]">&gt;&gt;</a>&nbsp;&nbsp;&nbsp;__aeabi_fdiv
</UL>

<P><STRONG><a name="[7f]"></a>_float_epilogue</STRONG> (Thumb, 92 bytes, Stack size 4 bytes, fepilogue.o(.text))
<BR><BR>[Stack]<UL><LI>Max Depth = 4<LI>Call Chain = _float_epilogue
</UL>
<BR>[Called By]<UL><LI><a href="#[7e]">&gt;&gt;</a>&nbsp;&nbsp;&nbsp;__aeabi_fadd
<LI><a href="#[8d]">&gt;&gt;</a>&nbsp;&nbsp;&nbsp;__aeabi_ui2f
<LI><a href="#[8c]">&gt;&gt;</a>&nbsp;&nbsp;&nbsp;__aeabi_i2f
</UL>

<P><STRONG><a name="[87]"></a>_double_round</STRONG> (Thumb, 30 bytes, Stack size 8 bytes, depilogue.o(.text))
<BR><BR>[Stack]<UL><LI>Max Depth = 8<LI>Call Chain = _double_round
</UL>
<BR>[Called By]<UL><LI><a href="#[8b]">&gt;&gt;</a>&nbsp;&nbsp;&nbsp;__aeabi_ddiv
<LI><a href="#[84]">&gt;&gt;</a>&nbsp;&nbsp;&nbsp;__aeabi_dadd
<LI><a href="#[86]">&gt;&gt;</a>&nbsp;&nbsp;&nbsp;_double_epilogue
</UL>

<P><STRONG><a name="[86]"></a>_double_epilogue</STRONG> (Thumb, 156 bytes, Stack size 32 bytes, depilogue.o(.text))
<BR><BR>[Stack]<UL><LI>Max Depth = 40<LI>Call Chain = _double_epilogue &rArr; _double_round
</UL>
<BR>[Calls]<UL><LI><a href="#[87]">&gt;&gt;</a>&nbsp;&nbsp;&nbsp;_double_round
<LI><a href="#[78]">&gt;&gt;</a>&nbsp;&nbsp;&nbsp;__aeabi_llsr
<LI><a href="#[79]">&gt;&gt;</a>&nbsp;&nbsp;&nbsp;__aeabi_llsl
</UL>
<BR>[Called By]<UL><LI><a href="#[84]">&gt;&gt;</a>&nbsp;&nbsp;&nbsp;__aeabi_dadd
<LI><a href="#[8a]">&gt;&gt;</a>&nbsp;&nbsp;&nbsp;__aeabi_dmul
<LI><a href="#[8e]">&gt;&gt;</a>&nbsp;&nbsp;&nbsp;__aeabi_ui2d
</UL>

<P><STRONG><a name="[75]"></a>__scatterload</STRONG> (Thumb, 38 bytes, Stack size 0 bytes, init.o(.text))
<BR><BR>[Calls]<UL><LI><a href="#[91]">&gt;&gt;</a>&nbsp;&nbsp;&nbsp;__main_after_scatterload
</UL>
<BR>[Called By]<UL><LI><a href="#[74]">&gt;&gt;</a>&nbsp;&nbsp;&nbsp;_main_scatterload
</UL>

<P><STRONG><a name="[183]"></a>__scatterload_rt2</STRONG> (Thumb, 0 bytes, Stack size 0 bytes, init.o(.text), UNUSED)

<P><STRONG><a name="[184]"></a>__decompress</STRONG> (Thumb, 0 bytes, Stack size unknown bytes, __dczerorl2.o(.text), UNUSED)

<P><STRONG><a name="[185]"></a>__decompress1</STRONG> (Thumb, 86 bytes, Stack size unknown bytes, __dczerorl2.o(.text), UNUSED)

<P><STRONG><a name="[92]"></a>BSP_UsartInit</STRONG> (Thumb, 66 bytes, Stack size 16 bytes, at32_usart.o(.text.BSP_UsartInit))
<BR><BR>[Stack]<UL><LI>Max Depth = 32<LI>Call Chain = BSP_UsartInit &rArr; queue_init
</UL>
<BR>[Calls]<UL><LI><a href="#[93]">&gt;&gt;</a>&nbsp;&nbsp;&nbsp;queue_init
</UL>
<BR>[Called By]<UL><LI><a href="#[5e]">&gt;&gt;</a>&nbsp;&nbsp;&nbsp;main
</UL>

<P><STRONG><a name="[ed]"></a>BeepProc</STRONG> (Thumb, 254 bytes, Stack size 16 bytes, beep.o(.text.BeepProc))
<BR><BR>[Stack]<UL><LI>Max Depth = 16<LI>Call Chain = BeepProc
</UL>
<BR>[Called By]<UL><LI><a href="#[ec]">&gt;&gt;</a>&nbsp;&nbsp;&nbsp;beep_handle
</UL>

<P><STRONG><a name="[21]"></a>BusFault_Handler</STRONG> (Thumb, 4 bytes, Stack size 0 bytes, at32f415_int.o(.text.BusFault_Handler))
<BR>[Address Reference Count : 1]<UL><LI> startup_at32f415.o(RESET)
</UL>
<P><STRONG><a name="[a]"></a>C</STRONG> (Thumb, 36 bytes, Stack size 16 bytes, led_handle.o(.text.C))
<BR><BR>[Stack]<UL><LI>Max Depth = 24<LI>Call Chain = C &rArr; gpio_bits_set
</UL>
<BR>[Calls]<UL><LI><a href="#[94]">&gt;&gt;</a>&nbsp;&nbsp;&nbsp;gpio_bits_set
<LI><a href="#[95]">&gt;&gt;</a>&nbsp;&nbsp;&nbsp;gpio_bits_reset
</UL>
<BR>[Address Reference Count : 2]<UL><LI> led_handle.o(.data.TAST_BUFF)
<LI> led_handle.o(.data.TAST)
</UL>
<P><STRONG><a name="[24]"></a>DebugMon_Handler</STRONG> (Thumb, 2 bytes, Stack size 0 bytes, at32f415_int.o(.text.DebugMon_Handler))
<BR>[Address Reference Count : 1]<UL><LI> startup_at32f415.o(RESET)
</UL>
<P><STRONG><a name="[96]"></a>Disp_Set_Handle</STRONG> (Thumb, 902 bytes, Stack size 16 bytes, led_handle.o(.text.Disp_Set_Handle))
<BR><BR>[Stack]<UL><LI>Max Depth = 64<LI>Call Chain = Disp_Set_Handle &rArr; dispmenu_pageoption &rArr; gpio_bits_set
</UL>
<BR>[Calls]<UL><LI><a href="#[98]">&gt;&gt;</a>&nbsp;&nbsp;&nbsp;dispmenu_pageoption
<LI><a href="#[97]">&gt;&gt;</a>&nbsp;&nbsp;&nbsp;__aeabi_f2iz
</UL>
<BR>[Called By]<UL><LI><a href="#[d0]">&gt;&gt;</a>&nbsp;&nbsp;&nbsp;led_handle
</UL>

<P><STRONG><a name="[99]"></a>Display_Handle</STRONG> (Thumb, 1504 bytes, Stack size 24 bytes, led_handle.o(.text.Display_Handle))
<BR><BR>[Stack]<UL><LI>Max Depth = 64<LI>Call Chain = Display_Handle &rArr; disp_digit_all &rArr; gpio_bits_set
</UL>
<BR>[Calls]<UL><LI><a href="#[7e]">&gt;&gt;</a>&nbsp;&nbsp;&nbsp;__aeabi_fadd
<LI><a href="#[9c]">&gt;&gt;</a>&nbsp;&nbsp;&nbsp;disp_digit_all
<LI><a href="#[9a]">&gt;&gt;</a>&nbsp;&nbsp;&nbsp;__aeabi_fcmpeq
<LI><a href="#[97]">&gt;&gt;</a>&nbsp;&nbsp;&nbsp;__aeabi_f2iz
<LI><a href="#[81]">&gt;&gt;</a>&nbsp;&nbsp;&nbsp;__aeabi_fsub
<LI><a href="#[83]">&gt;&gt;</a>&nbsp;&nbsp;&nbsp;__aeabi_fdiv
<LI><a href="#[9b]">&gt;&gt;</a>&nbsp;&nbsp;&nbsp;__aeabi_fmul
</UL>
<BR>[Called By]<UL><LI><a href="#[d0]">&gt;&gt;</a>&nbsp;&nbsp;&nbsp;led_handle
</UL>

<P><STRONG><a name="[b]"></a>E</STRONG> (Thumb, 36 bytes, Stack size 16 bytes, led_handle.o(.text.E))
<BR><BR>[Stack]<UL><LI>Max Depth = 24<LI>Call Chain = E &rArr; gpio_bits_set
</UL>
<BR>[Calls]<UL><LI><a href="#[94]">&gt;&gt;</a>&nbsp;&nbsp;&nbsp;gpio_bits_set
<LI><a href="#[95]">&gt;&gt;</a>&nbsp;&nbsp;&nbsp;gpio_bits_reset
</UL>
<BR>[Address Reference Count : 2]<UL><LI> led_handle.o(.data.TAST_BUFF)
<LI> led_handle.o(.data.TAST)
</UL>
<P><STRONG><a name="[9d]"></a>EC11_Analyze</STRONG> (Thumb, 562 bytes, Stack size 32 bytes, encoderec11.o(.text.EC11_Analyze))
<BR><BR>[Stack]<UL><LI>Max Depth = 40<LI>Call Chain = EC11_Analyze &rArr; EC11_CheckRotationSpeed
</UL>
<BR>[Calls]<UL><LI><a href="#[9f]">&gt;&gt;</a>&nbsp;&nbsp;&nbsp;EC11_ResetKeyState
<LI><a href="#[9e]">&gt;&gt;</a>&nbsp;&nbsp;&nbsp;EC11_CheckRotationSpeed
</UL>
<BR>[Called By]<UL><LI><a href="#[f8]">&gt;&gt;</a>&nbsp;&nbsp;&nbsp;ec11_handle
</UL>

<P><STRONG><a name="[a2]"></a>EC11_Scan</STRONG> (Thumb, 692 bytes, Stack size 16 bytes, encoderec11.o(.text.EC11_Scan))
<BR><BR>[Stack]<UL><LI>Max Depth = 40<LI>Call Chain = EC11_Scan &rArr; EC11_ReadPin &rArr; gpio_input_data_bit_read
</UL>
<BR>[Calls]<UL><LI><a href="#[a0]">&gt;&gt;</a>&nbsp;&nbsp;&nbsp;EC11_ReadPin
</UL>
<BR>[Called By]<UL><LI><a href="#[f8]">&gt;&gt;</a>&nbsp;&nbsp;&nbsp;ec11_handle
</UL>

<P><STRONG><a name="[b2]"></a>EventRecorderEnable</STRONG> (Thumb, 146 bytes, Stack size 28 bytes, eventrecorder.o(.text.EventRecorderEnable))
<BR><BR>[Stack]<UL><LI>Max Depth = 28<LI>Call Chain = EventRecorderEnable
</UL>
<BR>[Called By]<UL><LI><a href="#[ac]">&gt;&gt;</a>&nbsp;&nbsp;&nbsp;EventRecorderInitialize
</UL>

<P><STRONG><a name="[ac]"></a>EventRecorderInitialize</STRONG> (Thumb, 478 bytes, Stack size 48 bytes, eventrecorder.o(.text.EventRecorderInitialize))
<BR><BR>[Stack]<UL><LI>Max Depth = 168<LI>Call Chain = EventRecorderInitialize &rArr; EventRecorderStart &rArr; EventGetTS &rArr; EventRecorderTimerGetCount &rArr; get_system_ticks &rArr; check_systick
</UL>
<BR>[Calls]<UL><LI><a href="#[af]">&gt;&gt;</a>&nbsp;&nbsp;&nbsp;__aeabi_memclr8
<LI><a href="#[ad]">&gt;&gt;</a>&nbsp;&nbsp;&nbsp;__aeabi_memclr4
<LI><a href="#[b3]">&gt;&gt;</a>&nbsp;&nbsp;&nbsp;EventRecorderStart
<LI><a href="#[b2]">&gt;&gt;</a>&nbsp;&nbsp;&nbsp;EventRecorderEnable
<LI><a href="#[b1]">&gt;&gt;</a>&nbsp;&nbsp;&nbsp;EventRecorderTimerGetFreq
<LI><a href="#[b0]">&gt;&gt;</a>&nbsp;&nbsp;&nbsp;EventRecorderTimerSetup
<LI><a href="#[a6]">&gt;&gt;</a>&nbsp;&nbsp;&nbsp;EventRecordItem
<LI><a href="#[a3]">&gt;&gt;</a>&nbsp;&nbsp;&nbsp;EventGetTS
<LI><a href="#[ae]">&gt;&gt;</a>&nbsp;&nbsp;&nbsp;crc16_ccitt
</UL>
<BR>[Called By]<UL><LI><a href="#[5e]">&gt;&gt;</a>&nbsp;&nbsp;&nbsp;main
</UL>

<P><STRONG><a name="[b3]"></a>EventRecorderStart</STRONG> (Thumb, 74 bytes, Stack size 24 bytes, eventrecorder.o(.text.EventRecorderStart))
<BR><BR>[Stack]<UL><LI>Max Depth = 120<LI>Call Chain = EventRecorderStart &rArr; EventGetTS &rArr; EventRecorderTimerGetCount &rArr; get_system_ticks &rArr; check_systick
</UL>
<BR>[Calls]<UL><LI><a href="#[a6]">&gt;&gt;</a>&nbsp;&nbsp;&nbsp;EventRecordItem
<LI><a href="#[a3]">&gt;&gt;</a>&nbsp;&nbsp;&nbsp;EventGetTS
</UL>
<BR>[Called By]<UL><LI><a href="#[ac]">&gt;&gt;</a>&nbsp;&nbsp;&nbsp;EventRecorderInitialize
</UL>

<P><STRONG><a name="[a4]"></a>EventRecorderTimerGetCount</STRONG> (Thumb, 8 bytes, Stack size 8 bytes, perf_counter.o(.text.EventRecorderTimerGetCount))
<BR><BR>[Stack]<UL><LI>Max Depth = 64<LI>Call Chain = EventRecorderTimerGetCount &rArr; get_system_ticks &rArr; check_systick
</UL>
<BR>[Calls]<UL><LI><a href="#[b4]">&gt;&gt;</a>&nbsp;&nbsp;&nbsp;get_system_ticks
</UL>
<BR>[Called By]<UL><LI><a href="#[a3]">&gt;&gt;</a>&nbsp;&nbsp;&nbsp;EventGetTS
</UL>

<P><STRONG><a name="[b1]"></a>EventRecorderTimerGetFreq</STRONG> (Thumb, 8 bytes, Stack size 8 bytes, perf_counter.o(.text.EventRecorderTimerGetFreq))
<BR><BR>[Stack]<UL><LI>Max Depth = 8<LI>Call Chain = EventRecorderTimerGetFreq
</UL>
<BR>[Calls]<UL><LI><a href="#[b5]">&gt;&gt;</a>&nbsp;&nbsp;&nbsp;perfc_port_get_system_timer_freq
</UL>
<BR>[Called By]<UL><LI><a href="#[ac]">&gt;&gt;</a>&nbsp;&nbsp;&nbsp;EventRecorderInitialize
</UL>

<P><STRONG><a name="[b0]"></a>EventRecorderTimerSetup</STRONG> (Thumb, 4 bytes, Stack size 0 bytes, perf_counter.o(.text.EventRecorderTimerSetup))
<BR><BR>[Called By]<UL><LI><a href="#[ac]">&gt;&gt;</a>&nbsp;&nbsp;&nbsp;EventRecorderInitialize
</UL>

<P><STRONG><a name="[c]"></a>F</STRONG> (Thumb, 36 bytes, Stack size 16 bytes, led_handle.o(.text.F))
<BR><BR>[Stack]<UL><LI>Max Depth = 24<LI>Call Chain = F &rArr; gpio_bits_set
</UL>
<BR>[Calls]<UL><LI><a href="#[94]">&gt;&gt;</a>&nbsp;&nbsp;&nbsp;gpio_bits_set
<LI><a href="#[95]">&gt;&gt;</a>&nbsp;&nbsp;&nbsp;gpio_bits_reset
</UL>
<BR>[Address Reference Count : 2]<UL><LI> led_handle.o(.data.TAST_BUFF)
<LI> led_handle.o(.data.TAST)
</UL>
<P><STRONG><a name="[12b]"></a>FWDS201_Init</STRONG> (Thumb, 376 bytes, Stack size 20 bytes, ds201_handle.o(.text.FWDS201_Init))
<BR><BR>[Stack]<UL><LI>Max Depth = 20<LI>Call Chain = FWDS201_Init
</UL>
<BR>[Called By]<UL><LI><a href="#[5e]">&gt;&gt;</a>&nbsp;&nbsp;&nbsp;main
</UL>

<P><STRONG><a name="[b6]"></a>FlashProc</STRONG> (Thumb, 2904 bytes, Stack size 32 bytes, flash_handle.o(.text.FlashProc))
<BR><BR>[Stack]<UL><LI>Max Depth = 84<LI>Call Chain = FlashProc &rArr; flash_halfword_program &rArr; flash_operation_wait_for &rArr; flash_operation_status_get
</UL>
<BR>[Calls]<UL><LI><a href="#[bf]">&gt;&gt;</a>&nbsp;&nbsp;&nbsp;flash_halfword_program
<LI><a href="#[c0]">&gt;&gt;</a>&nbsp;&nbsp;&nbsp;flash_lock
<LI><a href="#[be]">&gt;&gt;</a>&nbsp;&nbsp;&nbsp;flash_sector_erase
<LI><a href="#[bd]">&gt;&gt;</a>&nbsp;&nbsp;&nbsp;flash_unlock
<LI><a href="#[9a]">&gt;&gt;</a>&nbsp;&nbsp;&nbsp;__aeabi_fcmpeq
<LI><a href="#[8c]">&gt;&gt;</a>&nbsp;&nbsp;&nbsp;__aeabi_i2f
<LI><a href="#[97]">&gt;&gt;</a>&nbsp;&nbsp;&nbsp;__aeabi_f2iz
<LI><a href="#[bc]">&gt;&gt;</a>&nbsp;&nbsp;&nbsp;check_data_all
<LI><a href="#[bb]">&gt;&gt;</a>&nbsp;&nbsp;&nbsp;get_reset_data
<LI><a href="#[ba]">&gt;&gt;</a>&nbsp;&nbsp;&nbsp;get_data_from_b
<LI><a href="#[b9]">&gt;&gt;</a>&nbsp;&nbsp;&nbsp;get_data_from_a
<LI><a href="#[b7]">&gt;&gt;</a>&nbsp;&nbsp;&nbsp;data_check_len
<LI><a href="#[b8]">&gt;&gt;</a>&nbsp;&nbsp;&nbsp;flash_wred_halfword
</UL>
<BR>[Called By]<UL><LI><a href="#[68]">&gt;&gt;</a>&nbsp;&nbsp;&nbsp;flash_task
</UL>

<P><STRONG><a name="[d]"></a>H</STRONG> (Thumb, 36 bytes, Stack size 16 bytes, led_handle.o(.text.H))
<BR><BR>[Stack]<UL><LI>Max Depth = 24<LI>Call Chain = H &rArr; gpio_bits_set
</UL>
<BR>[Calls]<UL><LI><a href="#[94]">&gt;&gt;</a>&nbsp;&nbsp;&nbsp;gpio_bits_set
<LI><a href="#[95]">&gt;&gt;</a>&nbsp;&nbsp;&nbsp;gpio_bits_reset
</UL>
<BR>[Address Reference Count : 2]<UL><LI> led_handle.o(.data.TAST_BUFF)
<LI> led_handle.o(.data.TAST)
</UL>
<P><STRONG><a name="[1f]"></a>HardFault_Handler</STRONG> (Thumb, 4 bytes, Stack size 0 bytes, at32f415_int.o(.text.HardFault_Handler))
<BR>[Address Reference Count : 1]<UL><LI> startup_at32f415.o(RESET)
</UL>
<P><STRONG><a name="[20]"></a>MemManage_Handler</STRONG> (Thumb, 4 bytes, Stack size 0 bytes, at32f415_int.o(.text.MemManage_Handler))
<BR>[Address Reference Count : 1]<UL><LI> startup_at32f415.o(RESET)
</UL>
<P><STRONG><a name="[1e]"></a>NMI_Handler</STRONG> (Thumb, 2 bytes, Stack size 0 bytes, at32f415_int.o(.text.NMI_Handler))
<BR>[Address Reference Count : 1]<UL><LI> startup_at32f415.o(RESET)
</UL>
<P><STRONG><a name="[10]"></a>P</STRONG> (Thumb, 36 bytes, Stack size 16 bytes, led_handle.o(.text.P))
<BR><BR>[Stack]<UL><LI>Max Depth = 24<LI>Call Chain = P &rArr; gpio_bits_set
</UL>
<BR>[Calls]<UL><LI><a href="#[94]">&gt;&gt;</a>&nbsp;&nbsp;&nbsp;gpio_bits_set
<LI><a href="#[95]">&gt;&gt;</a>&nbsp;&nbsp;&nbsp;gpio_bits_reset
</UL>
<BR>[Address Reference Count : 2]<UL><LI> led_handle.o(.data.TAST_BUFF)
<LI> led_handle.o(.data.TAST)
</UL>
<P><STRONG><a name="[ea]"></a>PID_Clear</STRONG> (Thumb, 30 bytes, Stack size 4 bytes, pid_handle.o(.text.PID_Clear))
<BR><BR>[Stack]<UL><LI>Max Depth = 4<LI>Call Chain = PID_Clear
</UL>
<BR>[Called By]<UL><LI><a href="#[dd]">&gt;&gt;</a>&nbsp;&nbsp;&nbsp;air_pwm_control
</UL>

<P><STRONG><a name="[13c]"></a>PID_Clear_I</STRONG> (Thumb, 14 bytes, Stack size 4 bytes, pid_handle.o(.text.PID_Clear_I))
<BR><BR>[Stack]<UL><LI>Max Depth = 4<LI>Call Chain = PID_Clear_I
</UL>
<BR>[Called By]<UL><LI><a href="#[d6]">&gt;&gt;</a>&nbsp;&nbsp;&nbsp;sol_pwm_control
</UL>

<P><STRONG><a name="[12a]"></a>PID_Init</STRONG> (Thumb, 70 bytes, Stack size 16 bytes, pid_handle.o(.text.PID_Init))
<BR><BR>[Stack]<UL><LI>Max Depth = 16<LI>Call Chain = PID_Init
</UL>
<BR>[Called By]<UL><LI><a href="#[5e]">&gt;&gt;</a>&nbsp;&nbsp;&nbsp;main
</UL>

<P><STRONG><a name="[c2]"></a>PID_Position_Calc</STRONG> (Thumb, 296 bytes, Stack size 40 bytes, pid_handle.o(.text.PID_Position_Calc))
<BR><BR>[Stack]<UL><LI>Max Depth = 60<LI>Call Chain = PID_Position_Calc &rArr; __aeabi_fadd &rArr; _float_epilogue
</UL>
<BR>[Calls]<UL><LI><a href="#[7e]">&gt;&gt;</a>&nbsp;&nbsp;&nbsp;__aeabi_fadd
<LI><a href="#[c6]">&gt;&gt;</a>&nbsp;&nbsp;&nbsp;__aeabi_fcmple
<LI><a href="#[c3]">&gt;&gt;</a>&nbsp;&nbsp;&nbsp;__aeabi_fcmpgt
<LI><a href="#[c5]">&gt;&gt;</a>&nbsp;&nbsp;&nbsp;abs_limit
<LI><a href="#[c7]">&gt;&gt;</a>&nbsp;&nbsp;&nbsp;__aeabi_fcmpge
<LI><a href="#[81]">&gt;&gt;</a>&nbsp;&nbsp;&nbsp;__aeabi_fsub
<LI><a href="#[9b]">&gt;&gt;</a>&nbsp;&nbsp;&nbsp;__aeabi_fmul
<LI><a href="#[c4]">&gt;&gt;</a>&nbsp;&nbsp;&nbsp;__aeabi_fcmplt
</UL>
<BR>[Called By]<UL><LI><a href="#[dd]">&gt;&gt;</a>&nbsp;&nbsp;&nbsp;air_pwm_control
<LI><a href="#[d6]">&gt;&gt;</a>&nbsp;&nbsp;&nbsp;sol_pwm_control
</UL>

<P><STRONG><a name="[25]"></a>PendSV_Handler</STRONG> (Thumb, 2 bytes, Stack size 0 bytes, at32f415_int.o(.text.PendSV_Handler))
<BR>[Address Reference Count : 1]<UL><LI> startup_at32f415.o(RESET)
</UL>
<P><STRONG><a name="[23]"></a>SVC_Handler</STRONG> (Thumb, 2 bytes, Stack size 0 bytes, at32f415_int.o(.text.SVC_Handler))
<BR>[Address Reference Count : 1]<UL><LI> startup_at32f415.o(RESET)
</UL>
<P><STRONG><a name="[62]"></a>$Super$$SysTick_Handler</STRONG> (Thumb, 570 bytes, Stack size 24 bytes, at32f415_int.o(.text.SysTick_Handler))
<BR><BR>[Stack]<UL><LI>Max Depth = 136<LI>Call Chain = $Super$$SysTick_Handler &rArr; sol_sleep_control &rArr; __aeabi_dadd &rArr; _double_epilogue &rArr; _double_round
</UL>
<BR>[Calls]<UL><LI><a href="#[c6]">&gt;&gt;</a>&nbsp;&nbsp;&nbsp;__aeabi_fcmple
<LI><a href="#[c3]">&gt;&gt;</a>&nbsp;&nbsp;&nbsp;__aeabi_fcmpgt
<LI><a href="#[90]">&gt;&gt;</a>&nbsp;&nbsp;&nbsp;__aeabi_d2f
<LI><a href="#[8b]">&gt;&gt;</a>&nbsp;&nbsp;&nbsp;__aeabi_ddiv
<LI><a href="#[84]">&gt;&gt;</a>&nbsp;&nbsp;&nbsp;__aeabi_dadd
<LI><a href="#[8a]">&gt;&gt;</a>&nbsp;&nbsp;&nbsp;__aeabi_dmul
<LI><a href="#[8e]">&gt;&gt;</a>&nbsp;&nbsp;&nbsp;__aeabi_ui2d
<LI><a href="#[d9]">&gt;&gt;</a>&nbsp;&nbsp;&nbsp;get_adcval
<LI><a href="#[d8]">&gt;&gt;</a>&nbsp;&nbsp;&nbsp;tmr_counter_enable
<LI><a href="#[d7]">&gt;&gt;</a>&nbsp;&nbsp;&nbsp;__aeabi_f2uiz
<LI><a href="#[d6]">&gt;&gt;</a>&nbsp;&nbsp;&nbsp;sol_pwm_control
<LI><a href="#[d5]">&gt;&gt;</a>&nbsp;&nbsp;&nbsp;check_sol_over_current
<LI><a href="#[d4]">&gt;&gt;</a>&nbsp;&nbsp;&nbsp;delay_us
<LI><a href="#[d3]">&gt;&gt;</a>&nbsp;&nbsp;&nbsp;tmr_channel_value_set
<LI><a href="#[d2]">&gt;&gt;</a>&nbsp;&nbsp;&nbsp;sol_sleep_control
<LI><a href="#[d1]">&gt;&gt;</a>&nbsp;&nbsp;&nbsp;sol_rpc_control
<LI><a href="#[d0]">&gt;&gt;</a>&nbsp;&nbsp;&nbsp;led_handle
<LI><a href="#[cf]">&gt;&gt;</a>&nbsp;&nbsp;&nbsp;fan_control
<LI><a href="#[ce]">&gt;&gt;</a>&nbsp;&nbsp;&nbsp;wk_timebase_handler
<LI><a href="#[cd]">&gt;&gt;</a>&nbsp;&nbsp;&nbsp;USART1_TimeOutCounter
</UL>
<BR>[Address Reference Count : 1]<UL><LI> systick_wrapper_gnu.o(.text)
</UL>
<P><STRONG><a name="[5f]"></a>SystemInit</STRONG> (Thumb, 210 bytes, Stack size 0 bytes, system_at32f415.o(.text.SystemInit))
<BR>[Address Reference Count : 1]<UL><LI> startup_at32f415.o(.text)
</UL>
<P><STRONG><a name="[43]"></a>TMR2_GLOBAL_IRQHandler</STRONG> (Thumb, 58 bytes, Stack size 16 bytes, at32f415_int.o(.text.TMR2_GLOBAL_IRQHandler))
<BR><BR>[Stack]<UL><LI>Max Depth = 36<LI>Call Chain = TMR2_GLOBAL_IRQHandler &rArr; __aeabi_fadd &rArr; _float_epilogue
</UL>
<BR>[Calls]<UL><LI><a href="#[db]">&gt;&gt;</a>&nbsp;&nbsp;&nbsp;tmr_flag_clear
<LI><a href="#[7e]">&gt;&gt;</a>&nbsp;&nbsp;&nbsp;__aeabi_fadd
<LI><a href="#[da]">&gt;&gt;</a>&nbsp;&nbsp;&nbsp;tmr_interrupt_flag_get
</UL>
<BR>[Address Reference Count : 1]<UL><LI> startup_at32f415.o(RESET)
</UL>
<P><STRONG><a name="[44]"></a>TMR3_GLOBAL_IRQHandler</STRONG> (Thumb, 160 bytes, Stack size 16 bytes, at32f415_int.o(.text.TMR3_GLOBAL_IRQHandler))
<BR><BR>[Stack]<UL><LI>Max Depth = 140<LI>Call Chain = TMR3_GLOBAL_IRQHandler &rArr; air_pwm_control &rArr; move_average_filter &rArr; get_adcval &rArr; adc_ordinary_channel_set
</UL>
<BR>[Calls]<UL><LI><a href="#[dd]">&gt;&gt;</a>&nbsp;&nbsp;&nbsp;air_pwm_control
<LI><a href="#[dc]">&gt;&gt;</a>&nbsp;&nbsp;&nbsp;tmr_flag_get
<LI><a href="#[db]">&gt;&gt;</a>&nbsp;&nbsp;&nbsp;tmr_flag_clear
<LI><a href="#[c3]">&gt;&gt;</a>&nbsp;&nbsp;&nbsp;__aeabi_fcmpgt
<LI><a href="#[d8]">&gt;&gt;</a>&nbsp;&nbsp;&nbsp;tmr_counter_enable
<LI><a href="#[d7]">&gt;&gt;</a>&nbsp;&nbsp;&nbsp;__aeabi_f2uiz
<LI><a href="#[d3]">&gt;&gt;</a>&nbsp;&nbsp;&nbsp;tmr_channel_value_set
</UL>
<BR>[Address Reference Count : 1]<UL><LI> startup_at32f415.o(RESET)
</UL>
<P><STRONG><a name="[4c]"></a>USART1_IRQHandler</STRONG> (Thumb, 194 bytes, Stack size 16 bytes, at32_usart.o(.text.USART1_IRQHandler))
<BR><BR>[Stack]<UL><LI>Max Depth = 44<LI>Call Chain = USART1_IRQHandler &rArr; queue_read &rArr; queue_isEmpty
</UL>
<BR>[Calls]<UL><LI><a href="#[e1]">&gt;&gt;</a>&nbsp;&nbsp;&nbsp;usart_flag_clear
<LI><a href="#[de]">&gt;&gt;</a>&nbsp;&nbsp;&nbsp;usart_flag_get
<LI><a href="#[df]">&gt;&gt;</a>&nbsp;&nbsp;&nbsp;usart_data_receive
<LI><a href="#[e3]">&gt;&gt;</a>&nbsp;&nbsp;&nbsp;usart_data_transmit
<LI><a href="#[e2]">&gt;&gt;</a>&nbsp;&nbsp;&nbsp;queue_read
<LI><a href="#[e0]">&gt;&gt;</a>&nbsp;&nbsp;&nbsp;queue_write
</UL>
<BR>[Address Reference Count : 1]<UL><LI> startup_at32f415.o(RESET)
</UL>
<P><STRONG><a name="[cd]"></a>USART1_TimeOutCounter</STRONG> (Thumb, 94 bytes, Stack size 0 bytes, at32_usart.o(.text.USART1_TimeOutCounter))
<BR><BR>[Called By]<UL><LI><a href="#[62]">&gt;&gt;</a>&nbsp;&nbsp;&nbsp;$Super$$SysTick_Handler
</UL>

<P><STRONG><a name="[22]"></a>UsageFault_Handler</STRONG> (Thumb, 4 bytes, Stack size 0 bytes, at32f415_int.o(.text.UsageFault_Handler))
<BR>[Address Reference Count : 1]<UL><LI> startup_at32f415.o(RESET)
</UL>
<P><STRONG><a name="[72]"></a>__perf_counter_init</STRONG> (Thumb, 10 bytes, Stack size 8 bytes, perf_counter.o(.text.__perf_counter_init))
<BR><BR>[Stack]<UL><LI>Max Depth = 112<LI>Call Chain = __perf_counter_init &rArr; init_cycle_counter &rArr; update_perf_counter &rArr; get_system_ticks &rArr; check_systick
</UL>
<BR>[Calls]<UL><LI><a href="#[e6]">&gt;&gt;</a>&nbsp;&nbsp;&nbsp;init_cycle_counter
</UL>
<BR>[Address Reference Count : 1]<UL><LI> perf_counter.o(.init_array)
</UL>
<P><STRONG><a name="[115]"></a>__perf_os_patch_init</STRONG> (Thumb, 2 bytes, Stack size 0 bytes, perf_counter.o(.text.__perf_os_patch_init))
<BR><BR>[Called By]<UL><LI><a href="#[e6]">&gt;&gt;</a>&nbsp;&nbsp;&nbsp;init_cycle_counter
</UL>

<P><STRONG><a name="[c5]"></a>abs_limit</STRONG> (Thumb, 58 bytes, Stack size 16 bytes, pid_handle.o(.text.abs_limit))
<BR><BR>[Stack]<UL><LI>Max Depth = 16<LI>Call Chain = abs_limit
</UL>
<BR>[Calls]<UL><LI><a href="#[c6]">&gt;&gt;</a>&nbsp;&nbsp;&nbsp;__aeabi_fcmple
<LI><a href="#[c7]">&gt;&gt;</a>&nbsp;&nbsp;&nbsp;__aeabi_fcmpge
</UL>
<BR>[Called By]<UL><LI><a href="#[c2]">&gt;&gt;</a>&nbsp;&nbsp;&nbsp;PID_Position_Calc
</UL>

<P><STRONG><a name="[144]"></a>adc_base_config</STRONG> (Thumb, 100 bytes, Stack size 8 bytes, at32f415_adc.o(.text.adc_base_config))
<BR><BR>[Stack]<UL><LI>Max Depth = 8<LI>Call Chain = adc_base_config
</UL>
<BR>[Called By]<UL><LI><a href="#[122]">&gt;&gt;</a>&nbsp;&nbsp;&nbsp;wk_adc1_init
</UL>

<P><STRONG><a name="[143]"></a>adc_base_default_para_init</STRONG> (Thumb, 28 bytes, Stack size 4 bytes, at32f415_adc.o(.text.adc_base_default_para_init))
<BR><BR>[Stack]<UL><LI>Max Depth = 4<LI>Call Chain = adc_base_default_para_init
</UL>
<BR>[Called By]<UL><LI><a href="#[122]">&gt;&gt;</a>&nbsp;&nbsp;&nbsp;wk_adc1_init
</UL>

<P><STRONG><a name="[148]"></a>adc_calibration_init</STRONG> (Thumb, 18 bytes, Stack size 4 bytes, at32f415_adc.o(.text.adc_calibration_init))
<BR><BR>[Stack]<UL><LI>Max Depth = 4<LI>Call Chain = adc_calibration_init
</UL>
<BR>[Called By]<UL><LI><a href="#[122]">&gt;&gt;</a>&nbsp;&nbsp;&nbsp;wk_adc1_init
</UL>

<P><STRONG><a name="[149]"></a>adc_calibration_init_status_get</STRONG> (Thumb, 40 bytes, Stack size 8 bytes, at32f415_adc.o(.text.adc_calibration_init_status_get))
<BR><BR>[Stack]<UL><LI>Max Depth = 8<LI>Call Chain = adc_calibration_init_status_get
</UL>
<BR>[Called By]<UL><LI><a href="#[122]">&gt;&gt;</a>&nbsp;&nbsp;&nbsp;wk_adc1_init
</UL>

<P><STRONG><a name="[14a]"></a>adc_calibration_start</STRONG> (Thumb, 18 bytes, Stack size 4 bytes, at32f415_adc.o(.text.adc_calibration_start))
<BR><BR>[Stack]<UL><LI>Max Depth = 4<LI>Call Chain = adc_calibration_start
</UL>
<BR>[Called By]<UL><LI><a href="#[122]">&gt;&gt;</a>&nbsp;&nbsp;&nbsp;wk_adc1_init
</UL>

<P><STRONG><a name="[14b]"></a>adc_calibration_status_get</STRONG> (Thumb, 40 bytes, Stack size 8 bytes, at32f415_adc.o(.text.adc_calibration_status_get))
<BR><BR>[Stack]<UL><LI>Max Depth = 8<LI>Call Chain = adc_calibration_status_get
</UL>
<BR>[Called By]<UL><LI><a href="#[122]">&gt;&gt;</a>&nbsp;&nbsp;&nbsp;wk_adc1_init
</UL>

<P><STRONG><a name="[147]"></a>adc_enable</STRONG> (Thumb, 26 bytes, Stack size 8 bytes, at32f415_adc.o(.text.adc_enable))
<BR><BR>[Stack]<UL><LI>Max Depth = 8<LI>Call Chain = adc_enable
</UL>
<BR>[Called By]<UL><LI><a href="#[122]">&gt;&gt;</a>&nbsp;&nbsp;&nbsp;wk_adc1_init
</UL>

<P><STRONG><a name="[104]"></a>adc_flag_get</STRONG> (Thumb, 52 bytes, Stack size 8 bytes, at32f415_adc.o(.text.adc_flag_get))
<BR><BR>[Stack]<UL><LI>Max Depth = 8<LI>Call Chain = adc_flag_get
</UL>
<BR>[Called By]<UL><LI><a href="#[d9]">&gt;&gt;</a>&nbsp;&nbsp;&nbsp;get_adcval
</UL>

<P><STRONG><a name="[102]"></a>adc_ordinary_channel_set</STRONG> (Thumb, 354 bytes, Stack size 12 bytes, at32f415_adc.o(.text.adc_ordinary_channel_set))
<BR><BR>[Stack]<UL><LI>Max Depth = 12<LI>Call Chain = adc_ordinary_channel_set
</UL>
<BR>[Called By]<UL><LI><a href="#[d9]">&gt;&gt;</a>&nbsp;&nbsp;&nbsp;get_adcval
<LI><a href="#[122]">&gt;&gt;</a>&nbsp;&nbsp;&nbsp;wk_adc1_init
</UL>

<P><STRONG><a name="[105]"></a>adc_ordinary_conversion_data_get</STRONG> (Thumb, 14 bytes, Stack size 4 bytes, at32f415_adc.o(.text.adc_ordinary_conversion_data_get))
<BR><BR>[Stack]<UL><LI>Max Depth = 4<LI>Call Chain = adc_ordinary_conversion_data_get
</UL>
<BR>[Called By]<UL><LI><a href="#[d9]">&gt;&gt;</a>&nbsp;&nbsp;&nbsp;get_adcval
</UL>

<P><STRONG><a name="[145]"></a>adc_ordinary_conversion_trigger_set</STRONG> (Thumb, 116 bytes, Stack size 8 bytes, at32f415_adc.o(.text.adc_ordinary_conversion_trigger_set))
<BR><BR>[Stack]<UL><LI>Max Depth = 8<LI>Call Chain = adc_ordinary_conversion_trigger_set
</UL>
<BR>[Called By]<UL><LI><a href="#[122]">&gt;&gt;</a>&nbsp;&nbsp;&nbsp;wk_adc1_init
</UL>

<P><STRONG><a name="[146]"></a>adc_ordinary_part_mode_enable</STRONG> (Thumb, 34 bytes, Stack size 8 bytes, at32f415_adc.o(.text.adc_ordinary_part_mode_enable))
<BR><BR>[Stack]<UL><LI>Max Depth = 8<LI>Call Chain = adc_ordinary_part_mode_enable
</UL>
<BR>[Called By]<UL><LI><a href="#[122]">&gt;&gt;</a>&nbsp;&nbsp;&nbsp;wk_adc1_init
</UL>

<P><STRONG><a name="[103]"></a>adc_ordinary_software_trigger_enable</STRONG> (Thumb, 34 bytes, Stack size 8 bytes, at32f415_adc.o(.text.adc_ordinary_software_trigger_enable))
<BR><BR>[Stack]<UL><LI>Max Depth = 8<LI>Call Chain = adc_ordinary_software_trigger_enable
</UL>
<BR>[Called By]<UL><LI><a href="#[d9]">&gt;&gt;</a>&nbsp;&nbsp;&nbsp;get_adcval
</UL>

<P><STRONG><a name="[142]"></a>adc_tempersensor_vintrv_enable</STRONG> (Thumb, 38 bytes, Stack size 4 bytes, at32f415_adc.o(.text.adc_tempersensor_vintrv_enable))
<BR><BR>[Stack]<UL><LI>Max Depth = 4<LI>Call Chain = adc_tempersensor_vintrv_enable
</UL>
<BR>[Called By]<UL><LI><a href="#[122]">&gt;&gt;</a>&nbsp;&nbsp;&nbsp;wk_adc1_init
</UL>

<P><STRONG><a name="[e7]"></a>air_ec11_event_handle</STRONG> (Thumb, 538 bytes, Stack size 32 bytes, ec11_handle.o(.text.air_ec11_event_handle))
<BR><BR>[Stack]<UL><LI>Max Depth = 52<LI>Call Chain = air_ec11_event_handle &rArr; __aeabi_fadd &rArr; _float_epilogue
</UL>
<BR>[Calls]<UL><LI><a href="#[7e]">&gt;&gt;</a>&nbsp;&nbsp;&nbsp;__aeabi_fadd
<LI><a href="#[c6]">&gt;&gt;</a>&nbsp;&nbsp;&nbsp;__aeabi_fcmple
<LI><a href="#[c7]">&gt;&gt;</a>&nbsp;&nbsp;&nbsp;__aeabi_fcmpge
<LI><a href="#[81]">&gt;&gt;</a>&nbsp;&nbsp;&nbsp;__aeabi_fsub
</UL>
<BR>[Called By]<UL><LI><a href="#[f8]">&gt;&gt;</a>&nbsp;&nbsp;&nbsp;ec11_handle
</UL>

<P><STRONG><a name="[fc]"></a>air_ec11_get_event</STRONG> (Thumb, 238 bytes, Stack size 8 bytes, ec11_handle.o(.text.air_ec11_get_event))
<BR><BR>[Stack]<UL><LI>Max Depth = 8<LI>Call Chain = air_ec11_get_event
</UL>
<BR>[Called By]<UL><LI><a href="#[f8]">&gt;&gt;</a>&nbsp;&nbsp;&nbsp;ec11_handle
</UL>

<P><STRONG><a name="[dd]"></a>air_pwm_control</STRONG> (Thumb, 1020 bytes, Stack size 56 bytes, output_handle.o(.text.air_pwm_control))
<BR><BR>[Stack]<UL><LI>Max Depth = 124<LI>Call Chain = air_pwm_control &rArr; move_average_filter &rArr; get_adcval &rArr; adc_ordinary_channel_set
</UL>
<BR>[Calls]<UL><LI><a href="#[7e]">&gt;&gt;</a>&nbsp;&nbsp;&nbsp;__aeabi_fadd
<LI><a href="#[c6]">&gt;&gt;</a>&nbsp;&nbsp;&nbsp;__aeabi_fcmple
<LI><a href="#[c3]">&gt;&gt;</a>&nbsp;&nbsp;&nbsp;__aeabi_fcmpgt
<LI><a href="#[ea]">&gt;&gt;</a>&nbsp;&nbsp;&nbsp;PID_Clear
<LI><a href="#[c2]">&gt;&gt;</a>&nbsp;&nbsp;&nbsp;PID_Position_Calc
<LI><a href="#[e9]">&gt;&gt;</a>&nbsp;&nbsp;&nbsp;move_average_filter
<LI><a href="#[e8]">&gt;&gt;</a>&nbsp;&nbsp;&nbsp;linear_correction
<LI><a href="#[8d]">&gt;&gt;</a>&nbsp;&nbsp;&nbsp;__aeabi_ui2f
<LI><a href="#[9a]">&gt;&gt;</a>&nbsp;&nbsp;&nbsp;__aeabi_fcmpeq
<LI><a href="#[8c]">&gt;&gt;</a>&nbsp;&nbsp;&nbsp;__aeabi_i2f
<LI><a href="#[97]">&gt;&gt;</a>&nbsp;&nbsp;&nbsp;__aeabi_f2iz
<LI><a href="#[c7]">&gt;&gt;</a>&nbsp;&nbsp;&nbsp;__aeabi_fcmpge
<LI><a href="#[81]">&gt;&gt;</a>&nbsp;&nbsp;&nbsp;__aeabi_fsub
<LI><a href="#[9b]">&gt;&gt;</a>&nbsp;&nbsp;&nbsp;__aeabi_fmul
<LI><a href="#[c4]">&gt;&gt;</a>&nbsp;&nbsp;&nbsp;__aeabi_fcmplt
</UL>
<BR>[Called By]<UL><LI><a href="#[44]">&gt;&gt;</a>&nbsp;&nbsp;&nbsp;TMR3_GLOBAL_IRQHandler
</UL>

<P><STRONG><a name="[eb]"></a>air_temp_ec11_event_handle</STRONG> (Thumb, 1924 bytes, Stack size 128 bytes, ec11_handle.o(.text.air_temp_ec11_event_handle))
<BR><BR>[Stack]<UL><LI>Max Depth = 148<LI>Call Chain = air_temp_ec11_event_handle &rArr; __aeabi_fadd &rArr; _float_epilogue
</UL>
<BR>[Calls]<UL><LI><a href="#[7e]">&gt;&gt;</a>&nbsp;&nbsp;&nbsp;__aeabi_fadd
<LI><a href="#[c3]">&gt;&gt;</a>&nbsp;&nbsp;&nbsp;__aeabi_fcmpgt
<LI><a href="#[81]">&gt;&gt;</a>&nbsp;&nbsp;&nbsp;__aeabi_fsub
<LI><a href="#[83]">&gt;&gt;</a>&nbsp;&nbsp;&nbsp;__aeabi_fdiv
<LI><a href="#[9b]">&gt;&gt;</a>&nbsp;&nbsp;&nbsp;__aeabi_fmul
<LI><a href="#[c4]">&gt;&gt;</a>&nbsp;&nbsp;&nbsp;__aeabi_fcmplt
</UL>
<BR>[Called By]<UL><LI><a href="#[f8]">&gt;&gt;</a>&nbsp;&nbsp;&nbsp;ec11_handle
</UL>

<P><STRONG><a name="[f9]"></a>air_temp_ec11_get_event</STRONG> (Thumb, 700 bytes, Stack size 12 bytes, ec11_handle.o(.text.air_temp_ec11_get_event))
<BR><BR>[Stack]<UL><LI>Max Depth = 12<LI>Call Chain = air_temp_ec11_get_event
</UL>
<BR>[Called By]<UL><LI><a href="#[f8]">&gt;&gt;</a>&nbsp;&nbsp;&nbsp;ec11_handle
</UL>

<P><STRONG><a name="[ec]"></a>beep_handle</STRONG> (Thumb, 68 bytes, Stack size 8 bytes, beep_handle.o(.text.beep_handle))
<BR><BR>[Stack]<UL><LI>Max Depth = 24<LI>Call Chain = beep_handle &rArr; BeepProc
</UL>
<BR>[Calls]<UL><LI><a href="#[ed]">&gt;&gt;</a>&nbsp;&nbsp;&nbsp;BeepProc
</UL>
<BR>[Called By]<UL><LI><a href="#[66]">&gt;&gt;</a>&nbsp;&nbsp;&nbsp;beep_task
</UL>

<P><STRONG><a name="[66]"></a>beep_task</STRONG> (Thumb, 140 bytes, Stack size 8 bytes, main.o(.text.beep_task))
<BR><BR>[Stack]<UL><LI>Max Depth = 32<LI>Call Chain = beep_task &rArr; beep_handle &rArr; BeepProc
</UL>
<BR>[Calls]<UL><LI><a href="#[ec]">&gt;&gt;</a>&nbsp;&nbsp;&nbsp;beep_handle
</UL>
<BR>[Address Reference Count : 1]<UL><LI> main.o(.text.main)
</UL>
<P><STRONG><a name="[11]"></a>celsius</STRONG> (Thumb, 36 bytes, Stack size 16 bytes, led_handle.o(.text.celsius))
<BR><BR>[Stack]<UL><LI>Max Depth = 24<LI>Call Chain = celsius &rArr; gpio_bits_set
</UL>
<BR>[Calls]<UL><LI><a href="#[94]">&gt;&gt;</a>&nbsp;&nbsp;&nbsp;gpio_bits_set
<LI><a href="#[95]">&gt;&gt;</a>&nbsp;&nbsp;&nbsp;gpio_bits_reset
</UL>
<BR>[Address Reference Count : 2]<UL><LI> led_handle.o(.data.TAST_BUFF)
<LI> led_handle.o(.data.TAST)
</UL>
<P><STRONG><a name="[bc]"></a>check_data_all</STRONG> (Thumb, 1246 bytes, Stack size 8 bytes, flash_handle.o(.text.check_data_all))
<BR><BR>[Stack]<UL><LI>Max Depth = 8<LI>Call Chain = check_data_all
</UL>
<BR>[Calls]<UL><LI><a href="#[c3]">&gt;&gt;</a>&nbsp;&nbsp;&nbsp;__aeabi_fcmpgt
<LI><a href="#[c7]">&gt;&gt;</a>&nbsp;&nbsp;&nbsp;__aeabi_fcmpge
</UL>
<BR>[Called By]<UL><LI><a href="#[b6]">&gt;&gt;</a>&nbsp;&nbsp;&nbsp;FlashProc
</UL>

<P><STRONG><a name="[d5]"></a>check_sol_over_current</STRONG> (Thumb, 84 bytes, Stack size 8 bytes, output_handle.o(.text.check_sol_over_current))
<BR><BR>[Stack]<UL><LI>Max Depth = 44<LI>Call Chain = check_sol_over_current &rArr; get_adcval &rArr; adc_ordinary_channel_set
</UL>
<BR>[Calls]<UL><LI><a href="#[c6]">&gt;&gt;</a>&nbsp;&nbsp;&nbsp;__aeabi_fcmple
<LI><a href="#[d9]">&gt;&gt;</a>&nbsp;&nbsp;&nbsp;get_adcval
<LI><a href="#[8d]">&gt;&gt;</a>&nbsp;&nbsp;&nbsp;__aeabi_ui2f
</UL>
<BR>[Called By]<UL><LI><a href="#[62]">&gt;&gt;</a>&nbsp;&nbsp;&nbsp;$Super$$SysTick_Handler
</UL>

<P><STRONG><a name="[ca]"></a>convert_data</STRONG> (Thumb, 226 bytes, Stack size 44 bytes, at32_usart.o(.text.convert_data))
<BR><BR>[Stack]<UL><LI>Max Depth = 44<LI>Call Chain = convert_data
</UL>
<BR>[Called By]<UL><LI><a href="#[e4]">&gt;&gt;</a>&nbsp;&nbsp;&nbsp;WriteDataToPC
<LI><a href="#[c8]">&gt;&gt;</a>&nbsp;&nbsp;&nbsp;RecvDataFromPC
</UL>

<P><STRONG><a name="[cb]"></a>crc_block_calculate</STRONG> (Thumb, 66 bytes, Stack size 12 bytes, at32f415_crc.o(.text.crc_block_calculate))
<BR><BR>[Stack]<UL><LI>Max Depth = 12<LI>Call Chain = crc_block_calculate
</UL>
<BR>[Called By]<UL><LI><a href="#[e4]">&gt;&gt;</a>&nbsp;&nbsp;&nbsp;WriteDataToPC
<LI><a href="#[c8]">&gt;&gt;</a>&nbsp;&nbsp;&nbsp;RecvDataFromPC
</UL>

<P><STRONG><a name="[cc]"></a>crc_data_reset</STRONG> (Thumb, 18 bytes, Stack size 0 bytes, at32f415_crc.o(.text.crc_data_reset))
<BR><BR>[Called By]<UL><LI><a href="#[e4]">&gt;&gt;</a>&nbsp;&nbsp;&nbsp;WriteDataToPC
<LI><a href="#[c8]">&gt;&gt;</a>&nbsp;&nbsp;&nbsp;RecvDataFromPC
<LI><a href="#[126]">&gt;&gt;</a>&nbsp;&nbsp;&nbsp;wk_crc_init
</UL>

<P><STRONG><a name="[14c]"></a>crc_init_data_set</STRONG> (Thumb, 20 bytes, Stack size 4 bytes, at32f415_crc.o(.text.crc_init_data_set))
<BR><BR>[Stack]<UL><LI>Max Depth = 4<LI>Call Chain = crc_init_data_set
</UL>
<BR>[Called By]<UL><LI><a href="#[126]">&gt;&gt;</a>&nbsp;&nbsp;&nbsp;wk_crc_init
</UL>

<P><STRONG><a name="[14d]"></a>crc_poly_size_set</STRONG> (Thumb, 38 bytes, Stack size 4 bytes, at32f415_crc.o(.text.crc_poly_size_set))
[...]
<BR><BR>[Called By]<UL><LI><a href="#[110]">&gt;&gt;</a>&nbsp;&nbsp;&nbsp;nvic_system_reset
</UL>

<P><STRONG><a name="[12d]"></a>__NVIC_GetPriorityGrouping</STRONG> (Thumb, 16 bytes, Stack size 0 bytes, at32f415_misc.o(.text.__NVIC_GetPriorityGrouping))
<BR><BR>[Called By]<UL><LI><a href="#[12c]">&gt;&gt;</a>&nbsp;&nbsp;&nbsp;nvic_irq_enable
</UL>

<P><STRONG><a name="[12e]"></a>NVIC_EncodePriority</STRONG> (Thumb, 108 bytes, Stack size 32 bytes, at32f415_misc.o(.text.NVIC_EncodePriority))
<BR><BR>[Stack]<UL><LI>Max Depth = 32<LI>Call Chain = NVIC_EncodePriority
</UL>
<BR>[Called By]<UL><LI><a href="#[12c]">&gt;&gt;</a>&nbsp;&nbsp;&nbsp;nvic_irq_enable
</UL>

<P><STRONG><a name="[12f]"></a>__NVIC_SetPriority</STRONG> (Thumb, 66 bytes, Stack size 8 bytes, at32f415_misc.o(.text.__NVIC_SetPriority))
<BR><BR>[Stack]<UL><LI>Max Depth = 8<LI>Call Chain = __NVIC_SetPriority
</UL>
<BR>[Called By]<UL><LI><a href="#[12c]">&gt;&gt;</a>&nbsp;&nbsp;&nbsp;nvic_irq_enable
</UL>

<P><STRONG><a name="[130]"></a>__NVIC_EnableIRQ</STRONG> (Thumb, 48 bytes, Stack size 4 bytes, at32f415_misc.o(.text.__NVIC_EnableIRQ))
<BR><BR>[Stack]<UL><LI>Max Depth = 4<LI>Call Chain = __NVIC_EnableIRQ
</UL>
<BR>[Called By]<UL><LI><a href="#[12c]">&gt;&gt;</a>&nbsp;&nbsp;&nbsp;nvic_irq_enable
</UL>

<P><STRONG><a name="[132]"></a>__NVIC_SetPriorityGrouping</STRONG> (Thumb, 60 bytes, Stack size 12 bytes, at32f415_misc.o(.text.__NVIC_SetPriorityGrouping))
<BR><BR>[Stack]<UL><LI>Max Depth = 12<LI>Call Chain = __NVIC_SetPriorityGrouping
</UL>
<BR>[Called By]<UL><LI><a href="#[131]">&gt;&gt;</a>&nbsp;&nbsp;&nbsp;nvic_priority_group_config
</UL>

<P><STRONG><a name="[6c]"></a>tmt_run</STRONG> (Thumb, 178 bytes, Stack size 16 bytes, tmt.o(.text.tmt_run))
<BR><BR>[Stack]<UL><LI>Max Depth = 16<LI>Call Chain = tmt_run
</UL>
<BR>[Address Reference Count : 1]<UL><LI> tmt.o(.text.tmt_init)
</UL>
<P><STRONG><a name="[6d]"></a>tmt_update_tick</STRONG> (Thumb, 106 bytes, Stack size 4 bytes, tmt.o(.text.tmt_update_tick))
<BR><BR>[Stack]<UL><LI>Max Depth = 4<LI>Call Chain = tmt_update_tick
</UL>
<BR>[Address Reference Count : 1]<UL><LI> tmt.o(.text.tmt_init)
</UL>
<P><STRONG><a name="[6e]"></a>tmt_create</STRONG> (Thumb, 136 bytes, Stack size 12 bytes, tmt.o(.text.tmt_create))
<BR><BR>[Stack]<UL><LI>Max Depth = 12<LI>Call Chain = tmt_create
</UL>
<BR>[Address Reference Count : 1]<UL><LI> tmt.o(.text.tmt_init)
</UL>
<P><STRONG><a name="[6f]"></a>tmt_delete</STRONG> (Thumb, 300 bytes, Stack size 16 bytes, tmt.o(.text.tmt_delete))
<BR><BR>[Stack]<UL><LI>Max Depth = 16<LI>Call Chain = tmt_delete
</UL>
<BR>[Address Reference Count : 1]<UL><LI> tmt.o(.text.tmt_init)
</UL>
<P><STRONG><a name="[70]"></a>tmt_time_ctrl</STRONG> (Thumb, 152 bytes, Stack size 12 bytes, tmt.o(.text.tmt_time_ctrl))
<BR><BR>[Stack]<UL><LI>Max Depth = 12<LI>Call Chain = tmt_time_ctrl
</UL>
<BR>[Address Reference Count : 1]<UL><LI> tmt.o(.text.tmt_init)
</UL>
<P><STRONG><a name="[71]"></a>tmt_run_ctrl</STRONG> (Thumb, 134 bytes, Stack size 12 bytes, tmt.o(.text.tmt_run_ctrl))
<BR><BR>[Stack]<UL><LI>Max Depth = 12<LI>Call Chain = tmt_run_ctrl
</UL>
<BR>[Address Reference Count : 1]<UL><LI> tmt.o(.text.tmt_init)
</UL>
<P><STRONG><a name="[c8]"></a>RecvDataFromPC</STRONG> (Thumb, 266 bytes, Stack size 16 bytes, pc_comm_handle.o(.text.RecvDataFromPC))
<BR><BR>[Stack]<UL><LI>Max Depth = 76<LI>Call Chain = RecvDataFromPC &rArr; usart_receiveData &rArr; queue_read &rArr; queue_isEmpty
</UL>
<BR>[Calls]<UL><LI><a href="#[ca]">&gt;&gt;</a>&nbsp;&nbsp;&nbsp;convert_data
<LI><a href="#[c9]">&gt;&gt;</a>&nbsp;&nbsp;&nbsp;usart_receiveData
<LI><a href="#[cb]">&gt;&gt;</a>&nbsp;&nbsp;&nbsp;crc_block_calculate
<LI><a href="#[cc]">&gt;&gt;</a>&nbsp;&nbsp;&nbsp;crc_data_reset
</UL>
<BR>[Called By]<UL><LI><a href="#[136]">&gt;&gt;</a>&nbsp;&nbsp;&nbsp;pc_comm_handle
</UL>

<P><STRONG><a name="[e4]"></a>WriteDataToPC</STRONG> (Thumb, 346 bytes, Stack size 56 bytes, pc_comm_handle.o(.text.WriteDataToPC))
<BR><BR>[Stack]<UL><LI>Max Depth = 116<LI>Call Chain = WriteDataToPC &rArr; usart_sendData &rArr; queue_read &rArr; queue_isEmpty
</UL>
<BR>[Calls]<UL><LI><a href="#[e5]">&gt;&gt;</a>&nbsp;&nbsp;&nbsp;usart_sendData
<LI><a href="#[ca]">&gt;&gt;</a>&nbsp;&nbsp;&nbsp;convert_data
<LI><a href="#[cb]">&gt;&gt;</a>&nbsp;&nbsp;&nbsp;crc_block_calculate
<LI><a href="#[cc]">&gt;&gt;</a>&nbsp;&nbsp;&nbsp;crc_data_reset
</UL>
<BR>[Called By]<UL><LI><a href="#[137]">&gt;&gt;</a>&nbsp;&nbsp;&nbsp;pc_event_handle
</UL>

<P><STRONG><a name="[109]"></a>get_key</STRONG> (Thumb, 1414 bytes, Stack size 48 bytes, key_handle.o(.text.get_key))
<BR><BR>[Stack]<UL><LI>Max Depth = 72<LI>Call Chain = get_key &rArr; key_event_check
</UL>
<BR>[Calls]<UL><LI><a href="#[7e]">&gt;&gt;</a>&nbsp;&nbsp;&nbsp;__aeabi_fadd
<LI><a href="#[10a]">&gt;&gt;</a>&nbsp;&nbsp;&nbsp;key_event_check
<LI><a href="#[1a]">&gt;&gt;</a>&nbsp;&nbsp;&nbsp;get_sol_ch3
<LI><a href="#[19]">&gt;&gt;</a>&nbsp;&nbsp;&nbsp;get_sol_ch2
<LI><a href="#[18]">&gt;&gt;</a>&nbsp;&nbsp;&nbsp;get_sol_ch1
<LI><a href="#[17]">&gt;&gt;</a>&nbsp;&nbsp;&nbsp;get_air_ch3
<LI><a href="#[16]">&gt;&gt;</a>&nbsp;&nbsp;&nbsp;get_air_ch2
<LI><a href="#[15]">&gt;&gt;</a>&nbsp;&nbsp;&nbsp;get_air_ch1
<LI><a href="#[83]">&gt;&gt;</a>&nbsp;&nbsp;&nbsp;__aeabi_fdiv
<LI><a href="#[9b]">&gt;&gt;</a>&nbsp;&nbsp;&nbsp;__aeabi_fmul
</UL>
<BR>[Called By]<UL><LI><a href="#[116]">&gt;&gt;</a>&nbsp;&nbsp;&nbsp;key_handle
</UL>

<P><STRONG><a name="[15]"></a>get_air_ch1</STRONG> (Thumb, 46 bytes, Stack size 16 bytes, key_handle.o(.text.get_air_ch1))
<BR><BR>[Stack]<UL><LI>Max Depth = 24<LI>Call Chain = get_air_ch1 &rArr; gpio_input_data_bit_read
</UL>
<BR>[Calls]<UL><LI><a href="#[a1]">&gt;&gt;</a>&nbsp;&nbsp;&nbsp;gpio_input_data_bit_read
</UL>
<BR>[Called By]<UL><LI><a href="#[109]">&gt;&gt;</a>&nbsp;&nbsp;&nbsp;get_key
</UL>
<BR>[Address Reference Count : 1]<UL><LI> key_handle.o(.data.keys)
</UL>
<P><STRONG><a name="[16]"></a>get_air_ch2</STRONG> (Thumb, 46 bytes, Stack size 16 bytes, key_handle.o(.text.get_air_ch2))
<BR><BR>[Stack]<UL><LI>Max Depth = 24<LI>Call Chain = get_air_ch2 &rArr; gpio_input_data_bit_read
</UL>
<BR>[Calls]<UL><LI><a href="#[a1]">&gt;&gt;</a>&nbsp;&nbsp;&nbsp;gpio_input_data_bit_read
</UL>
<BR>[Called By]<UL><LI><a href="#[109]">&gt;&gt;</a>&nbsp;&nbsp;&nbsp;get_key
</UL>
<BR>[Address Reference Count : 1]<UL><LI> key_handle.o(.data.keys)
</UL>
<P><STRONG><a name="[17]"></a>get_air_ch3</STRONG> (Thumb, 46 bytes, Stack size 16 bytes, key_handle.o(.text.get_air_ch3))
<BR><BR>[Stack]<UL><LI>Max Depth = 24<LI>Call Chain = get_air_ch3 &rArr; gpio_input_data_bit_read
</UL>
<BR>[Calls]<UL><LI><a href="#[a1]">&gt;&gt;</a>&nbsp;&nbsp;&nbsp;gpio_input_data_bit_read
</UL>
<BR>[Called By]<UL><LI><a href="#[109]">&gt;&gt;</a>&nbsp;&nbsp;&nbsp;get_key
</UL>
<BR>[Address Reference Count : 1]<UL><LI> key_handle.o(.data.keys)
</UL>
<P><STRONG><a name="[18]"></a>get_sol_ch1</STRONG> (Thumb, 46 bytes, Stack size 16 bytes, key_handle.o(.text.get_sol_ch1))
<BR><BR>[Stack]<UL><LI>Max Depth = 24<LI>Call Chain = get_sol_ch1 &rArr; gpio_input_data_bit_read
</UL>
<BR>[Calls]<UL><LI><a href="#[a1]">&gt;&gt;</a>&nbsp;&nbsp;&nbsp;gpio_input_data_bit_read
</UL>
<BR>[Called By]<UL><LI><a href="#[109]">&gt;&gt;</a>&nbsp;&nbsp;&nbsp;get_key
</UL>
<BR>[Address Reference Count : 1]<UL><LI> key_handle.o(.data.keys)
</UL>
<P><STRONG><a name="[19]"></a>get_sol_ch2</STRONG> (Thumb, 46 bytes, Stack size 16 bytes, key_handle.o(.text.get_sol_ch2))
<BR><BR>[Stack]<UL><LI>Max Depth = 24<LI>Call Chain = get_sol_ch2 &rArr; gpio_input_data_bit_read
</UL>
<BR>[Calls]<UL><LI><a href="#[a1]">&gt;&gt;</a>&nbsp;&nbsp;&nbsp;gpio_input_data_bit_read
</UL>
<BR>[Called By]<UL><LI><a href="#[109]">&gt;&gt;</a>&nbsp;&nbsp;&nbsp;get_key
</UL>
<BR>[Address Reference Count : 1]<UL><LI> key_handle.o(.data.keys)
</UL>
<P><STRONG><a name="[1a]"></a>get_sol_ch3</STRONG> (Thumb, 46 bytes, Stack size 16 bytes, key_handle.o(.text.get_sol_ch3))
<BR><BR>[Stack]<UL><LI>Max Depth = 24<LI>Call Chain = get_sol_ch3 &rArr; gpio_input_data_bit_read
</UL>
<BR>[Calls]<UL><LI><a href="#[a1]">&gt;&gt;</a>&nbsp;&nbsp;&nbsp;gpio_input_data_bit_read
</UL>
<BR>[Called By]<UL><LI><a href="#[109]">&gt;&gt;</a>&nbsp;&nbsp;&nbsp;get_key
</UL>
<BR>[Address Reference Count : 1]<UL><LI> key_handle.o(.data.keys)
</UL>
<P><STRONG><a name="[107]"></a>get_air_handle_position</STRONG> (Thumb, 48 bytes, Stack size 16 bytes, output_handle.o(.text.get_air_handle_position))
<BR><BR>[Stack]<UL><LI>Max Depth = 24<LI>Call Chain = get_air_handle_position &rArr; gpio_input_data_bit_read
</UL>
<BR>[Calls]<UL><LI><a href="#[a1]">&gt;&gt;</a>&nbsp;&nbsp;&nbsp;gpio_input_data_bit_read
</UL>
<BR>[Called By]<UL><LI><a href="#[134]">&gt;&gt;</a>&nbsp;&nbsp;&nbsp;output_handle
</UL>

<P><STRONG><a name="[108]"></a>get_air_handle_work_state</STRONG> (Thumb, 550 bytes, Stack size 16 bytes, output_handle.o(.text.get_air_handle_work_state))
<BR><BR>[Stack]<UL><LI>Max Depth = 16<LI>Call Chain = get_air_handle_work_state
</UL>
<BR>[Calls]<UL><LI><a href="#[c3]">&gt;&gt;</a>&nbsp;&nbsp;&nbsp;__aeabi_fcmpgt
<LI><a href="#[9a]">&gt;&gt;</a>&nbsp;&nbsp;&nbsp;__aeabi_fcmpeq
</UL>
<BR>[Called By]<UL><LI><a href="#[134]">&gt;&gt;</a>&nbsp;&nbsp;&nbsp;output_handle
</UL>

<P><STRONG><a name="[106]"></a>get_air_handle_error_state</STRONG> (Thumb, 468 bytes, Stack size 24 bytes, output_handle.o(.text.get_air_handle_error_state))
<BR><BR>[Stack]<UL><LI>Max Depth = 24<LI>Call Chain = get_air_handle_error_state
</UL>
<BR>[Calls]<UL><LI><a href="#[c3]">&gt;&gt;</a>&nbsp;&nbsp;&nbsp;__aeabi_fcmpgt
<LI><a href="#[c7]">&gt;&gt;</a>&nbsp;&nbsp;&nbsp;__aeabi_fcmpge
<LI><a href="#[c4]">&gt;&gt;</a>&nbsp;&nbsp;&nbsp;__aeabi_fcmplt
</UL>
<BR>[Called By]<UL><LI><a href="#[134]">&gt;&gt;</a>&nbsp;&nbsp;&nbsp;output_handle
</UL>

<P><STRONG><a name="[135]"></a>relay_control</STRONG> (Thumb, 180 bytes, Stack size 16 bytes, output_handle.o(.text.relay_control))
<BR><BR>[Stack]<UL><LI>Max Depth = 24<LI>Call Chain = relay_control &rArr; gpio_bits_set
</UL>
<BR>[Calls]<UL><LI><a href="#[94]">&gt;&gt;</a>&nbsp;&nbsp;&nbsp;gpio_bits_set
<LI><a href="#[95]">&gt;&gt;</a>&nbsp;&nbsp;&nbsp;gpio_bits_reset
</UL>
<BR>[Called By]<UL><LI><a href="#[134]">&gt;&gt;</a>&nbsp;&nbsp;&nbsp;output_handle
</UL>

<P><STRONG><a name="[10c]"></a>get_sol_handle_state</STRONG> (Thumb, 230 bytes, Stack size 8 bytes, output_handle.o(.text.get_sol_handle_state))
<BR><BR>[Stack]<UL><LI>Max Depth = 16<LI>Call Chain = get_sol_handle_state &rArr; gpio_input_data_bit_read
</UL>
<BR>[Calls]<UL><LI><a href="#[a1]">&gt;&gt;</a>&nbsp;&nbsp;&nbsp;gpio_input_data_bit_read
</UL>
<BR>[Called By]<UL><LI><a href="#[134]">&gt;&gt;</a>&nbsp;&nbsp;&nbsp;output_handle
</UL>

<P><STRONG><a name="[10b]"></a>get_sol_handle_error_state</STRONG> (Thumb, 416 bytes, Stack size 8 bytes, output_handle.o(.text.get_sol_handle_error_state))
<BR><BR>[Stack]<UL><LI>Max Depth = 8<LI>Call Chain = get_sol_handle_error_state
</UL>
<BR>[Calls]<UL><LI><a href="#[c6]">&gt;&gt;</a>&nbsp;&nbsp;&nbsp;__aeabi_fcmple
<LI><a href="#[c3]">&gt;&gt;</a>&nbsp;&nbsp;&nbsp;__aeabi_fcmpgt
<LI><a href="#[c7]">&gt;&gt;</a>&nbsp;&nbsp;&nbsp;__aeabi_fcmpge
<LI><a href="#[c4]">&gt;&gt;</a>&nbsp;&nbsp;&nbsp;__aeabi_fcmplt
</UL>
<BR>[Called By]<UL><LI><a href="#[134]">&gt;&gt;</a>&nbsp;&nbsp;&nbsp;output_handle
</UL>

<P><STRONG><a name="[1b]"></a>beep_on</STRONG> (Thumb, 18 bytes, Stack size 8 bytes, beep.o(.text.beep_on))
<BR><BR>[Stack]<UL><LI>Max Depth = 16<LI>Call Chain = beep_on &rArr; gpio_bits_set
</UL>
<BR>[Calls]<UL><LI><a href="#[94]">&gt;&gt;</a>&nbsp;&nbsp;&nbsp;gpio_bits_set
</UL>
<BR>[Address Reference Count : 1]<UL><LI> beep.o(.data.sbeep)
</UL>
<P><STRONG><a name="[1c]"></a>beep_off</STRONG> (Thumb, 18 bytes, Stack size 8 bytes, beep.o(.text.beep_off))
<BR><BR>[Stack]<UL><LI>Max Depth = 16<LI>Call Chain = beep_off &rArr; gpio_bits_reset
</UL>
<BR>[Calls]<UL><LI><a href="#[95]">&gt;&gt;</a>&nbsp;&nbsp;&nbsp;gpio_bits_reset
</UL>
<BR>[Address Reference Count : 1]<UL><LI> beep.o(.data.sbeep)
</UL>
<P><STRONG><a name="[a0]"></a>EC11_ReadPin</STRONG> (Thumb, 32 bytes, Stack size 16 bytes, encoderec11.o(.text.EC11_ReadPin))
<BR><BR>[Stack]<UL><LI>Max Depth = 24<LI>Call Chain = EC11_ReadPin &rArr; gpio_input_data_bit_read
</UL>
<BR>[Calls]<UL><LI><a href="#[a1]">&gt;&gt;</a>&nbsp;&nbsp;&nbsp;gpio_input_data_bit_read
</UL>
<BR>[Called By]<UL><LI><a href="#[a2]">&gt;&gt;</a>&nbsp;&nbsp;&nbsp;EC11_Scan
</UL>

<P><STRONG><a name="[9e]"></a>EC11_CheckRotationSpeed</STRONG> (Thumb, 50 bytes, Stack size 8 bytes, encoderec11.o(.text.EC11_CheckRotationSpeed))
<BR><BR>[Stack]<UL><LI>Max Depth = 8<LI>Call Chain = EC11_CheckRotationSpeed
</UL>
<BR>[Called By]<UL><LI><a href="#[9d]">&gt;&gt;</a>&nbsp;&nbsp;&nbsp;EC11_Analyze
</UL>

<P><STRONG><a name="[9f]"></a>EC11_ResetKeyState</STRONG> (Thumb, 34 bytes, Stack size 4 bytes, encoderec11.o(.text.EC11_ResetKeyState))
<BR><BR>[Stack]<UL><LI>Max Depth = 4<LI>Call Chain = EC11_ResetKeyState
</UL>
<BR>[Called By]<UL><LI><a href="#[9d]">&gt;&gt;</a>&nbsp;&nbsp;&nbsp;EC11_Analyze
</UL>

<P><STRONG><a name="[ae]"></a>crc16_ccitt</STRONG> (Thumb, 130 bytes, Stack size 16 bytes, eventrecorder.o(.text.crc16_ccitt))
<BR><BR>[Stack]<UL><LI>Max Depth = 16<LI>Call Chain = crc16_ccitt
</UL>
<BR>[Called By]<UL><LI><a href="#[ac]">&gt;&gt;</a>&nbsp;&nbsp;&nbsp;EventRecorderInitialize
</UL>

<P><STRONG><a name="[a3]"></a>EventGetTS</STRONG> (Thumb, 154 bytes, Stack size 32 bytes, eventrecorder.o(.text.EventGetTS))
<BR><BR>[Stack]<UL><LI>Max Depth = 96<LI>Call Chain = EventGetTS &rArr; EventRecorderTimerGetCount &rArr; get_system_ticks &rArr; check_systick
</UL>
<BR>[Calls]<UL><LI><a href="#[a4]">&gt;&gt;</a>&nbsp;&nbsp;&nbsp;EventRecorderTimerGetCount
<LI><a href="#[a5]">&gt;&gt;</a>&nbsp;&nbsp;&nbsp;atomic_cmp_xch_32
</UL>
<BR>[Called By]<UL><LI><a href="#[ac]">&gt;&gt;</a>&nbsp;&nbsp;&nbsp;EventRecorderInitialize
<LI><a href="#[b3]">&gt;&gt;</a>&nbsp;&nbsp;&nbsp;EventRecorderStart
</UL>

<P><STRONG><a name="[a6]"></a>EventRecordItem</STRONG> (Thumb, 240 bytes, Stack size 56 bytes, eventrecorder.o(.text.EventRecordItem))
<BR><BR>[Stack]<UL><LI>Max Depth = 92<LI>Call Chain = EventRecordItem &rArr; IncrementRecordsDumped &rArr; atomic_inc_32
</UL>
<BR>[Calls]<UL><LI><a href="#[ab]">&gt;&gt;</a>&nbsp;&nbsp;&nbsp;IncrementRecordsDumped
<LI><a href="#[aa]">&gt;&gt;</a>&nbsp;&nbsp;&nbsp;IncrementRecordsWritten
<LI><a href="#[a9]">&gt;&gt;</a>&nbsp;&nbsp;&nbsp;UnlockRecord
<LI><a href="#[a8]">&gt;&gt;</a>&nbsp;&nbsp;&nbsp;LockRecord
<LI><a href="#[a7]">&gt;&gt;</a>&nbsp;&nbsp;&nbsp;GetRecordIndex
</UL>
<BR>[Called By]<UL><LI><a href="#[ac]">&gt;&gt;</a>&nbsp;&nbsp;&nbsp;EventRecorderInitialize
<LI><a href="#[b3]">&gt;&gt;</a>&nbsp;&nbsp;&nbsp;EventRecorderStart
</UL>

<P><STRONG><a name="[a5]"></a>atomic_cmp_xch_32</STRONG> (Thumb, 96 bytes, Stack size 32 bytes, eventrecorder.o(.text.atomic_cmp_xch_32))
<BR><BR>[Stack]<UL><LI>Max Depth = 32<LI>Call Chain = atomic_cmp_xch_32
</UL>
<BR>[Called By]<UL><LI><a href="#[a3]">&gt;&gt;</a>&nbsp;&nbsp;&nbsp;EventGetTS
</UL>

<P><STRONG><a name="[a7]"></a>GetRecordIndex</STRONG> (Thumb, 18 bytes, Stack size 8 bytes, eventrecorder.o(.text.GetRecordIndex))
<BR><BR>[Stack]<UL><LI>Max Depth = 36<LI>Call Chain = GetRecordIndex &rArr; atomic_inc_32
</UL>
<BR>[Calls]<UL><LI><a href="#[c1]">&gt;&gt;</a>&nbsp;&nbsp;&nbsp;atomic_inc_32
</UL>
<BR>[Called By]<UL><LI><a href="#[a6]">&gt;&gt;</a>&nbsp;&nbsp;&nbsp;EventRecordItem
</UL>

<P><STRONG><a name="[a8]"></a>LockRecord</STRONG> (Thumb, 140 bytes, Stack size 36 bytes, eventrecorder.o(.text.LockRecord))
<BR><BR>[Stack]<UL><LI>Max Depth = 36<LI>Call Chain = LockRecord
</UL>
<BR>[Called By]<UL><LI><a href="#[a6]">&gt;&gt;</a>&nbsp;&nbsp;&nbsp;EventRecordItem
</UL>

<P><STRONG><a name="[a9]"></a>UnlockRecord</STRONG> (Thumb, 86 bytes, Stack size 36 bytes, eventrecorder.o(.text.UnlockRecord))
<BR><BR>[Stack]<UL><LI>Max Depth = 36<LI>Call Chain = UnlockRecord
</UL>
<BR>[Called By]<UL><LI><a href="#[a6]">&gt;&gt;</a>&nbsp;&nbsp;&nbsp;EventRecordItem
</UL>

<P><STRONG><a name="[aa]"></a>IncrementRecordsWritten</STRONG> (Thumb, 18 bytes, Stack size 8 bytes, eventrecorder.o(.text.IncrementRecordsWritten))
<BR><BR>[Stack]<UL><LI>Max Depth = 36<LI>Call Chain = IncrementRecordsWritten &rArr; atomic_inc_32
</UL>
<BR>[Calls]<UL><LI><a href="#[c1]">&gt;&gt;</a>&nbsp;&nbsp;&nbsp;atomic_inc_32
</UL>
<BR>[Called By]<UL><LI><a href="#[a6]">&gt;&gt;</a>&nbsp;&nbsp;&nbsp;EventRecordItem
</UL>

<P><STRONG><a name="[ab]"></a>IncrementRecordsDumped</STRONG> (Thumb, 18 bytes, Stack size 8 bytes, eventrecorder.o(.text.IncrementRecordsDumped))
<BR><BR>[Stack]<UL><LI>Max Depth = 36<LI>Call Chain = IncrementRecordsDumped &rArr; atomic_inc_32
</UL>
<BR>[Calls]<UL><LI><a href="#[c1]">&gt;&gt;</a>&nbsp;&nbsp;&nbsp;atomic_inc_32
</UL>
<BR>[Called By]<UL><LI><a href="#[a6]">&gt;&gt;</a>&nbsp;&nbsp;&nbsp;EventRecordItem
</UL>

<P><STRONG><a name="[c1]"></a>atomic_inc_32</STRONG> (Thumb, 76 bytes, Stack size 28 bytes, eventrecorder.o(.text.atomic_inc_32))
<BR><BR>[Stack]<UL><LI>Max Depth = 28<LI>Call Chain = atomic_inc_32
</UL>
<BR>[Called By]<UL><LI><a href="#[ab]">&gt;&gt;</a>&nbsp;&nbsp;&nbsp;IncrementRecordsDumped
<LI><a href="#[aa]">&gt;&gt;</a>&nbsp;&nbsp;&nbsp;IncrementRecordsWritten
<LI><a href="#[a7]">&gt;&gt;</a>&nbsp;&nbsp;&nbsp;GetRecordIndex
</UL>

<P><STRONG><a name="[10d]"></a>perfc_port_disable_global_interrupt</STRONG> (Thumb, 20 bytes, Stack size 8 bytes, perf_counter.o(.text.perfc_port_disable_global_interrupt))
<BR><BR>[Stack]<UL><LI>Max Depth = 8<LI>Call Chain = perfc_port_disable_global_interrupt
</UL>
<BR>[Called By]<UL><LI><a href="#[e6]">&gt;&gt;</a>&nbsp;&nbsp;&nbsp;init_cycle_counter
<LI><a href="#[b4]">&gt;&gt;</a>&nbsp;&nbsp;&nbsp;get_system_ticks
<LI><a href="#[114]">&gt;&gt;</a>&nbsp;&nbsp;&nbsp;update_perf_counter
<LI><a href="#[61]">&gt;&gt;</a>&nbsp;&nbsp;&nbsp;perfc_port_insert_to_system_timer_insert_ovf_handler
</UL>

<P><STRONG><a name="[10e]"></a>perfc_port_resume_global_interrupt</STRONG> (Thumb, 18 bytes, Stack size 8 bytes, perf_counter.o(.text.perfc_port_resume_global_interrupt))
<BR><BR>[Stack]<UL><LI>Max Depth = 8<LI>Call Chain = perfc_port_resume_global_interrupt
</UL>
<BR>[Called By]<UL><LI><a href="#[e6]">&gt;&gt;</a>&nbsp;&nbsp;&nbsp;init_cycle_counter
<LI><a href="#[b4]">&gt;&gt;</a>&nbsp;&nbsp;&nbsp;get_system_ticks
<LI><a href="#[114]">&gt;&gt;</a>&nbsp;&nbsp;&nbsp;update_perf_counter
<LI><a href="#[61]">&gt;&gt;</a>&nbsp;&nbsp;&nbsp;perfc_port_insert_to_system_timer_insert_ovf_handler
</UL>

<P><STRONG><a name="[ee]"></a>check_systick</STRONG> (Thumb, 66 bytes, Stack size 24 bytes, perf_counter.o(.text.check_systick))
<BR><BR>[Stack]<UL><LI>Max Depth = 24<LI>Call Chain = check_systick
</UL>
<BR>[Calls]<UL><LI><a href="#[ef]">&gt;&gt;</a>&nbsp;&nbsp;&nbsp;perfc_port_get_system_timer_elapsed
<LI><a href="#[f0]">&gt;&gt;</a>&nbsp;&nbsp;&nbsp;perfc_port_is_system_timer_ovf_pending
<LI><a href="#[f1]">&gt;&gt;</a>&nbsp;&nbsp;&nbsp;perfc_port_get_system_timer_top
</UL>
<BR>[Called By]<UL><LI><a href="#[b4]">&gt;&gt;</a>&nbsp;&nbsp;&nbsp;get_system_ticks
</UL>

<P><STRONG><a name="[138]"></a>perfc_port_disable_global_interrupt</STRONG> (Thumb, 20 bytes, Stack size 8 bytes, perfc_port_default.o(.text.perfc_port_disable_global_interrupt))
<BR><BR>[Stack]<UL><LI>Max Depth = 8<LI>Call Chain = perfc_port_disable_global_interrupt
</UL>
<BR>[Called By]<UL><LI><a href="#[112]">&gt;&gt;</a>&nbsp;&nbsp;&nbsp;perfc_port_init_system_timer
</UL>

<P><STRONG><a name="[139]"></a>perfc_port_resume_global_interrupt</STRONG> (Thumb, 18 bytes, Stack size 8 bytes, perfc_port_default.o(.text.perfc_port_resume_global_interrupt))
<BR><BR>[Stack]<UL><LI>Max Depth = 8<LI>Call Chain = perfc_port_resume_global_interrupt
</UL>
<BR>[Called By]<UL><LI><a href="#[112]">&gt;&gt;</a>&nbsp;&nbsp;&nbsp;perfc_port_init_system_timer
</UL>
<P>
<H3>
Undefined Global Symbols
</H3><HR></body></html>
